Component: ARM Compiler 5.05 update 1 (build 106) Tool: armlink [4d0efa]

==============================================================================

Section Cross References

    stm32f0xx_adc.o(.text) refers to stm32f0xx_rcc.o(.text) for RCC_APB2PeriphResetCmd
    stm32f0xx_cec.o(.text) refers to stm32f0xx_rcc.o(.text) for RCC_APB1PeriphResetCmd
    stm32f0xx_dac.o(.text) refers to stm32f0xx_rcc.o(.text) for RCC_APB1PeriphResetCmd
    stm32f0xx_gpio.o(.text) refers to stm32f0xx_rcc.o(.text) for RCC_AHBPeriphResetCmd
    stm32f0xx_i2c.o(.text) refers to stm32f0xx_rcc.o(.text) for RCC_APB1PeriphResetCmd
    stm32f0xx_pwr.o(.text) refers to stm32f0xx_rcc.o(.text) for RCC_APB1PeriphResetCmd
    stm32f0xx_rcc.o(.text) refers to aeabi_sdiv.o(.text) for __aeabi_uidivmod
    stm32f0xx_rcc.o(.text) refers to stm32f0xx_rcc.o(.data) for APBAHBPrescTable
    stm32f0xx_spi.o(.text) refers to stm32f0xx_rcc.o(.text) for RCC_APB2PeriphResetCmd
    stm32f0xx_spi.o(.text) refers to aeabi_sdiv.o(.text) for __aeabi_uidivmod
    stm32f0xx_tim.o(.text) refers to stm32f0xx_rcc.o(.text) for RCC_APB2PeriphResetCmd
    stm32f0xx_usart.o(.text) refers to stm32f0xx_rcc.o(.text) for RCC_APB2PeriphResetCmd
    stm32f0xx_usart.o(.text) refers to aeabi_sdiv.o(.text) for __aeabi_uidivmod
    stm32f0xx_wwdg.o(.text) refers to stm32f0xx_rcc.o(.text) for RCC_APB1PeriphResetCmd
    startup_stm32f0xx.o(STACK) refers (Special) to heapauxi.o(.text) for __use_two_region_memory
    startup_stm32f0xx.o(HEAP) refers (Special) to heapauxi.o(.text) for __use_two_region_memory
    startup_stm32f0xx.o(RESET) refers (Special) to heapauxi.o(.text) for __use_two_region_memory
    startup_stm32f0xx.o(RESET) refers to startup_stm32f0xx.o(STACK) for __initial_sp
    startup_stm32f0xx.o(RESET) refers to startup_stm32f0xx.o(.text) for Reset_Handler
    startup_stm32f0xx.o(RESET) refers to stm32f0xx_it.o(.text) for NMI_Handler
    startup_stm32f0xx.o(.text) refers (Special) to heapauxi.o(.text) for __use_two_region_memory
    startup_stm32f0xx.o(.text) refers to system_stm32f0xx.o(.text) for SystemInit
    startup_stm32f0xx.o(.text) refers to __main.o(!!!main) for __main
    startup_stm32f0xx.o(.text) refers to startup_stm32f0xx.o(HEAP) for Heap_Mem
    startup_stm32f0xx.o(.text) refers to startup_stm32f0xx.o(STACK) for Stack_Mem
    system_stm32f0xx.o(.text) refers to aeabi_sdiv.o(.text) for __aeabi_uidivmod
    system_stm32f0xx.o(.text) refers to system_stm32f0xx.o(.data) for SystemCoreClock
    main.o(.text) refers to autonetapis.o(.text) for Autonet_Initialization
    main.o(.text) refers to stm32f0xx_it.o(.text) for Timer_Beacon
    main.o(.text) refers to st.o(.text) for Delay
    main.o(.text) refers to txrx.o(.text) for Group_Process
    main.o(.text) refers to main.o(.data) for _radio_freq
    stm32f0xx_it.o(.text) refers to stm32f0xx_usart.o(.text) for USART_GetITStatus
    stm32f0xx_it.o(.text) refers to rt_memcpy.o(.text) for __aeabi_memcpy
    stm32f0xx_it.o(.text) refers to stm32f0xx_exti.o(.text) for EXTI_GetITStatus
    stm32f0xx_it.o(.text) refers to us2400apis.o(.text) for Us2400ReadShortReg
    stm32f0xx_it.o(.text) refers to stm32f0xx_i2c.o(.text) for I2C_GetITStatus
    stm32f0xx_it.o(.text) refers to stm32f0xx_it.o(.data) for timer_period_Beacon
    stm32f0xx_it.o(.text) refers to stm32f0xx_it.o(.bss) for timer_period
    stm32f0xx_it.o(.text) refers to st.o(.data) for TimObj
    stm32f0xx_it.o(.text) refers to com.o(.bss) for UartRxBuffer
    stm32f0xx_it.o(.text) refers to com.o(.data) for UartRxCount
    stm32f0xx_it.o(.text) refers to mcp2120apis.o(.bss) for CommandRxBuffer
    stm32f0xx_it.o(.text) refers to mcp2120apis.o(.data) for CommandRxBufferLen
    stm32f0xx_it.o(.text) refers to autonetapis.o(.data) for RFTxState
    spi.o(.text) refers to stm32f0xx_rcc.o(.text) for RCC_AHBPeriphClockCmd
    spi.o(.text) refers to stm32f0xx_gpio.o(.text) for GPIO_Init
    spi.o(.text) refers to stm32f0xx_spi.o(.text) for SPI_Init
    spi.o(.text) refers to stm32f0xx_dma.o(.text) for DMA_DeInit
    st.o(.text) refers to stm32f0xx_rcc.o(.text) for RCC_GetClocksFreq
    st.o(.text) refers to aeabi_sdiv.o(.text) for __aeabi_uidivmod
    st.o(.text) refers to st.o(.data) for TimObj
    i2c.o(.text) refers to stm32f0xx_misc.o(.text) for NVIC_Init
    i2c.o(.text) refers to stm32f0xx_rcc.o(.text) for RCC_AHBPeriphClockCmd
    i2c.o(.text) refers to stm32f0xx_gpio.o(.text) for GPIO_Init
    i2c.o(.text) refers to stm32f0xx_i2c.o(.text) for I2C_Init
    ak8975apis.o(.text) refers to i2c.o(.text) for I2C_Write
    bh1750fviapis.o(.text) refers to i2c.o(.text) for I2C_Read
    bh1750fviapis.o(.text) refers to fflti.o(.text) for __aeabi_ui2f
    bh1750fviapis.o(.text) refers to f2d.o(.text) for __aeabi_f2d
    bh1750fviapis.o(.text) refers to ddiv.o(.text) for __aeabi_ddiv
    bh1750fviapis.o(.text) refers to dfixui.o(.text) for __aeabi_d2uiz
    lea6sapis.o(.text) refers to i2c.o(.text) for I2C_Read
[...]
    .ARM.Collect$$rtentry$$00000009          0x0800012e   Section        0  __rtentry2.o(.ARM.Collect$$rtentry$$00000009)
    .ARM.Collect$$rtentry$$0000000A          0x0800012e   Section        4  __rtentry2.o(.ARM.Collect$$rtentry$$0000000A)
    .ARM.Collect$$rtentry$$0000000C          0x08000132   Section        0  __rtentry2.o(.ARM.Collect$$rtentry$$0000000C)
    .ARM.Collect$$rtentry$$0000000D          0x08000132   Section        8  __rtentry2.o(.ARM.Collect$$rtentry$$0000000D)
    .ARM.Collect$$rtexit$$00000000           0x0800013a   Section        2  rtexit.o(.ARM.Collect$$rtexit$$00000000)
    .ARM.Collect$$rtexit$$00000002           0x0800013c   Section        0  rtexit2.o(.ARM.Collect$$rtexit$$00000002)
    .ARM.Collect$$rtexit$$00000003           0x0800013c   Section        4  rtexit2.o(.ARM.Collect$$rtexit$$00000003)
    .ARM.Collect$$rtexit$$00000004           0x08000140   Section        6  rtexit2.o(.ARM.Collect$$rtexit$$00000004)
    .emb_text                                0x08000148   Section       56  rt_memcpy.o(.emb_text)
    .text                                    0x08000180   Section        0  stm32f0xx_dma.o(.text)
    .text                                    0x080002f0   Section        0  stm32f0xx_exti.o(.text)
    .text                                    0x080003e8   Section        0  stm32f0xx_gpio.o(.text)
    .text                                    0x080005d8   Section        0  stm32f0xx_i2c.o(.text)
    .text                                    0x08000a70   Section        0  stm32f0xx_misc.o(.text)
    .text                                    0x08000b24   Section        0  stm32f0xx_rcc.o(.text)
    .text                                    0x0800111c   Section        0  stm32f0xx_spi.o(.text)
    .text                                    0x080014d8   Section        0  stm32f0xx_syscfg.o(.text)
    .text                                    0x080015c8   Section        0  stm32f0xx_usart.o(.text)
    .text                                    0x08001b14   Section       56  startup_stm32f0xx.o(.text)
    .text                                    0x08001b4c   Section        0  system_stm32f0xx.o(.text)
    SetSysClock                              0x08001b4d   Thumb Code   206  system_stm32f0xx.o(.text)
    .text                                    0x08001d44   Section        0  main.o(.text)
    .text                                    0x08001dec   Section        0  stm32f0xx_it.o(.text)
    .text                                    0x080021f0   Section        0  spi.o(.text)
    .text                                    0x080023ac   Section        0  st.o(.text)
    NVIC_SetPriority                         0x08002403   Thumb Code   110  st.o(.text)
    .text                                    0x08002484   Section        0  i2c.o(.text)
    .text                                    0x080026f4   Section        0  ak8975apis.o(.text)
    .text                                    0x080027e0   Section        0  lea6sapis.o(.text)
    .text                                    0x0800299c   Section        0  mcp2120apis.o(.text)
    Mcp2120ComplementCalc                    0x080029f1   Thumb Code    34  mcp2120apis.o(.text)
    .text                                    0x08002b28   Section        0  mpu6050apis.o(.text)
    .text                                    0x08003164   Section        0  us2400apis.o(.text)
    Us2400ReadLongRegBlock                   0x0800341d   Thumb Code    80  us2400apis.o(.text)
    Us2400WriteLongRegBlock                  0x0800346d   Thumb Code    78  us2400apis.o(.text)
    Us2400SetRecoveryTime                    0x0800362f   Thumb Code    52  us2400apis.o(.text)
    .text                                    0x0800383c   Section        0  txrx.o(.text)
    .text                                    0x08003fe4   Section        0  com.o(.text)
    .text                                    0x08004294   Section        0  autonetapis.o(.text)
    EXTI_Configuration                       0x080048d7   Thumb Code   100  autonetapis.o(.text)
    GPIO_Configuration                       0x0800493b   Thumb Code    56  autonetapis.o(.text)
    .text                                    0x08005008   Section        0  strstr.o(.text)
    .text                                    0x08005030   Section        0  memcmp.o(.text)
    .text                                    0x0800508c   Section        0  strlen.o(.text)
    .text                                    0x080050d0   Section        0  rt_memcpy.o(.text)
    .text                                    0x08005152   Section        0  rt_memclr.o(.text)
    .text                                    0x08005192   Section      346  aeabi_sdiv.o(.text)
    .text                                    0x080052ec   Section        0  heapauxi.o(.text)
    .text                                    0x080052f4   Section        0  d2f.o(.text)
    .text                                    0x08005370   Section        0  daddsub.o(.text)
    _dadd1                                   0x08005371   Thumb Code   290  daddsub.o(.text)
    _dsub1                                   0x08005493   Thumb Code   470  daddsub.o(.text)
    .text                                    0x080056c8   Section        0  ddiv.o(.text)
    .text                                    0x08005b10   Section        0  dfixi.o(.text)
    .text                                    0x08005b7c   Section        0  dfixui.o(.text)
    .text                                    0x08005bc4   Section        0  dflti.o(.text)
    .text                                    0x08005c1c   Section        0  dmul.o(.text)
    .text                                    0x08005e64   Section        0  f2d.o(.text)
    .text                                    0x08005eb8   Section        0  fdiv.o(.text)
    .text                                    0x08006018   Section        0  ffixi.o(.text)
    .text                                    0x08006064   Section        0  fflti.o(.text)
    .text                                    0x080060c2   Section        0  _rserrno.o(.text)
    .text                                    0x080060d8   Section        0  dscalbn.o(.text)
    .text                                    0x08006138   Section        0  dsqrt.o(.text)
    .text                                    0x08006238   Section        8  rt_errno_addr_intlibspace.o(.text)
    .text                                    0x08006240   Section        0  dcmpin.o(.text)
    .text                                    0x080062d0   Section        8  libspace.o(.text)
    .text                                    0x080062d8   Section       62  sys_stackheap_outer.o(.text)
    .text                                    0x08006316   Section        0  exit.o(.text)
    .text                                    0x08006324   Section        0  cmpret.o(.text)
    .text                                    0x08006354   Section        0  dnan2.o(.text)
    .text                                    0x08006368   Section        0  retnan.o(.text)
    .text                                    0x080063c8   Section        0  sys_exit.o(.text)
    .text                                    0x080063d4   Section        2  use_no_semi.o(.text)
    .text                                    0x080063d6   Section        0  indicate_semi.o(.text)
    .text                                    0x080063d6   Section        0  __dczerorl2.o(.text)
    i.__ARM_common_ll_muluu                  0x0800642c   Section        0  rred.o(i.__ARM_common_ll_muluu)
    i.__ARM_fpclassify                       0x08006460   Section        0  fpclassify.o(i.__ARM_fpclassify)
    i.__ieee754_rem_pio2                     0x0800648c   Section        0  rred.o(i.__ieee754_rem_pio2)
    i.__kernel_cos                           0x08006828   Section        0  cos_i.o(i.__kernel_cos)
    i.__kernel_poly                          0x0800691c   Section        0  poly.o(i.__kernel_poly)
    i.__kernel_sin                           0x080069c8   Section        0  sin_i.o(i.__kernel_sin)
    i.__mathlib_dbl_divzero                  0x08006ab4   Section        0  dunder.o(i.__mathlib_dbl_divzero)
    i.__mathlib_dbl_infnan                   0x08006ac8   Section        0  dunder.o(i.__mathlib_dbl_infnan)
    i.__mathlib_dbl_infnan2                  0x08006ad2   Section        0  dunder.o(i.__mathlib_dbl_infnan2)
    i.__mathlib_dbl_invalid                  0x08006ada   Section        0  dunder.o(i.__mathlib_dbl_invalid)
    i.__mathlib_dbl_overflow                 0x08006aec   Section        0  dunder.o(i.__mathlib_dbl_overflow)
    i.__mathlib_dbl_underflow                0x08006b00   Section        0  dunder.o(i.__mathlib_dbl_underflow)
    i.atan                                   0x08006b14   Section        0  atan.o(i.atan)
    i.atan2                                  0x08006d30   Section        0  atan2.o(i.atan2)
    i.cos                                    0x08006ea8   Section        0  cos.o(i.cos)
    i.pow                                    0x08006f40   Section        0  pow.o(i.pow)
    i.sin                                    0x080078c0   Section        0  sin.o(i.sin)
    i.sqrt                                   0x0800795c   Section        0  sqrt.o(i.sqrt)
    x$fpl$drleqf                             0x080079a4   Section      104  drlef.o(x$fpl$drleqf)
    x$fpl$fadd                               0x08007a0c   Section      140  faddsub.o(x$fpl$fadd)
    _fadd1                                   0x08007a19   Thumb Code     0  faddsub.o(x$fpl$fadd)
    x$fpl$fmul                               0x08007a98   Section      176  fmul.o(x$fpl$fmul)
    x$fpl$fsub                               0x08007b48   Section      208  faddsub.o(x$fpl$fsub)
    _fsub1                                   0x08007b55   Thumb Code     0  faddsub.o(x$fpl$fsub)
    .constdata                               0x08007c18   Section      128  ddiv.o(.constdata)
    x$fpl$usenofp                            0x08007c18   Section        0  usenofp.o(x$fpl$usenofp)
    ddiv_reciptbl                            0x08007c18   Data         128  ddiv.o(.constdata)
    .constdata                               0x08007c98   Section       64  fdiv.o(.constdata)
    fdiv_tab                                 0x08007c98   Data          64  fdiv.o(.constdata)
    .constdata                               0x08007cd8   Section      136  pow.o(.constdata)
    bp                                       0x08007cd8   Data          16  pow.o(.constdata)
    dp_h                                     0x08007ce8   Data          16  pow.o(.constdata)
    dp_l                                     0x08007cf8   Data          16  pow.o(.constdata)
    L                                        0x08007d08   Data          48  pow.o(.constdata)
    P                                        0x08007d38   Data          40  pow.o(.constdata)
    .constdata                               0x08007d60   Section      152  atan.o(.constdata)
    atanhi                                   0x08007d60   Data          32  atan.o(.constdata)
    atanlo                                   0x08007d80   Data          32  atan.o(.constdata)
    aTodd                                    0x08007da0   Data          40  atan.o(.constdata)
    aTeven                                   0x08007dc8   Data          48  atan.o(.constdata)
    .constdata                               0x08007df8   Section       48  cos_i.o(.constdata)
    C                                        0x08007df8   Data          48  cos_i.o(.constdata)
    .constdata                               0x08007e28   Section        8  qnan.o(.constdata)
    .constdata                               0x08007e30   Section      200  rred.o(.constdata)
    pio2s                                    0x08007e30   Data          48  rred.o(.constdata)
    twooverpi                                0x08007e60   Data         152  rred.o(.constdata)
    .constdata                               0x08007ef8   Section       40  sin_i.o(.constdata)
    S                                        0x08007ef8   Data          40  sin_i.o(.constdata)
    .data                                    0x20000000   Section       16  stm32f0xx_rcc.o(.data)
    APBAHBPrescTable                         0x20000000   Data          16  stm32f0xx_rcc.o(.data)
    .data                                    0x20000010   Section       20  system_stm32f0xx.o(.data)
    .data                                    0x20000024   Section       24  main.o(.data)
    ID_temp                                  0x20000038   Data           4  main.o(.data)
    .data                                    0x2000003c   Section       28  stm32f0xx_it.o(.data)
    .data                                    0x20000058   Section       68  st.o(.data)
    .data                                    0x2000009c   Section        8  lea6sapis.o(.data)
    .data                                    0x200000a4   Section       66  mcp2120apis.o(.data)
    .data                                    0x200000e8   Section       42  mpu6050apis.o(.data)
    .data                                    0x20000112   Section        3  us2400apis.o(.data)
    .data                                    0x20000118   Section       70  txrx.o(.data)
    .data                                    0x2000015e   Section        8  com.o(.data)
    .data                                    0x20000168   Section      122  autonetapis.o(.data)
    .bss                                     0x200001e4   Section       96  stm32f0xx_it.o(.bss)
    .bss                                     0x20000244   Section       64  lea6sapis.o(.bss)
    .bss                                     0x20000284   Section      128  mcp2120apis.o(.bss)
    .bss                                     0x20000304   Section     1280  us2400apis.o(.bss)
    .bss                                     0x20000804   Section      188  txrx.o(.bss)
    ID                                       0x200008ac   Data          20  txrx.o(.bss)
    .bss                                     0x200008c0   Section      510  com.o(.bss)
    .bss                                     0x20000abe   Section      639  autonetapis.o(.bss)
    .bss                                     0x20000d40   Section       96  libspace.o(.bss)
    HEAP                                     0x20000da0   Section      512  startup_stm32f0xx.o(HEAP)
    Heap_Mem                                 0x20000da0   Data         512  startup_stm32f0xx.o(HEAP)
    STACK                                    0x20000fa0   Section     1024  startup_stm32f0xx.o(STACK)
    Stack_Mem                                0x20000fa0   Data        1024  startup_stm32f0xx.o(STACK)
    __initial_sp                             0x200013a0   Data           0  startup_stm32f0xx.o(STACK)

    Global Symbols

    Symbol Name                              Value     Ov Type        Size  Object(Section)

    BuildAttributes$$THM_ISAv3M$S$PE$A:L22$X:L11$S22$IEEE1$IW$USESV6$~STKCKD$USESV7$~SHL$OTIME$ROPI$IEEEX$EBA8$UX$STANDARDLIB$REQ8$PRES8$EABIv2 0x00000000   Number         0  anon$$obj.o ABSOLUTE
    __ARM_use_no_argv                        0x00000000   Number         0  main.o ABSOLUTE
    __ARM_exceptions_init                     - Undefined Weak Reference
    __alloca_initialize                       - Undefined Weak Reference
    __arm_preinit_                            - Undefined Weak Reference
    __cpp_initialize__aeabi_                  - Undefined Weak Reference
    __cxa_finalize                            - Undefined Weak Reference
    __rt_locale                               - Undefined Weak Reference
    __sigvec_lookup                           - Undefined Weak Reference
    _atexit_init                              - Undefined Weak Reference
    _call_atexit_fns                          - Undefined Weak Reference
    _clock_init                               - Undefined Weak Reference
    _fp_trap_init                             - Undefined Weak Reference
    _fp_trap_shutdown                         - Undefined Weak Reference
    _get_lc_collate                           - Undefined Weak Reference
    _get_lc_ctype                             - Undefined Weak Reference
    _get_lc_monetary                          - Undefined Weak Reference
    _get_lc_numeric                           - Undefined Weak Reference
    _get_lc_time                              - Undefined Weak Reference
    _getenv_init                              - Undefined Weak Reference
    _handle_redirection                       - Undefined Weak Reference
    _init_alloc                               - Undefined Weak Reference
    _init_user_alloc                          - Undefined Weak Reference
    _initio                                   - Undefined Weak Reference
    _rand_init                                - Undefined Weak Reference
    _signal_finish                            - Undefined Weak Reference
    _signal_init                              - Undefined Weak Reference
    _terminate_alloc                          - Undefined Weak Reference
    _terminate_user_alloc                     - Undefined Weak Reference
    _terminateio                              - Undefined Weak Reference
    __Vectors_Size                           0x000000c0   Number         0  startup_stm32f0xx.o ABSOLUTE
    __Vectors                                0x08000000   Data           4  startup_stm32f0xx.o(RESET)
    __Vectors_End                            0x080000c0   Data           0  startup_stm32f0xx.o(RESET)
    __main                                   0x080000c1   Thumb Code     8  __main.o(!!!main)
    __scatterload                            0x080000c9   Thumb Code     0  __scatter.o(!!!scatter)
    __scatterload_rt2                        0x080000c9   Thumb Code    52  __scatter.o(!!!scatter)
    __scatterload_rt2_thumb_only             0x080000c9   Thumb Code     0  __scatter.o(!!!scatter)
    __scatterload_null                       0x080000d9   Thumb Code     0  __scatter.o(!!!scatter)
    __scatterload_zeroinit                   0x08000105   Thumb Code    28  __scatter_zi.o(!!handler_zi)
    __rt_lib_init                            0x08000121   Thumb Code     0  libinit.o(.ARM.Collect$$libinit$$00000000)
    __rt_lib_init_alloca_1                   0x08000123   Thumb Code     0  libinit2.o(.ARM.Collect$$libinit$$0000002E)
    __rt_lib_init_argv_1                     0x08000123   Thumb Code     0  libinit2.o(.ARM.Collect$$libinit$$0000002C)
    __rt_lib_init_atexit_1                   0x08000123   Thumb Code     0  libinit2.o(.ARM.Collect$$libinit$$0000001B)
    __rt_lib_init_clock_1                    0x08000123   Thumb Code     0  libinit2.o(.ARM.Collect$$libinit$$00000021)
    __rt_lib_init_cpp_1                      0x08000123   Thumb Code     0  libinit2.o(.ARM.Collect$$libinit$$00000032)
    __rt_lib_init_exceptions_1               0x08000123   Thumb Code     0  libinit2.o(.ARM.Collect$$libinit$$00000030)
    __rt_lib_init_fp_1                       0x08000123   Thumb Code     0  libinit2.o(.ARM.Collect$$libinit$$00000002)
    __rt_lib_init_fp_trap_1                  0x08000123   Thumb Code     0  libinit2.o(.ARM.Collect$$libinit$$0000001F)
    __rt_lib_init_getenv_1                   0x08000123   Thumb Code     0  libinit2.o(.ARM.Collect$$libinit$$00000023)
    __rt_lib_init_heap_1                     0x08000123   Thumb Code     0  libinit2.o(.ARM.Collect$$libinit$$0000000A)
    __rt_lib_init_lc_collate_1               0x08000123   Thumb Code     0  libinit2.o(.ARM.Collect$$libinit$$00000011)
    __rt_lib_init_lc_ctype_1                 0x08000123   Thumb Code     0  libinit2.o(.ARM.Collect$$libinit$$00000013)
    __rt_lib_init_lc_monetary_1              0x08000123   Thumb Code     0  libinit2.o(.ARM.Collect$$libinit$$00000015)
    __rt_lib_init_lc_numeric_1               0x08000123   Thumb Code     0  libinit2.o(.ARM.Collect$$libinit$$00000017)
    __rt_lib_init_lc_time_1                  0x08000123   Thumb Code     0  libinit2.o(.ARM.Collect$$libinit$$00000019)
    __rt_lib_init_preinit_1                  0x08000123   Thumb Code     0  libinit2.o(.ARM.Collect$$libinit$$00000004)
    __rt_lib_init_rand_1                     0x08000123   Thumb Code     0  libinit2.o(.ARM.Collect$$libinit$$0000000E)
    __rt_lib_init_return                     0x08000123   Thumb Code     0  libinit2.o(.ARM.Collect$$libinit$$00000033)
    __rt_lib_init_signal_1                   0x08000123   Thumb Code     0  libinit2.o(.ARM.Collect$$libinit$$0000001D)
    __rt_lib_init_stdio_1                    0x08000123   Thumb Code     0  libinit2.o(.ARM.Collect$$libinit$$00000025)
    __rt_lib_init_user_alloc_1               0x08000123   Thumb Code     0  libinit2.o(.ARM.Collect$$libinit$$0000000C)
    __rt_lib_shutdown                        0x08000125   Thumb Code     0  libshutdown.o(.ARM.Collect$$libshutdown$$00000000)
    __rt_lib_shutdown_fp_trap_1              0x08000127   Thumb Code     0  libshutdown2.o(.ARM.Collect$$libshutdown$$00000006)
    __rt_lib_shutdown_heap_1                 0x08000127   Thumb Code     0  libshutdown2.o(.ARM.Collect$$libshutdown$$0000000E)
    __rt_lib_shutdown_return                 0x08000127   Thumb Code     0  libshutdown2.o(.ARM.Collect$$libshutdown$$0000000F)
    __rt_lib_shutdown_signal_1               0x08000127   Thumb Code     0  libshutdown2.o(.ARM.Collect$$libshutdown$$00000009)
    __rt_lib_shutdown_stdio_1                0x08000127   Thumb Code     0  libshutdown2.o(.ARM.Collect$$libshutdown$$00000003)
    __rt_lib_shutdown_user_alloc_1           0x08000127   Thumb Code     0  libshutdown2.o(.ARM.Collect$$libshutdown$$0000000B)
    __rt_entry                               0x08000129   Thumb Code     0  __rtentry.o(.ARM.Collect$$rtentry$$00000000)
    __rt_entry_presh_1                       0x08000129   Thumb Code     0  __rtentry2.o(.ARM.Collect$$rtentry$$00000002)
    __rt_entry_sh                            0x08000129   Thumb Code     0  __rtentry4.o(.ARM.Collect$$rtentry$$00000004)
    __rt_entry_li                            0x0800012f   Thumb Code     0  __rtentry2.o(.ARM.Collect$$rtentry$$0000000A)
    __rt_entry_postsh_1                      0x0800012f   Thumb Code     0  __rtentry2.o(.ARM.Collect$$rtentry$$00000009)
    __rt_entry_main                          0x08000133   Thumb Code     0  __rtentry2.o(.ARM.Collect$$rtentry$$0000000D)
    __rt_entry_postli_1                      0x08000133   Thumb Code     0  __rtentry2.o(.ARM.Collect$$rtentry$$0000000C)
    __rt_exit                                0x0800013b   Thumb Code     0  rtexit.o(.ARM.Collect$$rtexit$$00000000)
    __rt_exit_ls                             0x0800013d   Thumb Code     0  rtexit2.o(.ARM.Collect$$rtexit$$00000003)
    __rt_exit_prels_1                        0x0800013d   Thumb Code     0  rtexit2.o(.ARM.Collect$$rtexit$$00000002)
    __rt_exit_exit                           0x08000141   Thumb Code     0  rtexit2.o(.ARM.Collect$$rtexit$$00000004)
    __aeabi_memcpy4                          0x08000149   Thumb Code    56  rt_memcpy.o(.emb_text)
    __aeabi_memcpy8                          0x08000149   Thumb Code     0  rt_memcpy.o(.emb_text)
    DMA_DeInit                               0x08000181   Thumb Code   152  stm32f0xx_dma.o(.text)
    DMA_Init                                 0x08000219   Thumb Code    58  stm32f0xx_dma.o(.text)
    DMA_StructInit                           0x08000253   Thumb Code    26  stm32f0xx_dma.o(.text)
    DMA_Cmd                                  0x0800026d   Thumb Code    24  stm32f0xx_dma.o(.text)
    DMA_SetCurrDataCounter                   0x08000285   Thumb Code     4  stm32f0xx_dma.o(.text)
    DMA_GetCurrDataCounter                   0x08000289   Thumb Code     8  stm32f0xx_dma.o(.text)
    DMA_ITConfig                             0x08000291   Thumb Code    20  stm32f0xx_dma.o(.text)
    DMA_GetFlagStatus                        0x080002a5   Thumb Code    24  stm32f0xx_dma.o(.text)
    DMA_ClearFlag                            0x080002bd   Thumb Code     8  stm32f0xx_dma.o(.text)
    DMA_GetITStatus                          0x080002c5   Thumb Code    24  stm32f0xx_dma.o(.text)
    DMA_ClearITPendingBit                    0x080002dd   Thumb Code     8  stm32f0xx_dma.o(.text)
    EXTI_DeInit                              0x080002f1   Thumb Code    20  stm32f0xx_exti.o(.text)
    EXTI_Init                                0x08000305   Thumb Code   132  stm32f0xx_exti.o(.text)
    EXTI_StructInit                          0x08000389   Thumb Code    16  stm32f0xx_exti.o(.text)
    EXTI_GenerateSWInterrupt                 0x08000399   Thumb Code    12  stm32f0xx_exti.o(.text)
    EXTI_GetFlagStatus                       0x080003a5   Thumb Code    22  stm32f0xx_exti.o(.text)
    EXTI_ClearFlag                           0x080003bb   Thumb Code     6  stm32f0xx_exti.o(.text)
    EXTI_GetITStatus                         0x080003c1   Thumb Code    22  stm32f0xx_exti.o(.text)
    EXTI_ClearITPendingBit                   0x080003d7   Thumb Code     6  stm32f0xx_exti.o(.text)
    GPIO_DeInit                              0x080003e9   Thumb Code   132  stm32f0xx_gpio.o(.text)
    GPIO_Init                                0x0800046d   Thumb Code   144  stm32f0xx_gpio.o(.text)
    GPIO_StructInit                          0x080004fd   Thumb Code    20  stm32f0xx_gpio.o(.text)
    GPIO_PinLockConfig                       0x08000511   Thumb Code    34  stm32f0xx_gpio.o(.text)
    GPIO_ReadInputDataBit                    0x08000533   Thumb Code    20  stm32f0xx_gpio.o(.text)
    GPIO_ReadInputData                       0x08000547   Thumb Code     6  stm32f0xx_gpio.o(.text)
    GPIO_ReadOutputDataBit                   0x0800054d   Thumb Code    20  stm32f0xx_gpio.o(.text)
    GPIO_ReadOutputData                      0x08000561   Thumb Code     6  stm32f0xx_gpio.o(.text)
    GPIO_SetBits                             0x08000567   Thumb Code     4  stm32f0xx_gpio.o(.text)
    GPIO_ResetBits                           0x0800056b   Thumb Code     4  stm32f0xx_gpio.o(.text)
    GPIO_WriteBit                            0x0800056f   Thumb Code    12  stm32f0xx_gpio.o(.text)
    GPIO_Write                               0x0800057b   Thumb Code     4  stm32f0xx_gpio.o(.text)
    GPIO_PinAFConfig                         0x0800057f   Thumb Code    68  stm32f0xx_gpio.o(.text)
    I2C_DeInit                               0x080005d9   Thumb Code    50  stm32f0xx_i2c.o(.text)
    I2C_Init                                 0x0800060b   Thumb Code    98  stm32f0xx_i2c.o(.text)
    I2C_StructInit                           0x0800066d   Thumb Code    24  stm32f0xx_i2c.o(.text)
    I2C_Cmd                                  0x08000685   Thumb Code    24  stm32f0xx_i2c.o(.text)
    I2C_SoftwareResetCmd                     0x0800069d   Thumb Code    20  stm32f0xx_i2c.o(.text)
    I2C_ITConfig                             0x080006b1   Thumb Code    20  stm32f0xx_i2c.o(.text)
    I2C_StretchClockCmd                      0x080006c5   Thumb Code    28  stm32f0xx_i2c.o(.text)
    I2C_StopModeCmd                          0x080006e1   Thumb Code    28  stm32f0xx_i2c.o(.text)
    I2C_DualAddressCmd                       0x080006fd   Thumb Code    28  stm32f0xx_i2c.o(.text)
    I2C_OwnAddress2Config                    0x08000719   Thumb Code    32  stm32f0xx_i2c.o(.text)
    I2C_GeneralCallCmd                       0x08000739   Thumb Code    28  stm32f0xx_i2c.o(.text)
    I2C_SlaveByteControlCmd                  0x08000755   Thumb Code    28  stm32f0xx_i2c.o(.text)
    I2C_SlaveAddressConfig                   0x08000771   Thumb Code    20  stm32f0xx_i2c.o(.text)
    I2C_10BitAddressingModeCmd               0x08000785   Thumb Code    28  stm32f0xx_i2c.o(.text)
    I2C_AutoEndCmd                           0x080007a1   Thumb Code    28  stm32f0xx_i2c.o(.text)
    I2C_ReloadCmd                            0x080007bd   Thumb Code    28  stm32f0xx_i2c.o(.text)
    I2C_NumberOfBytesConfig                  0x080007d9   Thumb Code    28  stm32f0xx_i2c.o(.text)
    I2C_MasterRequestConfig                  0x080007f5   Thumb Code    28  stm32f0xx_i2c.o(.text)
    I2C_GenerateSTART                        0x08000811   Thumb Code    28  stm32f0xx_i2c.o(.text)
    I2C_GenerateSTOP                         0x0800082d   Thumb Code    28  stm32f0xx_i2c.o(.text)
    I2C_10BitAddressHeaderCmd                0x08000849   Thumb Code    28  stm32f0xx_i2c.o(.text)
    I2C_AcknowledgeConfig                    0x08000865   Thumb Code    28  stm32f0xx_i2c.o(.text)
    I2C_GetAddressMatched                    0x08000881   Thumb Code    14  stm32f0xx_i2c.o(.text)
    I2C_GetTransferDirection                 0x0800088f   Thumb Code    30  stm32f0xx_i2c.o(.text)
    I2C_TransferHandling                     0x080008ad   Thumb Code    38  stm32f0xx_i2c.o(.text)
    I2C_SMBusAlertCmd                        0x080008d3   Thumb Code    28  stm32f0xx_i2c.o(.text)
    I2C_ClockTimeoutCmd                      0x080008ef   Thumb Code    28  stm32f0xx_i2c.o(.text)
    I2C_ExtendedClockTimeoutCmd              0x0800090b   Thumb Code    26  stm32f0xx_i2c.o(.text)
    I2C_IdleClockTimeoutCmd                  0x08000925   Thumb Code    28  stm32f0xx_i2c.o(.text)
    I2C_TimeoutAConfig                       0x08000941   Thumb Code    20  stm32f0xx_i2c.o(.text)
    I2C_TimeoutBConfig                       0x08000955   Thumb Code    26  stm32f0xx_i2c.o(.text)
    I2C_CalculatePEC                         0x0800096f   Thumb Code    28  stm32f0xx_i2c.o(.text)
    I2C_PECRequestCmd                        0x0800098b   Thumb Code    28  stm32f0xx_i2c.o(.text)
    I2C_GetPEC                               0x080009a7   Thumb Code     8  stm32f0xx_i2c.o(.text)
    I2C_ReadRegister                         0x080009af   Thumb Code    46  stm32f0xx_i2c.o(.text)
    I2C_SendData                             0x080009dd   Thumb Code     4  stm32f0xx_i2c.o(.text)
    I2C_ReceiveData                          0x080009e1   Thumb Code     8  stm32f0xx_i2c.o(.text)
    I2C_DMACmd                               0x080009e9   Thumb Code    20  stm32f0xx_i2c.o(.text)
    I2C_GetFlagStatus                        0x080009fd   Thumb Code    28  stm32f0xx_i2c.o(.text)
    I2C_ClearFlag                            0x08000a19   Thumb Code     4  stm32f0xx_i2c.o(.text)
    I2C_GetITStatus                          0x08000a1d   Thumb Code    78  stm32f0xx_i2c.o(.text)
    I2C_ClearITPendingBit                    0x08000a6b   Thumb Code     4  stm32f0xx_i2c.o(.text)
    NVIC_Init                                0x08000a71   Thumb Code   106  stm32f0xx_misc.o(.text)
    NVIC_SystemLPConfig                      0x08000adb   Thumb Code    28  stm32f0xx_misc.o(.text)
    SysTick_CLKSourceConfig                  0x08000af7   Thumb Code    32  stm32f0xx_misc.o(.text)
    RCC_DeInit                               0x08000b25   Thumb Code   104  stm32f0xx_rcc.o(.text)
    RCC_HSEConfig                            0x08000b8d   Thumb Code    12  stm32f0xx_rcc.o(.text)
    RCC_GetFlagStatus                        0x08000b99   Thumb Code    68  stm32f0xx_rcc.o(.text)
    RCC_WaitForHSEStartUp                    0x08000bdd   Thumb Code    60  stm32f0xx_rcc.o(.text)
    RCC_AdjustHSICalibrationValue            0x08000c19   Thumb Code    26  stm32f0xx_rcc.o(.text)
    RCC_HSICmd                               0x08000c33   Thumb Code    32  stm32f0xx_rcc.o(.text)
    RCC_AdjustHSI14CalibrationValue          0x08000c53   Thumb Code    26  stm32f0xx_rcc.o(.text)
    RCC_HSI14Cmd                             0x08000c6d   Thumb Code    32  stm32f0xx_rcc.o(.text)
    RCC_HSI14ADCRequestCmd                   0x08000c8d   Thumb Code    32  stm32f0xx_rcc.o(.text)
    RCC_LSEConfig                            0x08000cad   Thumb Code    34  stm32f0xx_rcc.o(.text)
    RCC_LSEDriveConfig                       0x08000ccf   Thumb Code    22  stm32f0xx_rcc.o(.text)
    RCC_LSICmd                               0x08000ce5   Thumb Code    32  stm32f0xx_rcc.o(.text)
    RCC_PLLConfig                            0x08000d05   Thumb Code    30  stm32f0xx_rcc.o(.text)
    RCC_PLLCmd                               0x08000d23   Thumb Code    36  stm32f0xx_rcc.o(.text)
    RCC_PREDIV1Config                        0x08000d47   Thumb Code    24  stm32f0xx_rcc.o(.text)
    RCC_ClockSecuritySystemCmd               0x08000d5f   Thumb Code    36  stm32f0xx_rcc.o(.text)
    RCC_MCOConfig                            0x08000d83   Thumb Code     6  stm32f0xx_rcc.o(.text)
    RCC_SYSCLKConfig                         0x08000d89   Thumb Code    24  stm32f0xx_rcc.o(.text)
    RCC_GetSYSCLKSource                      0x08000da1   Thumb Code    10  stm32f0xx_rcc.o(.text)
    RCC_HCLKConfig                           0x08000dab   Thumb Code    28  stm32f0xx_rcc.o(.text)
    RCC_PCLKConfig                           0x08000dc7   Thumb Code    30  stm32f0xx_rcc.o(.text)
    RCC_ADCCLKConfig                         0x08000de5   Thumb Code    52  stm32f0xx_rcc.o(.text)
    RCC_CECCLKConfig                         0x08000e19   Thumb Code    22  stm32f0xx_rcc.o(.text)
    RCC_I2CCLKConfig                         0x08000e2f   Thumb Code    22  stm32f0xx_rcc.o(.text)
    RCC_USARTCLKConfig                       0x08000e45   Thumb Code    22  stm32f0xx_rcc.o(.text)
    RCC_GetClocksFreq                        0x08000e5b   Thumb Code   368  stm32f0xx_rcc.o(.text)
    RCC_RTCCLKConfig                         0x08000fcb   Thumb Code    12  stm32f0xx_rcc.o(.text)
    RCC_RTCCLKCmd                            0x08000fd7   Thumb Code    36  stm32f0xx_rcc.o(.text)
    RCC_BackupResetCmd                       0x08000ffb   Thumb Code    36  stm32f0xx_rcc.o(.text)
    RCC_AHBPeriphClockCmd                    0x0800101f   Thumb Code    28  stm32f0xx_rcc.o(.text)
    RCC_APB2PeriphClockCmd                   0x0800103b   Thumb Code    28  stm32f0xx_rcc.o(.text)
    RCC_APB1PeriphClockCmd                   0x08001057   Thumb Code    28  stm32f0xx_rcc.o(.text)
    RCC_AHBPeriphResetCmd                    0x08001073   Thumb Code    28  stm32f0xx_rcc.o(.text)
    RCC_APB2PeriphResetCmd                   0x0800108f   Thumb Code    28  stm32f0xx_rcc.o(.text)
    RCC_APB1PeriphResetCmd                   0x080010ab   Thumb Code    28  stm32f0xx_rcc.o(.text)
    RCC_ITConfig                             0x080010c7   Thumb Code    28  stm32f0xx_rcc.o(.text)
    RCC_ClearFlag                            0x080010e3   Thumb Code    16  stm32f0xx_rcc.o(.text)
    RCC_GetITStatus                          0x080010f3   Thumb Code    22  stm32f0xx_rcc.o(.text)
    RCC_ClearITPendingBit                    0x08001109   Thumb Code     6  stm32f0xx_rcc.o(.text)
    SPI_I2S_DeInit                           0x0800111d   Thumb Code    52  stm32f0xx_spi.o(.text)
    SPI_StructInit                           0x08001151   Thumb Code    30  stm32f0xx_spi.o(.text)
    SPI_Init                                 0x0800116f   Thumb Code    76  stm32f0xx_spi.o(.text)
    I2S_StructInit                           0x080011bb   Thumb Code    20  stm32f0xx_spi.o(.text)
    I2S_Init                                 0x080011cf   Thumb Code   228  stm32f0xx_spi.o(.text)
    SPI_Cmd                                  0x080012b3   Thumb Code    26  stm32f0xx_spi.o(.text)
    SPI_TIModeCmd                            0x080012cd   Thumb Code    26  stm32f0xx_spi.o(.text)
    I2S_Cmd                                  0x080012e7   Thumb Code    26  stm32f0xx_spi.o(.text)
    SPI_DataSizeConfig                       0x08001301   Thumb Code    20  stm32f0xx_spi.o(.text)
    SPI_RxFIFOThresholdConfig                0x08001315   Thumb Code    16  stm32f0xx_spi.o(.text)
    SPI_BiDirectionalLineConfig              0x08001325   Thumb Code    28  stm32f0xx_spi.o(.text)
    SPI_NSSInternalSoftwareConfig            0x08001341   Thumb Code    32  stm32f0xx_spi.o(.text)
    SPI_SSOutputCmd                          0x08001361   Thumb Code    24  stm32f0xx_spi.o(.text)
    SPI_NSSPulseModeCmd                      0x08001379   Thumb Code    26  stm32f0xx_spi.o(.text)
    SPI_SendData8                            0x08001393   Thumb Code    10  stm32f0xx_spi.o(.text)
    SPI_I2S_SendData16                       0x0800139d   Thumb Code     4  stm32f0xx_spi.o(.text)
    SPI_ReceiveData8                         0x080013a1   Thumb Code    12  stm32f0xx_spi.o(.text)
    SPI_I2S_ReceiveData16                    0x080013ad   Thumb Code     6  stm32f0xx_spi.o(.text)
    SPI_CRCLengthConfig                      0x080013b3   Thumb Code    16  stm32f0xx_spi.o(.text)
    SPI_CalculateCRC                         0x080013c3   Thumb Code    26  stm32f0xx_spi.o(.text)
    SPI_TransmitCRC                          0x080013dd   Thumb Code    12  stm32f0xx_spi.o(.text)
    SPI_GetCRC                               0x080013e9   Thumb Code    16  stm32f0xx_spi.o(.text)
    SPI_GetCRCPolynomial                     0x080013f9   Thumb Code     6  stm32f0xx_spi.o(.text)
    SPI_I2S_DMACmd                           0x080013ff   Thumb Code    20  stm32f0xx_spi.o(.text)
    SPI_LastDMATransferCmd                   0x08001413   Thumb Code    16  stm32f0xx_spi.o(.text)
    SPI_I2S_ITConfig                         0x08001423   Thumb Code    34  stm32f0xx_spi.o(.text)
    SPI_GetTransmissionFIFOStatus            0x08001445   Thumb Code    12  stm32f0xx_spi.o(.text)
    SPI_GetReceptionFIFOStatus               0x08001451   Thumb Code    12  stm32f0xx_spi.o(.text)
    SPI_I2S_GetFlagStatus                    0x0800145d   Thumb Code    20  stm32f0xx_spi.o(.text)
    SPI_I2S_ClearFlag                        0x08001471   Thumb Code     6  stm32f0xx_spi.o(.text)
    SPI_I2S_GetITStatus                      0x08001477   Thumb Code    56  stm32f0xx_spi.o(.text)
    SYSCFG_DeInit                            0x080014d9   Thumb Code    40  stm32f0xx_syscfg.o(.text)
    SYSCFG_MemoryRemapConfig                 0x08001501   Thumb Code    24  stm32f0xx_syscfg.o(.text)
    SYSCFG_DMAChannelRemapConfig             0x08001519   Thumb Code    28  stm32f0xx_syscfg.o(.text)
    SYSCFG_I2CFastModePlusConfig             0x08001535   Thumb Code    28  stm32f0xx_syscfg.o(.text)
    SYSCFG_EXTILineConfig                    0x08001551   Thumb Code    66  stm32f0xx_syscfg.o(.text)
    SYSCFG_BreakConfig                       0x08001593   Thumb Code    12  stm32f0xx_syscfg.o(.text)
    SYSCFG_GetFlagStatus                     0x0800159f   Thumb Code    26  stm32f0xx_syscfg.o(.text)
    SYSCFG_ClearFlag                         0x080015b9   Thumb Code    12  stm32f0xx_syscfg.o(.text)
    USART_DeInit                             0x080015c9   Thumb Code    56  stm32f0xx_usart.o(.text)
    USART_Init                               0x08001601   Thumb Code   202  stm32f0xx_usart.o(.text)
    USART_StructInit                         0x080016cb   Thumb Code    24  stm32f0xx_usart.o(.text)
    USART_ClockInit                          0x080016e3   Thumb Code    36  stm32f0xx_usart.o(.text)
    USART_ClockStructInit                    0x08001707   Thumb Code    12  stm32f0xx_usart.o(.text)
    USART_Cmd                                0x08001713   Thumb Code    24  stm32f0xx_usart.o(.text)
    USART_DirectionModeCmd                   0x0800172b   Thumb Code    20  stm32f0xx_usart.o(.text)
    USART_OverSampling8Cmd                   0x0800173f   Thumb Code    28  stm32f0xx_usart.o(.text)
    USART_OneBitMethodCmd                    0x0800175b   Thumb Code    28  stm32f0xx_usart.o(.text)
    USART_MSBFirstCmd                        0x08001777   Thumb Code    28  stm32f0xx_usart.o(.text)
    USART_DataInvCmd                         0x08001793   Thumb Code    28  stm32f0xx_usart.o(.text)
    USART_InvPinCmd                          0x080017af   Thumb Code    20  stm32f0xx_usart.o(.text)
    USART_SWAPPinCmd                         0x080017c3   Thumb Code    28  stm32f0xx_usart.o(.text)
    USART_ReceiverTimeOutCmd                 0x080017df   Thumb Code    28  stm32f0xx_usart.o(.text)
    USART_SetReceiverTimeOut                 0x080017fb   Thumb Code    16  stm32f0xx_usart.o(.text)
    USART_SetPrescaler                       0x0800180b   Thumb Code    18  stm32f0xx_usart.o(.text)
    USART_STOPModeCmd                        0x0800181d   Thumb Code    24  stm32f0xx_usart.o(.text)
    USART_StopModeWakeUpSourceConfig         0x08001835   Thumb Code    18  stm32f0xx_usart.o(.text)
    USART_AutoBaudRateCmd                    0x08001847   Thumb Code    28  stm32f0xx_usart.o(.text)
    USART_AutoBaudRateConfig                 0x08001863   Thumb Code    18  stm32f0xx_usart.o(.text)
    USART_SendData                           0x08001875   Thumb Code     8  stm32f0xx_usart.o(.text)
    USART_ReceiveData                        0x0800187d   Thumb Code    10  stm32f0xx_usart.o(.text)
    USART_SetAddress                         0x08001887   Thumb Code    18  stm32f0xx_usart.o(.text)
    USART_MuteModeCmd                        0x08001899   Thumb Code    28  stm32f0xx_usart.o(.text)
    USART_MuteModeWakeUpConfig               0x080018b5   Thumb Code    18  stm32f0xx_usart.o(.text)
    USART_AddressDetectionConfig             0x080018c7   Thumb Code    16  stm32f0xx_usart.o(.text)
    USART_LINBreakDetectLengthConfig         0x080018d7   Thumb Code    16  stm32f0xx_usart.o(.text)
    USART_LINCmd                             0x080018e7   Thumb Code    28  stm32f0xx_usart.o(.text)
    USART_HalfDuplexCmd                      0x08001903   Thumb Code    24  stm32f0xx_usart.o(.text)
    USART_SetGuardTime                       0x0800191b   Thumb Code    16  stm32f0xx_usart.o(.text)
    USART_SmartCardCmd                       0x0800192b   Thumb Code    24  stm32f0xx_usart.o(.text)
    USART_SmartCardNACKCmd                   0x08001943   Thumb Code    24  stm32f0xx_usart.o(.text)
    USART_SetAutoRetryCount                  0x0800195b   Thumb Code    20  stm32f0xx_usart.o(.text)
    USART_SetBlockLength                     0x0800196f   Thumb Code    18  stm32f0xx_usart.o(.text)
    USART_IrDAConfig                         0x08001981   Thumb Code    16  stm32f0xx_usart.o(.text)
    USART_IrDACmd                            0x08001991   Thumb Code    40  stm32f0xx_usart.o(.text)
    USART_DECmd                              0x080019b9   Thumb Code    28  stm32f0xx_usart.o(.text)
    USART_DEPolarityConfig                   0x080019d5   Thumb Code    18  stm32f0xx_usart.o(.text)
    USART_SetDEAssertionTime                 0x080019e7   Thumb Code    20  stm32f0xx_usart.o(.text)
    USART_SetDEDeassertionTime               0x080019fb   Thumb Code    20  stm32f0xx_usart.o(.text)
    USART_DMACmd                             0x08001a0f   Thumb Code    20  stm32f0xx_usart.o(.text)
    USART_DMAReceptionErrorConfig            0x08001a23   Thumb Code    18  stm32f0xx_usart.o(.text)
    USART_ITConfig                           0x08001a35   Thumb Code    66  stm32f0xx_usart.o(.text)
    USART_RequestCmd                         0x08001a77   Thumb Code    20  stm32f0xx_usart.o(.text)
    USART_OverrunDetectionConfig             0x08001a8b   Thumb Code    18  stm32f0xx_usart.o(.text)
    USART_GetFlagStatus                      0x08001a9d   Thumb Code    20  stm32f0xx_usart.o(.text)
    USART_ClearFlag                          0x08001ab1   Thumb Code     4  stm32f0xx_usart.o(.text)
    USART_GetITStatus                        0x08001ab5   Thumb Code    78  stm32f0xx_usart.o(.text)
    USART_ClearITPendingBit                  0x08001b03   Thumb Code    18  stm32f0xx_usart.o(.text)
    Reset_Handler                            0x08001b15   Thumb Code     8  startup_stm32f0xx.o(.text)
    ADC1_COMP_IRQHandler                     0x08001b27   Thumb Code     0  startup_stm32f0xx.o(.text)
    CEC_IRQHandler                           0x08001b27   Thumb Code     0  startup_stm32f0xx.o(.text)
    DMA1_Channel1_IRQHandler                 0x08001b27   Thumb Code     0  startup_stm32f0xx.o(.text)
    DMA1_Channel2_3_IRQHandler               0x08001b27   Thumb Code     0  startup_stm32f0xx.o(.text)
    DMA1_Channel4_5_IRQHandler               0x08001b27   Thumb Code     0  startup_stm32f0xx.o(.text)
    EXTI0_1_IRQHandler                       0x08001b27   Thumb Code     0  startup_stm32f0xx.o(.text)
    EXTI2_3_IRQHandler                       0x08001b27   Thumb Code     0  startup_stm32f0xx.o(.text)
    FLASH_IRQHandler                         0x08001b27   Thumb Code     0  startup_stm32f0xx.o(.text)
    I2C1_IRQHandler                          0x08001b27   Thumb Code     0  startup_stm32f0xx.o(.text)
    PVD_IRQHandler                           0x08001b27   Thumb Code     0  startup_stm32f0xx.o(.text)
    RCC_IRQHandler                           0x08001b27   Thumb Code     0  startup_stm32f0xx.o(.text)
    RTC_IRQHandler                           0x08001b27   Thumb Code     0  startup_stm32f0xx.o(.text)
    SPI1_IRQHandler                          0x08001b27   Thumb Code     0  startup_stm32f0xx.o(.text)
    SPI2_IRQHandler                          0x08001b27   Thumb Code     0  startup_stm32f0xx.o(.text)
    TIM14_IRQHandler                         0x08001b27   Thumb Code     0  startup_stm32f0xx.o(.text)
    TIM15_IRQHandler                         0x08001b27   Thumb Code     0  startup_stm32f0xx.o(.text)
    TIM16_IRQHandler                         0x08001b27   Thumb Code     0  startup_stm32f0xx.o(.text)
    TIM17_IRQHandler                         0x08001b27   Thumb Code     0  startup_stm32f0xx.o(.text)
    TIM1_BRK_UP_TRG_COM_IRQHandler           0x08001b27   Thumb Code     0  startup_stm32f0xx.o(.text)
    TIM1_CC_IRQHandler                       0x08001b27   Thumb Code     0  startup_stm32f0xx.o(.text)
    TIM2_IRQHandler                          0x08001b27   Thumb Code     0  startup_stm32f0xx.o(.text)
    TIM3_IRQHandler                          0x08001b27   Thumb Code     0  startup_stm32f0xx.o(.text)
    TIM6_DAC_IRQHandler                      0x08001b27   Thumb Code     0  startup_stm32f0xx.o(.text)
    TS_IRQHandler                            0x08001b27   Thumb Code     0  startup_stm32f0xx.o(.text)
    WWDG_IRQHandler                          0x08001b27   Thumb Code     0  startup_stm32f0xx.o(.text)
    __user_initial_stackheap                 0x08001b29   Thumb Code     0  startup_stm32f0xx.o(.text)
    SystemInit                               0x08001c1b   Thumb Code   110  system_stm32f0xx.o(.text)
    SystemCoreClockUpdate                    0x08001c89   Thumb Code   154  system_stm32f0xx.o(.text)
    main                                     0x08001d45   Thumb Code    72  main.o(.text)
    AutoNet_Group                            0x08001d8d   Thumb Code     6  main.o(.text)
    Group_Diff                               0x08001d93   Thumb Code     6  main.o(.text)
    AutoNet                                  0x08001d99   Thumb Code    48  main.o(.text)
    Timer_Beacon                             0x08001ded   Thumb Code    16  stm32f0xx_it.o(.text)
    setTimer                                 0x08001dfd   Thumb Code    24  stm32f0xx_it.o(.text)
    checkTimerFlag                           0x08001e15   Thumb Code    24  stm32f0xx_it.o(.text)
    NMI_Handler                              0x08001e2d   Thumb Code     2  stm32f0xx_it.o(.text)
    HardFault_Handler                        0x08001e2f   Thumb Code     4  stm32f0xx_it.o(.text)
    SVC_Handler                              0x08001e33   Thumb Code     2  stm32f0xx_it.o(.text)
    PendSV_Handler                           0x08001e35   Thumb Code     2  stm32f0xx_it.o(.text)
    SysTick_Handler                          0x08001e37   Thumb Code   164  stm32f0xx_it.o(.text)
    USART1_IRQHandler                        0x08001edb   Thumb Code   214  stm32f0xx_it.o(.text)
    USART2_IRQHandler                        0x08001fb1   Thumb Code   214  stm32f0xx_it.o(.text)
    EXTI4_15_IRQHandler                      0x08002087   Thumb Code    84  stm32f0xx_it.o(.text)
    I2C2_IRQHandler                          0x080020db   Thumb Code   168  stm32f0xx_it.o(.text)
    SPI_Configuration                        0x080021f1   Thumb Code   224  spi.o(.text)
    SPI_Proc                                 0x080022d1   Thumb Code   208  spi.o(.text)
    ST_Configuration                         0x080023ad   Thumb Code    64  st.o(.text)
    ST_Proc                                  0x080023ed   Thumb Code     2  st.o(.text)
    Delay                                    0x080023ef   Thumb Code    20  st.o(.text)
    I2C_Configuration                        0x08002485   Thumb Code   136  i2c.o(.text)
    I2C_Read                                 0x0800250d   Thumb Code   234  i2c.o(.text)
    I2C_Write                                0x080025f7   Thumb Code   240  i2c.o(.text)
    Ak8975Init                               0x080026f5   Thumb Code    66  ak8975apis.o(.text)
    Ak8975ReadMag                            0x08002737   Thumb Code   170  ak8975apis.o(.text)
    Lea6SInit                                0x080027e1   Thumb Code     2  lea6sapis.o(.text)
    Lea6SRead                                0x080027e3   Thumb Code   414  lea6sapis.o(.text)
    Mcp2120Init                              0x0800299d   Thumb Code    84  mcp2120apis.o(.text)
    Mcp2120Tx                                0x08002a13   Thumb Code    94  mcp2120apis.o(.text)
    Mcp2120Proc                              0x08002a71   Thumb Code   142  mcp2120apis.o(.text)
    Mpu6050ReadAccel                         0x08002b29   Thumb Code   136  mpu6050apis.o(.text)
    meansensors                              0x08002bb1   Thumb Code   140  mpu6050apis.o(.text)
    calibration                              0x08002c3d   Thumb Code   190  mpu6050apis.o(.text)
    loop                                     0x08002cfb   Thumb Code    70  mpu6050apis.o(.text)
    Mpu6050Init                              0x08002d41   Thumb Code   106  mpu6050apis.o(.text)
    Calculate_Speed                          0x08002dab   Thumb Code   558  mpu6050apis.o(.text)
    kalmanFilter                             0x08002fd9   Thumb Code    86  mpu6050apis.o(.text)
    Mpu6050ReadGyro                          0x0800302f   Thumb Code   112  mpu6050apis.o(.text)
    Estimate_State                           0x0800309f   Thumb Code    90  mpu6050apis.o(.text)
    Mpu6050ReadTemp                          0x080030f9   Thumb Code    82  mpu6050apis.o(.text)
    Us2400WriteShortReg                      0x08003165   Thumb Code    46  us2400apis.o(.text)
    Us2400WriteLongReg                       0x08003193   Thumb Code    66  us2400apis.o(.text)
    Us2400ReadLongReg                        0x080031d5   Thumb Code    66  us2400apis.o(.text)
    Us2400ReadShortReg                       0x08003217   Thumb Code    44  us2400apis.o(.text)
    Us2400Init                               0x08003243   Thumb Code   474  us2400apis.o(.text)
    Us2400Tx                                 0x080034bb   Thumb Code   238  us2400apis.o(.text)
    Us2400Rx                                 0x080035a9   Thumb Code    88  us2400apis.o(.text)
    Us2400RxFIFODump                         0x08003601   Thumb Code    46  us2400apis.o(.text)
    Us2400IntoDeepSleep                      0x08003663   Thumb Code   104  us2400apis.o(.text)
    Us2400Resume                             0x080036cb   Thumb Code    64  us2400apis.o(.text)
    Us2400SetTxPower                         0x0800370b   Thumb Code    80  us2400apis.o(.text)
    Us2400SingleTone                         0x0800375b   Thumb Code    76  us2400apis.o(.text)
    Us2400ContinueWave                       0x080037a7   Thumb Code   134  us2400apis.o(.text)
    RF_Tx                                    0x0800383d   Thumb Code   130  txrx.o(.text)
    broadcastSend                            0x080038bf   Thumb Code   170  txrx.o(.text)
    lightingSend                             0x08003969   Thumb Code    90  txrx.o(.text)
    autonet_header_check                     0x080039c3   Thumb Code    24  txrx.o(.text)
    RF_Rx                                    0x080039db   Thumb Code   202  txrx.o(.text)
    RF_RX_AUTONET                            0x08003aa5   Thumb Code   180  txrx.o(.text)
    packet_receive                           0x08003b59   Thumb Code   378  txrx.o(.text)
    getSrcAddr                               0x08003cd3   Thumb Code    24  txrx.o(.text)
    getDestAddr                              0x08003ceb   Thumb Code    24  txrx.o(.text)
    getSrcPanID                              0x08003d03   Thumb Code    24  txrx.o(.text)
    getDestPanID                             0x08003d1b   Thumb Code    24  txrx.o(.text)
    getSeqNum                                0x08003d33   Thumb Code    20  txrx.o(.text)
    getFrameControl                          0x08003d47   Thumb Code    24  txrx.o(.text)
    getPayload                               0x08003d5f   Thumb Code    36  txrx.o(.text)
    getPayloadLength                         0x08003d83   Thumb Code    20  txrx.o(.text)
    headerCheck_AutoNet                      0x08003d97   Thumb Code    22  txrx.o(.text)
    Group_Configuration                      0x08003dad   Thumb Code    38  txrx.o(.text)
    Group_Process                            0x08003dd3   Thumb Code   394  txrx.o(.text)
    My_Table_Configuration                   0x08003f5d   Thumb Code    40  txrx.o(.text)
    lighting                                 0x08003f85   Thumb Code    46  txrx.o(.text)
    COM1_Configuration                       0x08003fe5   Thumb Code   150  com.o(.text)
    COM1_Tx                                  0x0800407b   Thumb Code    68  com.o(.text)
    COM2_Configuration                       0x080040bf   Thumb Code   150  com.o(.text)
    COM2_Tx                                  0x08004155   Thumb Code    68  com.o(.text)
    COM_Configuration                        0x08004199   Thumb Code   150  com.o(.text)
    COM_Tx                                   0x0800422f   Thumb Code    68  com.o(.text)
    Mag_Error_Handle                         0x08004295   Thumb Code   932  autonetapis.o(.text)
    Mag_flatsurface                          0x08004639   Thumb Code   128  autonetapis.o(.text)
    getcompasscourse                         0x080046b9   Thumb Code   540  autonetapis.o(.text)
    Autonet_search_type                      0x080048d5   Thumb Code     2  autonetapis.o(.text)
    Autonet_Initialization                   0x08004973   Thumb Code   138  autonetapis.o(.text)
    Autonet_spatial_dynamic                  0x080049fd   Thumb Code   598  autonetapis.o(.text)
    data_fetch                               0x08004c53   Thumb Code    52  autonetapis.o(.text)
    get_velocity                             0x08004c87   Thumb Code    92  autonetapis.o(.text)
    get_direction                            0x08004ce3   Thumb Code   430  autonetapis.o(.text)
    get_LOS_address                          0x08004e91   Thumb Code    52  autonetapis.o(.text)
    get_gps                                  0x08004ec5   Thumb Code    40  autonetapis.o(.text)
    update_sensor_table                      0x08004eed   Thumb Code    76  autonetapis.o(.text)
    PIN_ON                                   0x08004f39   Thumb Code    16  autonetapis.o(.text)
    PIN_OFF                                  0x08004f49   Thumb Code    18  autonetapis.o(.text)
    RF_beacon                                0x08004f5b   Thumb Code    34  autonetapis.o(.text)
    RF_WakeUp                                0x08004f7d   Thumb Code    28  autonetapis.o(.text)
    strstr                                   0x08005009   Thumb Code    40  strstr.o(.text)
    memcmp                                   0x08005031   Thumb Code    90  memcmp.o(.text)
    strlen                                   0x0800508d   Thumb Code    62  strlen.o(.text)
    __aeabi_memcpy                           0x080050d1   Thumb Code   130  rt_memcpy.o(.text)
    __rt_memcpy                              0x080050d1   Thumb Code     0  rt_memcpy.o(.text)
    _memset_w                                0x08005153   Thumb Code    26  rt_memclr.o(.text)
    _memset                                  0x0800516d   Thumb Code    30  rt_memclr.o(.text)
    __aeabi_memclr                           0x0800518b   Thumb Code     4  rt_memclr.o(.text)
    __rt_memclr                              0x0800518b   Thumb Code     0  rt_memclr.o(.text)
    __aeabi_memclr4                          0x0800518f   Thumb Code     0  rt_memclr.o(.text)
    __aeabi_memclr8                          0x0800518f   Thumb Code     0  rt_memclr.o(.text)
    __rt_memclr_w                            0x0800518f   Thumb Code     4  rt_memclr.o(.text)
    __aeabi_uidiv                            0x08005193   Thumb Code     0  aeabi_sdiv.o(.text)
    __aeabi_uidivmod                         0x08005193   Thumb Code    20  aeabi_sdiv.o(.text)
    __aeabi_idiv                             0x080051a7   Thumb Code     0  aeabi_sdiv.o(.text)
    __aeabi_idivmod                          0x080051a7   Thumb Code   326  aeabi_sdiv.o(.text)
    __use_two_region_memory                  0x080052ed   Thumb Code     2  heapauxi.o(.text)
    __rt_heap_escrow$2region                 0x080052ef   Thumb Code     2  heapauxi.o(.text)
    __rt_heap_expand$2region                 0x080052f1   Thumb Code     2  heapauxi.o(.text)
    __aeabi_d2f                              0x080052f5   Thumb Code     0  d2f.o(.text)
    _d2f                                     0x080052f5   Thumb Code   120  d2f.o(.text)
    __aeabi_dadd                             0x08005669   Thumb Code     0  daddsub.o(.text)
    _dadd                                    0x08005669   Thumb Code    26  daddsub.o(.text)
    __aeabi_dsub                             0x08005683   Thumb Code     0  daddsub.o(.text)
    _dsub                                    0x08005683   Thumb Code    22  daddsub.o(.text)
    __aeabi_drsub                            0x08005699   Thumb Code     0  daddsub.o(.text)
    _drsb                                    0x08005699   Thumb Code    28  daddsub.o(.text)
    __aeabi_ddiv                             0x080056c9   Thumb Code     0  ddiv.o(.text)
    _ddiv                                    0x080056c9   Thumb Code  1072  ddiv.o(.text)
    _drdiv                                   0x08005af9   Thumb Code    20  ddiv.o(.text)
    __aeabi_d2iz                             0x08005b11   Thumb Code     0  dfixi.o(.text)
    _dfix                                    0x08005b11   Thumb Code    98  dfixi.o(.text)
    __aeabi_d2uiz                            0x08005b7d   Thumb Code     0  dfixui.o(.text)
    _dfixu                                   0x08005b7d   Thumb Code    68  dfixui.o(.text)
    __aeabi_i2d_normalise                    0x08005bc5   Thumb Code    66  dflti.o(.text)
    __aeabi_i2d                              0x08005c07   Thumb Code    16  dflti.o(.text)
    _dflt                                    0x08005c07   Thumb Code     0  dflti.o(.text)
    __aeabi_ui2d                             0x08005c17   Thumb Code     6  dflti.o(.text)
    _dfltu                                   0x08005c17   Thumb Code     0  dflti.o(.text)
    __aeabi_dmul                             0x08005c1d   Thumb Code     0  dmul.o(.text)
    _dmul                                    0x08005c1d   Thumb Code   558  dmul.o(.text)
    __aeabi_f2d                              0x08005e65   Thumb Code     0  f2d.o(.text)
    _f2d                                     0x08005e65   Thumb Code    80  f2d.o(.text)
    __aeabi_fdiv                             0x08005eb9   Thumb Code     0  fdiv.o(.text)
    _fdiv                                    0x08005eb9   Thumb Code   334  fdiv.o(.text)
    _frdiv                                   0x08006007   Thumb Code     8  fdiv.o(.text)
    __aeabi_f2iz                             0x08006019   Thumb Code     0  ffixi.o(.text)
    _ffix                                    0x08006019   Thumb Code    76  ffixi.o(.text)
    __aeabi_i2f_normalise                    0x08006065   Thumb Code    72  fflti.o(.text)
    __aeabi_i2f                              0x080060ad   Thumb Code    16  fflti.o(.text)
    _fflt                                    0x080060ad   Thumb Code     0  fflti.o(.text)
    __aeabi_ui2f                             0x080060bd   Thumb Code     6  fflti.o(.text)
    _ffltu                                   0x080060bd   Thumb Code     0  fflti.o(.text)
    __read_errno                             0x080060c3   Thumb Code    10  _rserrno.o(.text)
    __set_errno                              0x080060cd   Thumb Code    12  _rserrno.o(.text)
    __ARM_scalbn                             0x080060d9   Thumb Code    84  dscalbn.o(.text)
    _dsqrt                                   0x08006139   Thumb Code   248  dsqrt.o(.text)
    __aeabi_errno_addr                       0x08006239   Thumb Code     8  rt_errno_addr_intlibspace.o(.text)
    __errno$intlibspace                      0x08006239   Thumb Code     0  rt_errno_addr_intlibspace.o(.text)
    __rt_errno_addr$intlibspace              0x08006239   Thumb Code     0  rt_errno_addr_intlibspace.o(.text)
    __fpl_dcmp_InfNaN                        0x08006241   Thumb Code   140  dcmpin.o(.text)
    __user_libspace                          0x080062d1   Thumb Code     8  libspace.o(.text)
    __user_perproc_libspace                  0x080062d1   Thumb Code     0  libspace.o(.text)
    __user_perthread_libspace                0x080062d1   Thumb Code     0  libspace.o(.text)
    __user_setup_stackheap                   0x080062d9   Thumb Code    62  sys_stackheap_outer.o(.text)
    exit                                     0x08006317   Thumb Code    12  exit.o(.text)
    __fpl_cmpreturn                          0x08006325   Thumb Code    44  cmpret.o(.text)
    __fpl_dcheck_NaN2                        0x08006355   Thumb Code    14  dnan2.o(.text)
    __fpl_return_NaN                         0x08006369   Thumb Code    94  retnan.o(.text)
    _sys_exit                                0x080063c9   Thumb Code     8  sys_exit.o(.text)
    __I$use$semihosting                      0x080063d5   Thumb Code     0  use_no_semi.o(.text)
    __use_no_semihosting_swi                 0x080063d5   Thumb Code     2  use_no_semi.o(.text)
    __decompress                             0x080063d7   Thumb Code     0  __dczerorl2.o(.text)
    __decompress1                            0x080063d7   Thumb Code    86  __dczerorl2.o(.text)
    __semihosting_library_function           0x080063d7   Thumb Code     0  indicate_semi.o(.text)
    __ARM_common_ll_muluu                    0x0800642d   Thumb Code    50  rred.o(i.__ARM_common_ll_muluu)
    __ARM_fpclassify                         0x08006461   Thumb Code    40  fpclassify.o(i.__ARM_fpclassify)
    __ieee754_rem_pio2                       0x0800648d   Thumb Code   838  rred.o(i.__ieee754_rem_pio2)
    __kernel_cos                             0x08006829   Thumb Code   224  cos_i.o(i.__kernel_cos)
    __kernel_poly                            0x0800691d   Thumb Code   172  poly.o(i.__kernel_poly)
    __kernel_sin                             0x080069c9   Thumb Code   222  sin_i.o(i.__kernel_sin)
    __mathlib_dbl_divzero                    0x08006ab5   Thumb Code    16  dunder.o(i.__mathlib_dbl_divzero)
    __mathlib_dbl_infnan                     0x08006ac9   Thumb Code    10  dunder.o(i.__mathlib_dbl_infnan)
    __mathlib_dbl_infnan2                    0x08006ad3   Thumb Code     8  dunder.o(i.__mathlib_dbl_infnan2)
    __mathlib_dbl_invalid                    0x08006adb   Thumb Code    16  dunder.o(i.__mathlib_dbl_invalid)
    __mathlib_dbl_overflow                   0x08006aed   Thumb Code    16  dunder.o(i.__mathlib_dbl_overflow)
    __mathlib_dbl_underflow                  0x08006b01   Thumb Code    14  dunder.o(i.__mathlib_dbl_underflow)
    atan                                     0x08006b15   Thumb Code   472  atan.o(i.atan)
    atan2                                    0x08006d31   Thumb Code   334  atan2.o(i.atan2)
    cos                                      0x08006ea9   Thumb Code   142  cos.o(i.cos)
    pow                                      0x08006f41   Thumb Code  2428  pow.o(i.pow)
    sin                                      0x080078c1   Thumb Code   146  sin.o(i.sin)
    sqrt                                     0x0800795d   Thumb Code    66  sqrt.o(i.sqrt)
    __aeabi_cdrcmple                         0x080079a5   Thumb Code     0  drlef.o(x$fpl$drleqf)
    _drcmple                                 0x080079a5   Thumb Code   100  drlef.o(x$fpl$drleqf)
    __aeabi_fadd                             0x08007a0d   Thumb Code     0  faddsub.o(x$fpl$fadd)
    _fadd                                    0x08007a0d   Thumb Code   134  faddsub.o(x$fpl$fadd)
    __aeabi_fmul                             0x08007a99   Thumb Code     0  fmul.o(x$fpl$fmul)
    _fmul                                    0x08007a99   Thumb Code   172  fmul.o(x$fpl$fmul)
    __aeabi_fsub                             0x08007b49   Thumb Code     0  faddsub.o(x$fpl$fsub)
    _fsub                                    0x08007b49   Thumb Code   204  faddsub.o(x$fpl$fsub)
    __I$use$fp                               0x08007c18   Number         0  usenofp.o(x$fpl$usenofp)
    __mathlib_zero                           0x08007e28   Data           8  qnan.o(.constdata)
    Region$$Table$$Base                      0x08007f20   Number         0  anon$$obj.o(Region$$Table)
    Region$$Table$$Limit                     0x08007f40   Number         0  anon$$obj.o(Region$$Table)
    SystemCoreClock                          0x20000010   Data           4  system_stm32f0xx.o(.data)
    AHBPrescTable                            0x20000014   Data          16  system_stm32f0xx.o(.data)
    _radio_freq                              0x20000024   Data           2  main.o(.data)
    _radio_panID                             0x20000026   Data           2  main.o(.data)
    _src_ID                                  0x20000028   Data           2  main.o(.data)
    Speed_m_s                                0x2000002c   Data           4  main.o(.data)
    heading_deg                              0x20000030   Data           4  main.o(.data)
    Front_ID                                 0x20000034   Data           1  main.o(.data)
    Rear_ID                                  0x20000035   Data           1  main.o(.data)
    function                                 0x2000003c   Data           4  stm32f0xx_it.o(.data)
    Timer_Connect_Flag_Beacon                0x20000040   Data           4  stm32f0xx_it.o(.data)
    timer_ticks_Beacon                       0x20000044   Data           4  stm32f0xx_it.o(.data)
    timer_period_Beacon                      0x20000048   Data           4  stm32f0xx_it.o(.data)
    timer_flag_Beacon                        0x2000004c   Data           4  stm32f0xx_it.o(.data)
    timer_flag                               0x20000050   Data           8  stm32f0xx_it.o(.data)
    TimObj                                   0x20000058   Data          68  st.o(.data)
    Temp                                     0x2000009c   Data           1  lea6sapis.o(.data)
    TempBufferCount                          0x2000009d   Data           1  lea6sapis.o(.data)
    GPSDataReady                             0x2000009e   Data           1  lea6sapis.o(.data)
    p                                        0x200000a0   Data           4  lea6sapis.o(.data)
    CommandTxBuffer                          0x200000a4   Data          64  mcp2120apis.o(.data)
    CommandRxBufferLen                       0x200000e4   Data           1  mcp2120apis.o(.data)
    CommandRxBufferLen2                      0x200000e5   Data           1  mcp2120apis.o(.data)
    ax_offset                                0x200000e8   Data           2  mpu6050apis.o(.data)
    ay_offset                                0x200000ea   Data           2  mpu6050apis.o(.data)
    az_offset                                0x200000ec   Data           2  mpu6050apis.o(.data)
    initial                                  0x200000f0   Data           4  mpu6050apis.o(.data)
    true_x                                   0x200000f4   Data           4  mpu6050apis.o(.data)
    true_y                                   0x200000f8   Data           4  mpu6050apis.o(.data)
    true_z                                   0x200000fc   Data           4  mpu6050apis.o(.data)
    state                                    0x20000100   Data           4  mpu6050apis.o(.data)
    buffersize                               0x20000104   Data           4  mpu6050apis.o(.data)
    acel_deadzone                            0x20000108   Data           4  mpu6050apis.o(.data)
    mean_ax                                  0x2000010c   Data           2  mpu6050apis.o(.data)
    mean_ay                                  0x2000010e   Data           2  mpu6050apis.o(.data)
    mean_az                                  0x20000110   Data           2  mpu6050apis.o(.data)
    BufferLen                                0x20000112   Data           2  us2400apis.o(.data)
    SerialNumber                             0x20000114   Data           1  us2400apis.o(.data)
    DataLen_temp                             0x20000118   Data           1  txrx.o(.data)
    Group_count                              0x2000011c   Data           4  txrx.o(.data)
    Group_flag                               0x20000120   Data           4  txrx.o(.data)
    num                                      0x20000124   Data           4  txrx.o(.data)
    i                                        0x20000128   Data           4  txrx.o(.data)
    j                                        0x2000012c   Data           4  txrx.o(.data)
    k                                        0x20000130   Data           4  txrx.o(.data)
    gps_m                                    0x20000134   Data           4  txrx.o(.data)
    CheckTime                                0x20000138   Data           4  txrx.o(.data)
    ConfirmGroupTime                         0x2000013c   Data           4  txrx.o(.data)
    Group                                    0x20000140   Data           6  txrx.o(.data)
    Condition                                0x20000146   Data          24  txrx.o(.data)
    NbrOfDataToTransfer                      0x2000015e   Data           1  com.o(.data)
    NbrOfDataToRead                          0x2000015f   Data           1  com.o(.data)
    UartTxCount                              0x20000160   Data           1  com.o(.data)
    UartRxCount                              0x20000162   Data           2  com.o(.data)
    UartTxState                              0x20000164   Data           1  com.o(.data)
    UartRxState                              0x20000165   Data           1  com.o(.data)
    ID                                       0x20000168   Data           1  autonetapis.o(.data)
    CommanderID                              0x20000169   Data           1  autonetapis.o(.data)
    DataLen                                  0x2000016a   Data           1  autonetapis.o(.data)
    RFLqi                                    0x2000016b   Data           1  autonetapis.o(.data)
    RFRssi                                   0x2000016c   Data           1  autonetapis.o(.data)
    rssi                                     0x2000016d   Data           1  autonetapis.o(.data)
    framelength                              0x2000016e   Data           1  autonetapis.o(.data)
    RFTxState                                0x2000016f   Data           1  autonetapis.o(.data)
    RFRxState                                0x20000170   Data           1  autonetapis.o(.data)
    RFSleepState                             0x20000171   Data           1  autonetapis.o(.data)
    TimeoutFlag                              0x20000172   Data           1  autonetapis.o(.data)
    lightState                               0x20000173   Data           1  autonetapis.o(.data)
    AK8975MagX                               0x20000174   Data           2  autonetapis.o(.data)
    AK8975MagY                               0x20000176   Data           2  autonetapis.o(.data)
    AK8975MagZ                               0x20000178   Data           2  autonetapis.o(.data)
    MPU6050AccX                              0x2000017a   Data           2  autonetapis.o(.data)
    MPU6050AccY                              0x2000017c   Data           2  autonetapis.o(.data)
    MPU6050AccZ                              0x2000017e   Data           2  autonetapis.o(.data)
    MPU6050GyroX                             0x20000180   Data           2  autonetapis.o(.data)
    MPU6050GyroY                             0x20000182   Data           2  autonetapis.o(.data)
    MPU6050GyroZ                             0x20000184   Data           2  autonetapis.o(.data)
    RealspeedH                               0x20000186   Data           1  autonetapis.o(.data)
    RealspeedL                               0x20000187   Data           1  autonetapis.o(.data)
    Temperature                              0x20000188   Data           4  autonetapis.o(.data)
    Lux                                      0x2000018c   Data           2  autonetapis.o(.data)
    Mag3110MagX                              0x2000018e   Data           2  autonetapis.o(.data)
    Mag3110MagY                              0x20000190   Data           2  autonetapis.o(.data)
    Mag3110MagZ                              0x20000192   Data           2  autonetapis.o(.data)
    time                                     0x20000194   Data           4  autonetapis.o(.data)
    flat_heading                             0x20000198   Data           4  autonetapis.o(.data)
    tilt_heading                             0x2000019c   Data           4  autonetapis.o(.data)
    flat_headingH                            0x200001a0   Data           1  autonetapis.o(.data)
    flat_headingL                            0x200001a1   Data           1  autonetapis.o(.data)
    max_x                                    0x200001a2   Data           2  autonetapis.o(.data)
    min_x                                    0x200001a4   Data           2  autonetapis.o(.data)
    max_y                                    0x200001a6   Data           2  autonetapis.o(.data)
    min_y                                    0x200001a8   Data           2  autonetapis.o(.data)
    max_z                                    0x200001aa   Data           2  autonetapis.o(.data)
    min_z                                    0x200001ac   Data           2  autonetapis.o(.data)
    Speed_x                                  0x200001b0   Data           4  autonetapis.o(.data)
    Speed_y                                  0x200001b4   Data           4  autonetapis.o(.data)
    Speed_z                                  0x200001b8   Data           4  autonetapis.o(.data)
    Speed                                    0x200001bc   Data           2  autonetapis.o(.data)
    drive                                    0x200001c0   Data           4  autonetapis.o(.data)
    PI                                       0x200001c8   Data           8  autonetapis.o(.data)
    s1                                       0x200001d0   Data           2  autonetapis.o(.data)
    s2                                       0x200001d2   Data           2  autonetapis.o(.data)
    FrontID                                  0x200001d4   Data           1  autonetapis.o(.data)
    RearID                                   0x200001d5   Data           1  autonetapis.o(.data)
    Lat                                      0x200001d6   Data           1  autonetapis.o(.data)
    Long                                     0x200001d7   Data           1  autonetapis.o(.data)
    Lat_deg                                  0x200001d8   Data           1  autonetapis.o(.data)
    Lat_min                                  0x200001d9   Data           1  autonetapis.o(.data)
    Lat_sec                                  0x200001da   Data           1  autonetapis.o(.data)
    Lat_dir                                  0x200001db   Data           1  autonetapis.o(.data)
    Long_deg                                 0x200001dc   Data           1  autonetapis.o(.data)
    Long_min                                 0x200001dd   Data           1  autonetapis.o(.data)
    Long_sec                                 0x200001de   Data           1  autonetapis.o(.data)
    Long_dir                                 0x200001df   Data           1  autonetapis.o(.data)
    pos1                                     0x200001e0   Data           1  autonetapis.o(.data)
    pos2                                     0x200001e1   Data           1  autonetapis.o(.data)
    Timer_Connect_Flag                       0x200001e4   Data          32  stm32f0xx_it.o(.bss)
    timer_ticks                              0x20000204   Data          32  stm32f0xx_it.o(.bss)
    timer_period                             0x20000224   Data          32  stm32f0xx_it.o(.bss)
    TempBuffer                               0x20000244   Data          64  lea6sapis.o(.bss)
    CommandRxBuffer                          0x20000284   Data          64  mcp2120apis.o(.bss)
    CommandRxBuffer2                         0x200002c4   Data          64  mcp2120apis.o(.bss)
    Buffer                                   0x20000304   Data         256  us2400apis.o(.bss)
    Value                                    0x20000404   Data         256  us2400apis.o(.bss)
    TxBuff                                   0x20000504   Data         256  us2400apis.o(.bss)
    RxBuff                                   0x20000604   Data         256  us2400apis.o(.bss)
    TxTempBuff                               0x20000704   Data         256  us2400apis.o(.bss)
    Data_table                               0x20000804   Data         144  txrx.o(.bss)
    My_Data_table                            0x20000894   Data          24  txrx.o(.bss)
    UartTxBuffer                             0x200008c0   Data         255  com.o(.bss)
    UartRxBuffer                             0x200009bf   Data         255  com.o(.bss)
    RFTxBuffer                               0x20000abe   Data         255  autonetapis.o(.bss)
    Data                                     0x20000bbd   Data         128  autonetapis.o(.bss)
    pTxData                                  0x20000c3d   Data         128  autonetapis.o(.bss)
    pRxData                                  0x20000cbd   Data         128  autonetapis.o(.bss)
    __libspace_start                         0x20000d40   Data          96  libspace.o(.bss)
    __temporary_stack_top$libspace           0x20000da0   Data           0  libspace.o(.bss)



==============================================================================

Memory Map of the image

  Image Entry point : 0x08001b15

  Load Region LR_1 (Base: 0x08000000, Size: 0x00008124, Max: 0xffffffff, ABSOLUTE, COMPRESSED[0x00007fa8])

    Execution Region ER_RO (Base: 0x08000000, Size: 0x00007f40, Max: 0xffffffff, ABSOLUTE)

    Base Addr    Size         Type   Attr      Idx    E Section Name        Object

    0x08000000   0x000000c0   Data   RO          513    RESET               startup_stm32f0xx.o
    0x080000c0   0x00000008   Code   RO         1104  * !!!main             c_p.l(__main.o)
    0x080000c8   0x0000003c   Code   RO         1417    !!!scatter          c_p.l(__scatter.o)
    0x08000104   0x0000001c   Code   RO         1419    !!handler_zi        c_p.l(__scatter_zi.o)
    0x08000120   0x00000002   Code   RO         1282    .ARM.Collect$$libinit$$00000000  c_p.l(libinit.o)
    0x08000122   0x00000000   Code   RO         1297    .ARM.Collect$$libinit$$00000002  c_p.l(libinit2.o)
    0x08000122   0x00000000   Code   RO         1299    .ARM.Collect$$libinit$$00000004  c_p.l(libinit2.o)
    0x08000122   0x00000000   Code   RO         1302    .ARM.Collect$$libinit$$0000000A  c_p.l(libinit2.o)
    0x08000122   0x00000000   Code   RO         1304    .ARM.Collect$$libinit$$0000000C  c_p.l(libinit2.o)
    0x08000122   0x00000000   Code   RO         1306    .ARM.Collect$$libinit$$0000000E  c_p.l(libinit2.o)
    0x08000122   0x00000000   Code   RO         1309    .ARM.Collect$$libinit$$00000011  c_p.l(libinit2.o)
    0x08000122   0x00000000   Code   RO         1311    .ARM.Collect$$libinit$$00000013  c_p.l(libinit2.o)
    0x08000122   0x00000000   Code   RO         1313    .ARM.Collect$$libinit$$00000015  c_p.l(libinit2.o)
    0x08000122   0x00000000   Code   RO         1315    .ARM.Collect$$libinit$$00000017  c_p.l(libinit2.o)
    0x08000122   0x00000000   Code   RO         1317    .ARM.Collect$$libinit$$00000019  c_p.l(libinit2.o)
    0x08000122   0x00000000   Code   RO         1319    .ARM.Collect$$libinit$$0000001B  c_p.l(libinit2.o)
    0x08000122   0x00000000   Code   RO         1321    .ARM.Collect$$libinit$$0000001D  c_p.l(libinit2.o)
    0x08000122   0x00000000   Code   RO         1323    .ARM.Collect$$libinit$$0000001F  c_p.l(libinit2.o)
    0x08000122   0x00000000   Code   RO         1325    .ARM.Collect$$libinit$$00000021  c_p.l(libinit2.o)
    0x08000122   0x00000000   Code   RO         1327    .ARM.Collect$$libinit$$00000023  c_p.l(libinit2.o)
    0x08000122   0x00000000   Code   RO         1329    .ARM.Collect$$libinit$$00000025  c_p.l(libinit2.o)
    0x08000122   0x00000000   Code   RO         1333    .ARM.Collect$$libinit$$0000002C  c_p.l(libinit2.o)
    0x08000122   0x00000000   Code   RO         1335    .ARM.Collect$$libinit$$0000002E  c_p.l(libinit2.o)
    0x08000122   0x00000000   Code   RO         1337    .ARM.Collect$$libinit$$00000030  c_p.l(libinit2.o)
    0x08000122   0x00000000   Code   RO         1339    .ARM.Collect$$libinit$$00000032  c_p.l(libinit2.o)
    0x08000122   0x00000002   Code   RO         1340    .ARM.Collect$$libinit$$00000033  c_p.l(libinit2.o)
    0x08000124   0x00000002   Code   RO         1373    .ARM.Collect$$libshutdown$$00000000  c_p.l(libshutdown.o)
    0x08000126   0x00000000   Code   RO         1400    .ARM.Collect$$libshutdown$$00000003  c_p.l(libshutdown2.o)
    0x08000126   0x00000000   Code   RO         1403    .ARM.Collect$$libshutdown$$00000006  c_p.l(libshutdown2.o)
    0x08000126   0x00000000   Code   RO         1406    .ARM.Collect$$libshutdown$$00000009  c_p.l(libshutdown2.o)
    0x08000126   0x00000000   Code   RO         1408    .ARM.Collect$$libshutdown$$0000000B  c_p.l(libshutdown2.o)
    0x08000126   0x00000000   Code   RO         1411    .ARM.Collect$$libshutdown$$0000000E  c_p.l(libshutdown2.o)
    0x08000126   0x00000002   Code   RO         1412    .ARM.Collect$$libshutdown$$0000000F  c_p.l(libshutdown2.o)
    0x08000128   0x00000000   Code   RO         1180    .ARM.Collect$$rtentry$$00000000  c_p.l(__rtentry.o)
    0x08000128   0x00000000   Code   RO         1242    .ARM.Collect$$rtentry$$00000002  c_p.l(__rtentry2.o)
    0x08000128   0x00000006   Code   RO         1254    .ARM.Collect$$rtentry$$00000004  c_p.l(__rtentry4.o)
    0x0800012e   0x00000000   Code   RO         1244    .ARM.Collect$$rtentry$$00000009  c_p.l(__rtentry2.o)
    0x0800012e   0x00000004   Code   RO         1245    .ARM.Collect$$rtentry$$0000000A  c_p.l(__rtentry2.o)
    0x08000132   0x00000000   Code   RO         1247    .ARM.Collect$$rtentry$$0000000C  c_p.l(__rtentry2.o)
    0x08000132   0x00000008   Code   RO         1248    .ARM.Collect$$rtentry$$0000000D  c_p.l(__rtentry2.o)
    0x0800013a   0x00000002   Code   RO         1288    .ARM.Collect$$rtexit$$00000000  c_p.l(rtexit.o)
    0x0800013c   0x00000000   Code   RO         1346    .ARM.Collect$$rtexit$$00000002  c_p.l(rtexit2.o)
    0x0800013c   0x00000004   Code   RO         1347    .ARM.Collect$$rtexit$$00000003  c_p.l(rtexit2.o)
    0x08000140   0x00000006   Code   RO         1348    .ARM.Collect$$rtexit$$00000004  c_p.l(rtexit2.o)
    0x08000146   0x00000002   PAD
    0x08000148   0x00000038   Code   RO         1092    .emb_text           c_p.l(rt_memcpy.o)
    0x08000180   0x00000170   Code   RO          211    .text               stm32f0xx_dma.o
    0x080002f0   0x000000f8   Code   RO          231    .text               stm32f0xx_exti.o
    0x080003e8   0x000001f0   Code   RO          271    .text               stm32f0xx_gpio.o
    0x080005d8   0x00000496   Code   RO          291    .text               stm32f0xx_i2c.o
    0x08000a6e   0x00000002   PAD
    0x08000a70   0x000000b4   Code   RO          331    .text               stm32f0xx_misc.o
    0x08000b24   0x000005f8   Code   RO          371    .text               stm32f0xx_rcc.o
    0x0800111c   0x000003bc   Code   RO          413    .text               stm32f0xx_spi.o
    0x080014d8   0x000000f0   Code   RO          433    .text               stm32f0xx_syscfg.o
    0x080015c8   0x0000054c   Code   RO          473    .text               stm32f0xx_usart.o
    0x08001b14   0x00000038   Code   RO          514  * .text               startup_stm32f0xx.o
    0x08001b4c   0x000001f8   Code   RO          520    .text               system_stm32f0xx.o
    0x08001d44   0x000000a8   Code   RO          564    .text               main.o
    0x08001dec   0x00000404   Code   RO          634    .text               stm32f0xx_it.o
    0x080021f0   0x000001bc   Code   RO          675    .text               spi.o
    0x080023ac   0x000000d8   Code   RO          698    .text               st.o
    0x08002484   0x00000270   Code   RO          724    .text               i2c.o
    0x080026f4   0x000000ec   Code   RO          747    .text               ak8975apis.o
    0x080027e0   0x000001bc   Code   RO          802    .text               lea6sapis.o
    0x0800299c   0x0000018c   Code   RO          863    .text               mcp2120apis.o
    0x08002b28   0x0000063c   Code   RO          900    .text               mpu6050apis.o
    0x08003164   0x000006d8   Code   RO          960    .text               us2400apis.o
    0x0800383c   0x000007a8   Code   RO         1003    .text               txrx.o
    0x08003fe4   0x000002b0   Code   RO         1031    .text               com.o
    0x08004294   0x00000d74   Code   RO         1055    .text               autonetapis.o
    0x08005008   0x00000028   Code   RO         1086    .text               c_p.l(strstr.o)
    0x08005030   0x0000005a   Code   RO         1088    .text               c_p.l(memcmp.o)
    0x0800508a   0x00000002   PAD
    0x0800508c   0x00000044   Code   RO         1090    .text               c_p.l(strlen.o)
    0x080050d0   0x00000082   Code   RO         1093    .text               c_p.l(rt_memcpy.o)
    0x08005152   0x00000040   Code   RO         1096    .text               c_p.l(rt_memclr.o)
    0x08005192   0x0000015a   Code   RO         1098    .text               c_p.l(aeabi_sdiv.o)
    0x080052ec   0x00000006   Code   RO         1102    .text               c_p.l(heapauxi.o)
    0x080052f2   0x00000002   PAD
    0x080052f4   0x0000007c   Code   RO         1106    .text               fz_ps.l(d2f.o)
    0x08005370   0x00000358   Code   RO         1108    .text               fz_ps.l(daddsub.o)
    0x080056c8   0x00000448   Code   RO         1110    .text               fz_ps.l(ddiv.o)
    0x08005b10   0x0000006c   Code   RO         1113    .text               fz_ps.l(dfixi.o)
    0x08005b7c   0x00000048   Code   RO         1115    .text               fz_ps.l(dfixui.o)
    0x08005bc4   0x00000058   Code   RO         1117    .text               fz_ps.l(dflti.o)
    0x08005c1c   0x00000248   Code   RO         1119    .text               fz_ps.l(dmul.o)
    0x08005e64   0x00000054   Code   RO         1121    .text               fz_ps.l(f2d.o)
    0x08005eb8   0x00000160   Code   RO         1129    .text               fz_ps.l(fdiv.o)
    0x08006018   0x0000004c   Code   RO         1132    .text               fz_ps.l(ffixi.o)
    0x08006064   0x0000005e   Code   RO         1134    .text               fz_ps.l(fflti.o)
    0x080060c2   0x00000016   Code   RO         1185    .text               c_p.l(_rserrno.o)
    0x080060d8   0x00000060   Code   RO         1191    .text               fz_ps.l(dscalbn.o)
    0x08006138   0x00000100   Code   RO         1193    .text               fz_ps.l(dsqrt.o)
    0x08006238   0x00000008   Code   RO         1261    .text               c_p.l(rt_errno_addr_intlibspace.o)
    0x08006240   0x00000090   Code   RO         1263    .text               fz_ps.l(dcmpin.o)
    0x080062d0   0x00000008   Code   RO         1265    .text               c_p.l(libspace.o)
    0x080062d8   0x0000003e   Code   RO         1268    .text               c_p.l(sys_stackheap_outer.o)
    0x08006316   0x0000000c   Code   RO         1271    .text               c_p.l(exit.o)
    0x08006322   0x00000002   PAD
    0x08006324   0x00000030   Code   RO         1283    .text               fz_ps.l(cmpret.o)
    0x08006354   0x00000014   Code   RO         1285    .text               fz_ps.l(dnan2.o)
    0x08006368   0x0000005e   Code   RO         1341    .text               fz_ps.l(retnan.o)
    0x080063c6   0x00000002   PAD
    0x080063c8   0x0000000c   Code   RO         1343    .text               c_p.l(sys_exit.o)
    0x080063d4   0x00000002   Code   RO         1362    .text               c_p.l(use_no_semi.o)
    0x080063d6   0x00000000   Code   RO         1364    .text               c_p.l(indicate_semi.o)
    0x080063d6   0x00000056   Code   RO         1415    .text               c_p.l(__dczerorl2.o)
    0x0800642c   0x00000032   Code   RO         1233    i.__ARM_common_ll_muluu  m_ps.l(rred.o)
    0x0800645e   0x00000002   PAD
    0x08006460   0x0000002c   Code   RO         1223    i.__ARM_fpclassify  m_ps.l(fpclassify.o)
    0x0800648c   0x0000039c   Code   RO         1228    i.__ieee754_rem_pio2  m_ps.l(rred.o)
    0x08006828   0x000000f4   Code   RO         1206    i.__kernel_cos      m_ps.l(cos_i.o)
    0x0800691c   0x000000ac   Code   RO         1225    i.__kernel_poly     m_ps.l(poly.o)
    0x080069c8   0x000000ec   Code   RO         1235    i.__kernel_sin      m_ps.l(sin_i.o)
    0x08006ab4   0x00000014   Code   RO         1209    i.__mathlib_dbl_divzero  m_ps.l(dunder.o)
    0x08006ac8   0x0000000a   Code   RO         1210    i.__mathlib_dbl_infnan  m_ps.l(dunder.o)
    0x08006ad2   0x00000008   Code   RO         1211    i.__mathlib_dbl_infnan2  m_ps.l(dunder.o)
    0x08006ada   0x00000010   Code   RO         1212    i.__mathlib_dbl_invalid  m_ps.l(dunder.o)
    0x08006aea   0x00000002   PAD
    0x08006aec   0x00000014   Code   RO         1213    i.__mathlib_dbl_overflow  m_ps.l(dunder.o)
    0x08006b00   0x00000014   Code   RO         1215    i.__mathlib_dbl_underflow  m_ps.l(dunder.o)
    0x08006b14   0x0000021c   Code   RO         1197    i.atan              m_ps.l(atan.o)
    0x08006d30   0x00000178   Code   RO         1139    i.atan2             m_ps.l(atan2.o)
    0x08006ea8   0x00000098   Code   RO         1147    i.cos               m_ps.l(cos.o)
    0x08006f40   0x00000980   Code   RO         1155    i.pow               m_ps.l(pow.o)
    0x080078c0   0x0000009c   Code   RO         1165    i.sin               m_ps.l(sin.o)
    0x0800795c   0x00000048   Code   RO         1173    i.sqrt              m_ps.l(sqrt.o)
    0x080079a4   0x00000068   Code   RO         1189    x$fpl$drleqf        fz_ps.l(drlef.o)
    0x08007a0c   0x0000008c   Code   RO         1123    x$fpl$fadd          fz_ps.l(faddsub.o)
    0x08007a98   0x000000b0   Code   RO         1136    x$fpl$fmul          fz_ps.l(fmul.o)
    0x08007b48   0x000000d0   Code   RO         1125    x$fpl$fsub          fz_ps.l(faddsub.o)
    0x08007c18   0x00000000   Code   RO         1195    x$fpl$usenofp       fz_ps.l(usenofp.o)
    0x08007c18   0x00000080   Data   RO         1111    .constdata          fz_ps.l(ddiv.o)
    0x08007c98   0x00000040   Data   RO         1130    .constdata          fz_ps.l(fdiv.o)
    0x08007cd8   0x00000088   Data   RO         1156    .constdata          m_ps.l(pow.o)
    0x08007d60   0x00000098   Data   RO         1198    .constdata          m_ps.l(atan.o)
    0x08007df8   0x00000030   Data   RO         1207    .constdata          m_ps.l(cos_i.o)
    0x08007e28   0x00000008   Data   RO         1227    .constdata          m_ps.l(qnan.o)
    0x08007e30   0x000000c8   Data   RO         1230    .constdata          m_ps.l(rred.o)
    0x08007ef8   0x00000028   Data   RO         1236    .constdata          m_ps.l(sin_i.o)
    0x08007f20   0x00000020   Data   RO         1413    Region$$Table       anon$$obj.o


    Execution Region ER_RW (Base: 0x20000000, Size: 0x000001e4, Max: 0xffffffff, ABSOLUTE, COMPRESSED[0x00000068])

    Base Addr    Size         Type   Attr      Idx    E Section Name        Object

    0x20000000   0x00000010   Data   RW          372    .data               stm32f0xx_rcc.o
    0x20000010   0x00000014   Data   RW          521    .data               system_stm32f0xx.o
    0x20000024   0x00000018   Data   RW          565    .data               main.o
    0x2000003c   0x0000001c   Data   RW          636    .data               stm32f0xx_it.o
    0x20000058   0x00000044   Data   RW          699    .data               st.o
    0x2000009c   0x00000008   Data   RW          804    .data               lea6sapis.o
    0x200000a4   0x00000042   Data   RW          865    .data               mcp2120apis.o
    0x200000e6   0x00000002   PAD
    0x200000e8   0x0000002a   Data   RW          901    .data               mpu6050apis.o
    0x20000112   0x00000003   Data   RW          962    .data               us2400apis.o
    0x20000115   0x00000003   PAD
    0x20000118   0x00000046   Data   RW         1005    .data               txrx.o
    0x2000015e   0x00000008   Data   RW         1033    .data               com.o
    0x20000166   0x00000002   PAD
    0x20000168   0x0000007a   Data   RW         1057    .data               autonetapis.o


    Execution Region ER_ZI (Base: 0x200001e4, Size: 0x000011bc, Max: 0xffffffff, ABSOLUTE)

    Base Addr    Size         Type   Attr      Idx    E Section Name        Object

    0x200001e4   0x00000060   Zero   RW          635    .bss                stm32f0xx_it.o
    0x20000244   0x00000040   Zero   RW          803    .bss                lea6sapis.o
    0x20000284   0x00000080   Zero   RW          864    .bss                mcp2120apis.o
    0x20000304   0x00000500   Zero   RW          961    .bss                us2400apis.o
    0x20000804   0x000000bc   Zero   RW         1004    .bss                txrx.o
    0x200008c0   0x000001fe   Zero   RW         1032    .bss                com.o
    0x20000abe   0x0000027f   Zero   RW         1056    .bss                autonetapis.o
    0x20000d3d   0x00000003   PAD
    0x20000d40   0x00000060   Zero   RW         1266    .bss                c_p.l(libspace.o)
    0x20000da0   0x00000200   Zero   RW          512    HEAP                startup_stm32f0xx.o
    0x20000fa0   0x00000400   Zero   RW          511    STACK               startup_stm32f0xx.o

