<html>
<body>
<pre>
<h1>µVision Build Log</h1>
<h2>Tool Versions:</h2>
IDE-Version: £gVision V5.15
Copyright (C) 2015 ARM Ltd and ARM Germany GmbH. All rights reserved.
License Information: An-Che Teng, Teng, LIC=NQQNN-YXECH-ARZXW-QSFBN-EKBDN-I5BA8
 
Tool Versions:
Toolchain:       MDK-ARM Standard  Version: 5.15.0
Toolchain Path:  C:\Keil_v5\ARM\ARMCC\Bin
C Compiler:      Armcc.exe V5.05 update 2 (build 169)
Assembler:       Armasm.exe V5.05 update 2 (build 169)
Linker/Locator:  ArmLink.exe V5.05 update 2 (build 169)
Library Manager: ArmAr.exe V5.05 update 2 (build 169)
Hex Converter:   FromElf.exe V5.05 update 2 (build 169)
CPU DLL:         SARMCM3.DLL V5.15.0
Dialog DLL:      DARMCM1.DLL V1.12.0.0
Target DLL:      STLink\ST-LINKIII-KEIL_SWO.dll V2.0.15.0_KEIL
Dialog DLL:      TARMCM1.DLL V1.9.0.0
 
<h2>Project:</h2>
C:\Users\cspLab\Desktop\Lab\AutoNet\AutoNet\0088-V-U-038-A\MDK-ARM\0088-V-U-038-A.uvprojx
Project File Date:  07/27/2015

<h2>Output:</h2>
*** Using Compiler 'V5.05 update 2 (build 169)', folder: 'C:\Keil_v5\ARM\ARMCC\Bin'
Build target '0088-V-U-038-A'
compiling autonetAPIs.c...
..\DRV\autonetAPIs.c(320): warning:  #177-D: variable "rssi" was declared but never referenced
        uint8_t rssi = 0x00;
..\DRV\autonetAPIs.c: 1 warning, 0 errors
linking...
Program Size: Code=36060 RO-data=1004 RW-data=464 ZI-data=7536  
FromELF: creating hex file...
".\Build\AutoNet.axf" - 0 Error(s), 1 Warning(s).

<h2>Collection of Component include folders:</h2>
  C:\Users\cspLab\Desktop\Lab\AutoNet\AutoNet\0088-V-U-038-A\MDK-ARM\RTE
  C:\Keil_v5\ARM\PACK\Keil\STM32F0xx_DFP\1.4.0\Device\Include

<h2>Collection of Component Files used:</h2>
</pre>
</body>
</html>
