Component: ARM Compiler 5.05 update 1 (build 106) Tool: armlink [4d0efa]

==============================================================================

Section Cross References

    stm32f0xx_adc.o(.text) refers to stm32f0xx_rcc.o(.text) for RCC_APB2PeriphResetCmd
    stm32f0xx_cec.o(.text) refers to stm32f0xx_rcc.o(.text) for RCC_APB1PeriphResetCmd
    stm32f0xx_dac.o(.text) refers to stm32f0xx_rcc.o(.text) for RCC_APB1PeriphResetCmd
    stm32f0xx_gpio.o(.text) refers to stm32f0xx_rcc.o(.text) for RCC_AHBPeriphResetCmd
    stm32f0xx_i2c.o(.text) refers to stm32f0xx_rcc.o(.text) for RCC_APB1PeriphResetCmd
    stm32f0xx_pwr.o(.text) refers to stm32f0xx_rcc.o(.text) for RCC_APB1PeriphResetCmd
    stm32f0xx_rcc.o(.text) refers to aeabi_sdiv.o(.text) for __aeabi_uidivmod
    stm32f0xx_rcc.o(.text) refers to stm32f0xx_rcc.o(.data) for APBAHBPrescTable
    stm32f0xx_spi.o(.text) refers to stm32f0xx_rcc.o(.text) for RCC_APB2PeriphResetCmd
    stm32f0xx_spi.o(.text) refers to aeabi_sdiv.o(.text) for __aeabi_uidivmod
    stm32f0xx_tim.o(.text) refers to stm32f0xx_rcc.o(.text) for RCC_APB2PeriphResetCmd
    stm32f0xx_usart.o(.text) refers to stm32f0xx_rcc.o(.text) for RCC_APB2PeriphResetCmd
    stm32f0xx_usart.o(.text) refers to aeabi_sdiv.o(.text) for __aeabi_uidivmod
    stm32f0xx_wwdg.o(.text) refers to stm32f0xx_rcc.o(.text) for RCC_APB1PeriphResetCmd
    startup_stm32f0xx.o(STACK) refers (Special) to heapauxi.o(.text) for __use_two_region_memory
    startup_stm32f0xx.o(HEAP) refers (Special) to heapauxi.o(.text) for __use_two_region_memory
    startup_stm32f0xx.o(RESET) refers (Special) to heapauxi.o(.text) for __use_two_region_memory
    startup_stm32f0xx.o(RESET) refers to startup_stm32f0xx.o(STACK) for __initial_sp
    startup_stm32f0xx.o(RESET) refers to startup_stm32f0xx.o(.text) for Reset_Handler
    startup_stm32f0xx.o(RESET) refers to stm32f0xx_it.o(.text) for NMI_Handler
    startup_stm32f0xx.o(.text) refers (Special) to heapauxi.o(.text) for __use_two_region_memory
    startup_stm32f0xx.o(.text) refers to system_stm32f0xx.o(.text) for SystemInit
    startup_stm32f0xx.o(.text) refers to __main.o(!!!main) for __main
    startup_stm32f0xx.o(.text) refers to startup_stm32f0xx.o(HEAP) for Heap_Mem
    startup_stm32f0xx.o(.text) refers to startup_stm32f0xx.o(STACK) for Stack_Mem
    system_stm32f0xx.o(.text) refers to aeabi_sdiv.o(.text) for __aeabi_uidivmod
    system_stm32f0xx.o(.text) refers to system_stm32f0xx.o(.data) for SystemCoreClock
    main.o(.text) refers to autonetapis.o(.text) for Initialization
    main.o(.text) refers to stm32f0xx_it.o(.text) for Timer_Beacon
    main.o(.text) refers to txrx.o(.text) for Group_Diff
    main.o(.text) refers to rt_memclr.o(.text) for __aeabi_memclr4
    main.o(.text) refers to st.o(.text) for Delay
    main.o(.text) refers to mcp2120apis.o(.text) for Mcp2120Proc
    main.o(.text) refers to bh1750fviapis.o(.text) for Bh1750fviReadLx
    stm32f0xx_it.o(.text) refers to stm32f0xx_usart.o(.text) for USART_GetITStatus
    stm32f0xx_it.o(.text) refers to rt_memcpy.o(.text) for __aeabi_memcpy
    stm32f0xx_it.o(.text) refers to stm32f0xx_exti.o(.text) for EXTI_GetITStatus
    stm32f0xx_it.o(.text) refers to us2400apis.o(.text) for Us2400ReadShortReg
    stm32f0xx_it.o(.text) refers to stm32f0xx_i2c.o(.text) for I2C_GetITStatus
    stm32f0xx_it.o(.text) refers to stm32f0xx_it.o(.data) for timer_period_Beacon
    stm32f0xx_it.o(.text) refers to stm32f0xx_it.o(.bss) for timer_period
    stm32f0xx_it.o(.text) refers to st.o(.data) for TimObj
    stm32f0xx_it.o(.text) refers to com.o(.bss) for UartRxBuffer
    stm32f0xx_it.o(.text) refers to com.o(.data) for UartRxCount
    stm32f0xx_it.o(.text) refers to mcp2120apis.o(.bss) for CommandRxBuffer
    stm32f0xx_it.o(.text) refers to mcp2120apis.o(.data) for CommandRxBufferLen
    stm32f0xx_it.o(.text) refers to autonetapis.o(.data) for RFTxState
    spi.o(.text) refers to stm32f0xx_rcc.o(.text) for RCC_AHBPeriphClockCmd
    spi.o(.text) refers to stm32f0xx_gpio.o(.text) for GPIO_Init
    spi.o(.text) refers to stm32f0xx_spi.o(.text) for SPI_Init
    spi.o(.text) refers to stm32f0xx_dma.o(.text) for DMA_DeInit
    st.o(.text) refers to stm32f0xx_rcc.o(.text) for RCC_GetClocksFreq
    st.o(.text) refers to aeabi_sdiv.o(.text) for __aeabi_uidivmod
    st.o(.text) refers to st.o(.data) for TimObj
    i2c.o(.text) refers to stm32f0xx_misc.o(.text) for NVIC_Init
    i2c.o(.text) refers to stm32f0xx_rcc.o(.text) for RCC_AHBPeriphClockCmd
    i2c.o(.text) refers to stm32f0xx_gpio.o(.text) for GPIO_Init
    i2c.o(.text) refers to stm32f0xx_i2c.o(.text) for I2C_Init
    ak8975apis.o(.text) refers to i2c.o(.text) for I2C_Write
    bh1750fviapis.o(.text) refers to i2c.o(.text) for I2C_Read
    bh1750fviapis.o(.text) refers to fflti.o(.text) for __aeabi_ui2f
    bh1750fviapis.o(.text) refers to f2d.o(.text) for __aeabi_f2d
    bh1750fviapis.o(.text) refers to ddiv.o(.text) for __aeabi_ddiv
[...]
    x$fpl$fadd                               0x080079d4   Section      140  faddsub.o(x$fpl$fadd)
    _fadd1                                   0x080079e1   Thumb Code     0  faddsub.o(x$fpl$fadd)
    x$fpl$fmul                               0x08007a60   Section      176  fmul.o(x$fpl$fmul)
    x$fpl$fsub                               0x08007b10   Section      208  faddsub.o(x$fpl$fsub)
    _fsub1                                   0x08007b1d   Thumb Code     0  faddsub.o(x$fpl$fsub)
    .constdata                               0x08007be0   Section      128  ddiv.o(.constdata)
    x$fpl$usenofp                            0x08007be0   Section        0  usenofp.o(x$fpl$usenofp)
    ddiv_reciptbl                            0x08007be0   Data         128  ddiv.o(.constdata)
    .constdata                               0x08007c60   Section       64  fdiv.o(.constdata)
    fdiv_tab                                 0x08007c60   Data          64  fdiv.o(.constdata)
    .constdata                               0x08007ca0   Section      136  pow.o(.constdata)
    bp                                       0x08007ca0   Data          16  pow.o(.constdata)
    dp_h                                     0x08007cb0   Data          16  pow.o(.constdata)
    dp_l                                     0x08007cc0   Data          16  pow.o(.constdata)
    L                                        0x08007cd0   Data          48  pow.o(.constdata)
    P                                        0x08007d00   Data          40  pow.o(.constdata)
    .constdata                               0x08007d28   Section      152  atan.o(.constdata)
    atanhi                                   0x08007d28   Data          32  atan.o(.constdata)
    atanlo                                   0x08007d48   Data          32  atan.o(.constdata)
    aTodd                                    0x08007d68   Data          40  atan.o(.constdata)
    aTeven                                   0x08007d90   Data          48  atan.o(.constdata)
    .constdata                               0x08007dc0   Section       48  cos_i.o(.constdata)
    C                                        0x08007dc0   Data          48  cos_i.o(.constdata)
    .constdata                               0x08007df0   Section        8  qnan.o(.constdata)
    .constdata                               0x08007df8   Section      200  rred.o(.constdata)
    pio2s                                    0x08007df8   Data          48  rred.o(.constdata)
    twooverpi                                0x08007e28   Data         152  rred.o(.constdata)
    .constdata                               0x08007ec0   Section       40  sin_i.o(.constdata)
    S                                        0x08007ec0   Data          40  sin_i.o(.constdata)
    .data                                    0x20000000   Section       16  stm32f0xx_rcc.o(.data)
    APBAHBPrescTable                         0x20000000   Data          16  stm32f0xx_rcc.o(.data)
    .data                                    0x20000010   Section       20  system_stm32f0xx.o(.data)
    .data                                    0x20000024   Section       28  stm32f0xx_it.o(.data)
    .data                                    0x20000040   Section       68  st.o(.data)
    .data                                    0x20000084   Section        8  lea6sapis.o(.data)
    .data                                    0x2000008c   Section       66  mcp2120apis.o(.data)
    .data                                    0x200000d0   Section       42  mpu6050apis.o(.data)
    .data                                    0x200000fa   Section        3  us2400apis.o(.data)
    .data                                    0x20000100   Section       70  txrx.o(.data)
    .data                                    0x20000146   Section        8  com.o(.data)
    .data                                    0x20000150   Section      122  autonetapis.o(.data)
    .bss                                     0x200001cc   Section       96  stm32f0xx_it.o(.bss)
    .bss                                     0x2000022c   Section       64  lea6sapis.o(.bss)
    .bss                                     0x2000026c   Section      128  mcp2120apis.o(.bss)
    .bss                                     0x200002ec   Section     1280  us2400apis.o(.bss)
    .bss                                     0x200007ec   Section      168  txrx.o(.bss)
    .bss                                     0x20000894   Section      510  com.o(.bss)
    .bss                                     0x20000a92   Section      639  autonetapis.o(.bss)
    .bss                                     0x20000d14   Section       96  libspace.o(.bss)
    HEAP                                     0x20000d78   Section      512  startup_stm32f0xx.o(HEAP)
    Heap_Mem                                 0x20000d78   Data         512  startup_stm32f0xx.o(HEAP)
    STACK                                    0x20000f78   Section     1024  startup_stm32f0xx.o(STACK)
    Stack_Mem                                0x20000f78   Data        1024  startup_stm32f0xx.o(STACK)
    __initial_sp                             0x20001378   Data           0  startup_stm32f0xx.o(STACK)

    Global Symbols

    Symbol Name                              Value     Ov Type        Size  Object(Section)

    BuildAttributes$$THM_ISAv3M$S$PE$A:L22$X:L11$S22$IEEE1$IW$USESV6$~STKCKD$USESV7$~SHL$OTIME$ROPI$IEEEX$EBA8$UX$STANDARDLIB$REQ8$PRES8$EABIv2 0x00000000   Number         0  anon$$obj.o ABSOLUTE
    __ARM_use_no_argv                        0x00000000   Number         0  main.o ABSOLUTE
    __ARM_exceptions_init                     - Undefined Weak Reference
    __alloca_initialize                       - Undefined Weak Reference
    __arm_preinit_                            - Undefined Weak Reference
    __cpp_initialize__aeabi_                  - Undefined Weak Reference
    __cxa_finalize                            - Undefined Weak Reference
    __rt_locale                               - Undefined Weak Reference
    __sigvec_lookup                           - Undefined Weak Reference
    _atexit_init                              - Undefined Weak Reference
    _call_atexit_fns                          - Undefined Weak Reference
    _clock_init                               - Undefined Weak Reference
    _fp_trap_init                             - Undefined Weak Reference
    _fp_trap_shutdown                         - Undefined Weak Reference
    _get_lc_collate                           - Undefined Weak Reference
    _get_lc_ctype                             - Undefined Weak Reference
    _get_lc_monetary                          - Undefined Weak Reference
    _get_lc_numeric                           - Undefined Weak Reference
    _get_lc_time                              - Undefined Weak Reference
    _getenv_init                              - Undefined Weak Reference
    _handle_redirection                       - Undefined Weak Reference
    _init_alloc                               - Undefined Weak Reference
    _init_user_alloc                          - Undefined Weak Reference
    _initio                                   - Undefined Weak Reference
    _rand_init                                - Undefined Weak Reference
    _signal_finish                            - Undefined Weak Reference
    _signal_init                              - Undefined Weak Reference
    _terminate_alloc                          - Undefined Weak Reference
    _terminate_user_alloc                     - Undefined Weak Reference
    _terminateio                              - Undefined Weak Reference
    __Vectors_Size                           0x000000c0   Number         0  startup_stm32f0xx.o ABSOLUTE
    __Vectors                                0x08000000   Data           4  startup_stm32f0xx.o(RESET)
    __Vectors_End                            0x080000c0   Data           0  startup_stm32f0xx.o(RESET)
    __main                                   0x080000c1   Thumb Code     8  __main.o(!!!main)
    __scatterload                            0x080000c9   Thumb Code     0  __scatter.o(!!!scatter)
    __scatterload_rt2                        0x080000c9   Thumb Code    52  __scatter.o(!!!scatter)
    __scatterload_rt2_thumb_only             0x080000c9   Thumb Code     0  __scatter.o(!!!scatter)
    __scatterload_null                       0x080000d9   Thumb Code     0  __scatter.o(!!!scatter)
    __scatterload_zeroinit                   0x08000105   Thumb Code    28  __scatter_zi.o(!!handler_zi)
    __rt_lib_init                            0x08000121   Thumb Code     0  libinit.o(.ARM.Collect$$libinit$$00000000)
    __rt_lib_init_alloca_1                   0x08000123   Thumb Code     0  libinit2.o(.ARM.Collect$$libinit$$0000002E)
    __rt_lib_init_argv_1                     0x08000123   Thumb Code     0  libinit2.o(.ARM.Collect$$libinit$$0000002C)
    __rt_lib_init_atexit_1                   0x08000123   Thumb Code     0  libinit2.o(.ARM.Collect$$libinit$$0000001B)
    __rt_lib_init_clock_1                    0x08000123   Thumb Code     0  libinit2.o(.ARM.Collect$$libinit$$00000021)
    __rt_lib_init_cpp_1                      0x08000123   Thumb Code     0  libinit2.o(.ARM.Collect$$libinit$$00000032)
    __rt_lib_init_exceptions_1               0x08000123   Thumb Code     0  libinit2.o(.ARM.Collect$$libinit$$00000030)
    __rt_lib_init_fp_1                       0x08000123   Thumb Code     0  libinit2.o(.ARM.Collect$$libinit$$00000002)
    __rt_lib_init_fp_trap_1                  0x08000123   Thumb Code     0  libinit2.o(.ARM.Collect$$libinit$$0000001F)
    __rt_lib_init_getenv_1                   0x08000123   Thumb Code     0  libinit2.o(.ARM.Collect$$libinit$$00000023)
    __rt_lib_init_heap_1                     0x08000123   Thumb Code     0  libinit2.o(.ARM.Collect$$libinit$$0000000A)
    __rt_lib_init_lc_collate_1               0x08000123   Thumb Code     0  libinit2.o(.ARM.Collect$$libinit$$00000011)
    __rt_lib_init_lc_ctype_1                 0x08000123   Thumb Code     0  libinit2.o(.ARM.Collect$$libinit$$00000013)
    __rt_lib_init_lc_monetary_1              0x08000123   Thumb Code     0  libinit2.o(.ARM.Collect$$libinit$$00000015)
    __rt_lib_init_lc_numeric_1               0x08000123   Thumb Code     0  libinit2.o(.ARM.Collect$$libinit$$00000017)
    __rt_lib_init_lc_time_1                  0x08000123   Thumb Code     0  libinit2.o(.ARM.Collect$$libinit$$00000019)
    __rt_lib_init_preinit_1                  0x08000123   Thumb Code     0  libinit2.o(.ARM.Collect$$libinit$$00000004)
    __rt_lib_init_rand_1                     0x08000123   Thumb Code     0  libinit2.o(.ARM.Collect$$libinit$$0000000E)
    __rt_lib_init_return                     0x08000123   Thumb Code     0  libinit2.o(.ARM.Collect$$libinit$$00000033)
    __rt_lib_init_signal_1                   0x08000123   Thumb Code     0  libinit2.o(.ARM.Collect$$libinit$$0000001D)
    __rt_lib_init_stdio_1                    0x08000123   Thumb Code     0  libinit2.o(.ARM.Collect$$libinit$$00000025)
    __rt_lib_init_user_alloc_1               0x08000123   Thumb Code     0  libinit2.o(.ARM.Collect$$libinit$$0000000C)
    __rt_lib_shutdown                        0x08000125   Thumb Code     0  libshutdown.o(.ARM.Collect$$libshutdown$$00000000)
    __rt_lib_shutdown_fp_trap_1              0x08000127   Thumb Code     0  libshutdown2.o(.ARM.Collect$$libshutdown$$00000006)
    __rt_lib_shutdown_heap_1                 0x08000127   Thumb Code     0  libshutdown2.o(.ARM.Collect$$libshutdown$$0000000E)
    __rt_lib_shutdown_return                 0x08000127   Thumb Code     0  libshutdown2.o(.ARM.Collect$$libshutdown$$0000000F)
    __rt_lib_shutdown_signal_1               0x08000127   Thumb Code     0  libshutdown2.o(.ARM.Collect$$libshutdown$$00000009)
    __rt_lib_shutdown_stdio_1                0x08000127   Thumb Code     0  libshutdown2.o(.ARM.Collect$$libshutdown$$00000003)
    __rt_lib_shutdown_user_alloc_1           0x08000127   Thumb Code     0  libshutdown2.o(.ARM.Collect$$libshutdown$$0000000B)
    __rt_entry                               0x08000129   Thumb Code     0  __rtentry.o(.ARM.Collect$$rtentry$$00000000)
    __rt_entry_presh_1                       0x08000129   Thumb Code     0  __rtentry2.o(.ARM.Collect$$rtentry$$00000002)
    __rt_entry_sh                            0x08000129   Thumb Code     0  __rtentry4.o(.ARM.Collect$$rtentry$$00000004)
    __rt_entry_li                            0x0800012f   Thumb Code     0  __rtentry2.o(.ARM.Collect$$rtentry$$0000000A)
    __rt_entry_postsh_1                      0x0800012f   Thumb Code     0  __rtentry2.o(.ARM.Collect$$rtentry$$00000009)
    __rt_entry_main                          0x08000133   Thumb Code     0  __rtentry2.o(.ARM.Collect$$rtentry$$0000000D)
    __rt_entry_postli_1                      0x08000133   Thumb Code     0  __rtentry2.o(.ARM.Collect$$rtentry$$0000000C)
    __rt_exit                                0x0800013b   Thumb Code     0  rtexit.o(.ARM.Collect$$rtexit$$00000000)
    __rt_exit_ls                             0x0800013d   Thumb Code     0  rtexit2.o(.ARM.Collect$$rtexit$$00000003)
    __rt_exit_prels_1                        0x0800013d   Thumb Code     0  rtexit2.o(.ARM.Collect$$rtexit$$00000002)
    __rt_exit_exit                           0x08000141   Thumb Code     0  rtexit2.o(.ARM.Collect$$rtexit$$00000004)
    __aeabi_memcpy4                          0x08000149   Thumb Code    56  rt_memcpy.o(.emb_text)
    __aeabi_memcpy8                          0x08000149   Thumb Code     0  rt_memcpy.o(.emb_text)
    DMA_DeInit                               0x08000181   Thumb Code   152  stm32f0xx_dma.o(.text)
    DMA_Init                                 0x08000219   Thumb Code    58  stm32f0xx_dma.o(.text)
    DMA_StructInit                           0x08000253   Thumb Code    26  stm32f0xx_dma.o(.text)
    DMA_Cmd                                  0x0800026d   Thumb Code    24  stm32f0xx_dma.o(.text)
    DMA_SetCurrDataCounter                   0x08000285   Thumb Code     4  stm32f0xx_dma.o(.text)
    DMA_GetCurrDataCounter                   0x08000289   Thumb Code     8  stm32f0xx_dma.o(.text)
    DMA_ITConfig                             0x08000291   Thumb Code    20  stm32f0xx_dma.o(.text)
    DMA_GetFlagStatus                        0x080002a5   Thumb Code    24  stm32f0xx_dma.o(.text)
    DMA_ClearFlag                            0x080002bd   Thumb Code     8  stm32f0xx_dma.o(.text)
    DMA_GetITStatus                          0x080002c5   Thumb Code    24  stm32f0xx_dma.o(.text)
    DMA_ClearITPendingBit                    0x080002dd   Thumb Code     8  stm32f0xx_dma.o(.text)
    EXTI_DeInit                              0x080002f1   Thumb Code    20  stm32f0xx_exti.o(.text)
    EXTI_Init                                0x08000305   Thumb Code   132  stm32f0xx_exti.o(.text)
    EXTI_StructInit                          0x08000389   Thumb Code    16  stm32f0xx_exti.o(.text)
    EXTI_GenerateSWInterrupt                 0x08000399   Thumb Code    12  stm32f0xx_exti.o(.text)
    EXTI_GetFlagStatus                       0x080003a5   Thumb Code    22  stm32f0xx_exti.o(.text)
    EXTI_ClearFlag                           0x080003bb   Thumb Code     6  stm32f0xx_exti.o(.text)
    EXTI_GetITStatus                         0x080003c1   Thumb Code    22  stm32f0xx_exti.o(.text)
    EXTI_ClearITPendingBit                   0x080003d7   Thumb Code     6  stm32f0xx_exti.o(.text)
    GPIO_DeInit                              0x080003e9   Thumb Code   132  stm32f0xx_gpio.o(.text)
    GPIO_Init                                0x0800046d   Thumb Code   144  stm32f0xx_gpio.o(.text)
    GPIO_StructInit                          0x080004fd   Thumb Code    20  stm32f0xx_gpio.o(.text)
    GPIO_PinLockConfig                       0x08000511   Thumb Code    34  stm32f0xx_gpio.o(.text)
    GPIO_ReadInputDataBit                    0x08000533   Thumb Code    20  stm32f0xx_gpio.o(.text)
    GPIO_ReadInputData                       0x08000547   Thumb Code     6  stm32f0xx_gpio.o(.text)
    GPIO_ReadOutputDataBit                   0x0800054d   Thumb Code    20  stm32f0xx_gpio.o(.text)
    GPIO_ReadOutputData                      0x08000561   Thumb Code     6  stm32f0xx_gpio.o(.text)
    GPIO_SetBits                             0x08000567   Thumb Code     4  stm32f0xx_gpio.o(.text)
    GPIO_ResetBits                           0x0800056b   Thumb Code     4  stm32f0xx_gpio.o(.text)
    GPIO_WriteBit                            0x0800056f   Thumb Code    12  stm32f0xx_gpio.o(.text)
    GPIO_Write                               0x0800057b   Thumb Code     4  stm32f0xx_gpio.o(.text)
    GPIO_PinAFConfig                         0x0800057f   Thumb Code    68  stm32f0xx_gpio.o(.text)
    I2C_DeInit                               0x080005d9   Thumb Code    50  stm32f0xx_i2c.o(.text)
    I2C_Init                                 0x0800060b   Thumb Code    98  stm32f0xx_i2c.o(.text)
    I2C_StructInit                           0x0800066d   Thumb Code    24  stm32f0xx_i2c.o(.text)
    I2C_Cmd                                  0x08000685   Thumb Code    24  stm32f0xx_i2c.o(.text)
    I2C_SoftwareResetCmd                     0x0800069d   Thumb Code    20  stm32f0xx_i2c.o(.text)
    I2C_ITConfig                             0x080006b1   Thumb Code    20  stm32f0xx_i2c.o(.text)
    I2C_StretchClockCmd                      0x080006c5   Thumb Code    28  stm32f0xx_i2c.o(.text)
    I2C_StopModeCmd                          0x080006e1   Thumb Code    28  stm32f0xx_i2c.o(.text)
    I2C_DualAddressCmd                       0x080006fd   Thumb Code    28  stm32f0xx_i2c.o(.text)
    I2C_OwnAddress2Config                    0x08000719   Thumb Code    32  stm32f0xx_i2c.o(.text)
    I2C_GeneralCallCmd                       0x08000739   Thumb Code    28  stm32f0xx_i2c.o(.text)
    I2C_SlaveByteControlCmd                  0x08000755   Thumb Code    28  stm32f0xx_i2c.o(.text)
    I2C_SlaveAddressConfig                   0x08000771   Thumb Code    20  stm32f0xx_i2c.o(.text)
    I2C_10BitAddressingModeCmd               0x08000785   Thumb Code    28  stm32f0xx_i2c.o(.text)
    I2C_AutoEndCmd                           0x080007a1   Thumb Code    28  stm32f0xx_i2c.o(.text)
    I2C_ReloadCmd                            0x080007bd   Thumb Code    28  stm32f0xx_i2c.o(.text)
    I2C_NumberOfBytesConfig                  0x080007d9   Thumb Code    28  stm32f0xx_i2c.o(.text)
    I2C_MasterRequestConfig                  0x080007f5   Thumb Code    28  stm32f0xx_i2c.o(.text)
    I2C_GenerateSTART                        0x08000811   Thumb Code    28  stm32f0xx_i2c.o(.text)
    I2C_GenerateSTOP                         0x0800082d   Thumb Code    28  stm32f0xx_i2c.o(.text)
    I2C_10BitAddressHeaderCmd                0x08000849   Thumb Code    28  stm32f0xx_i2c.o(.text)
    I2C_AcknowledgeConfig                    0x08000865   Thumb Code    28  stm32f0xx_i2c.o(.text)
    I2C_GetAddressMatched                    0x08000881   Thumb Code    14  stm32f0xx_i2c.o(.text)
    I2C_GetTransferDirection                 0x0800088f   Thumb Code    30  stm32f0xx_i2c.o(.text)
    I2C_TransferHandling                     0x080008ad   Thumb Code    38  stm32f0xx_i2c.o(.text)
    I2C_SMBusAlertCmd                        0x080008d3   Thumb Code    28  stm32f0xx_i2c.o(.text)
    I2C_ClockTimeoutCmd                      0x080008ef   Thumb Code    28  stm32f0xx_i2c.o(.text)
    I2C_ExtendedClockTimeoutCmd              0x0800090b   Thumb Code    26  stm32f0xx_i2c.o(.text)
    I2C_IdleClockTimeoutCmd                  0x08000925   Thumb Code    28  stm32f0xx_i2c.o(.text)
    I2C_TimeoutAConfig                       0x08000941   Thumb Code    20  stm32f0xx_i2c.o(.text)
    I2C_TimeoutBConfig                       0x08000955   Thumb Code    26  stm32f0xx_i2c.o(.text)
    I2C_CalculatePEC                         0x0800096f   Thumb Code    28  stm32f0xx_i2c.o(.text)
    I2C_PECRequestCmd                        0x0800098b   Thumb Code    28  stm32f0xx_i2c.o(.text)
    I2C_GetPEC                               0x080009a7   Thumb Code     8  stm32f0xx_i2c.o(.text)
    I2C_ReadRegister                         0x080009af   Thumb Code    46  stm32f0xx_i2c.o(.text)
    I2C_SendData                             0x080009dd   Thumb Code     4  stm32f0xx_i2c.o(.text)
    I2C_ReceiveData                          0x080009e1   Thumb Code     8  stm32f0xx_i2c.o(.text)
    I2C_DMACmd                               0x080009e9   Thumb Code    20  stm32f0xx_i2c.o(.text)
    I2C_GetFlagStatus                        0x080009fd   Thumb Code    28  stm32f0xx_i2c.o(.text)
    I2C_ClearFlag                            0x08000a19   Thumb Code     4  stm32f0xx_i2c.o(.text)
    I2C_GetITStatus                          0x08000a1d   Thumb Code    78  stm32f0xx_i2c.o(.text)
    I2C_ClearITPendingBit                    0x08000a6b   Thumb Code     4  stm32f0xx_i2c.o(.text)
    NVIC_Init                                0x08000a71   Thumb Code   106  stm32f0xx_misc.o(.text)
    NVIC_SystemLPConfig                      0x08000adb   Thumb Code    28  stm32f0xx_misc.o(.text)
    SysTick_CLKSourceConfig                  0x08000af7   Thumb Code    32  stm32f0xx_misc.o(.text)
    RCC_DeInit                               0x08000b25   Thumb Code   104  stm32f0xx_rcc.o(.text)
    RCC_HSEConfig                            0x08000b8d   Thumb Code    12  stm32f0xx_rcc.o(.text)
    RCC_GetFlagStatus                        0x08000b99   Thumb Code    68  stm32f0xx_rcc.o(.text)
    RCC_WaitForHSEStartUp                    0x08000bdd   Thumb Code    60  stm32f0xx_rcc.o(.text)
    RCC_AdjustHSICalibrationValue            0x08000c19   Thumb Code    26  stm32f0xx_rcc.o(.text)
    RCC_HSICmd                               0x08000c33   Thumb Code    32  stm32f0xx_rcc.o(.text)
    RCC_AdjustHSI14CalibrationValue          0x08000c53   Thumb Code    26  stm32f0xx_rcc.o(.text)
    RCC_HSI14Cmd                             0x08000c6d   Thumb Code    32  stm32f0xx_rcc.o(.text)
    RCC_HSI14ADCRequestCmd                   0x08000c8d   Thumb Code    32  stm32f0xx_rcc.o(.text)
    RCC_LSEConfig                            0x08000cad   Thumb Code    34  stm32f0xx_rcc.o(.text)
    RCC_LSEDriveConfig                       0x08000ccf   Thumb Code    22  stm32f0xx_rcc.o(.text)
    RCC_LSICmd                               0x08000ce5   Thumb Code    32  stm32f0xx_rcc.o(.text)
    RCC_PLLConfig                            0x08000d05   Thumb Code    30  stm32f0xx_rcc.o(.text)
    RCC_PLLCmd                               0x08000d23   Thumb Code    36  stm32f0xx_rcc.o(.text)
    RCC_PREDIV1Config                        0x08000d47   Thumb Code    24  stm32f0xx_rcc.o(.text)
    RCC_ClockSecuritySystemCmd               0x08000d5f   Thumb Code    36  stm32f0xx_rcc.o(.text)
    RCC_MCOConfig                            0x08000d83   Thumb Code     6  stm32f0xx_rcc.o(.text)
    RCC_SYSCLKConfig                         0x08000d89   Thumb Code    24  stm32f0xx_rcc.o(.text)
    RCC_GetSYSCLKSource                      0x08000da1   Thumb Code    10  stm32f0xx_rcc.o(.text)
    RCC_HCLKConfig                           0x08000dab   Thumb Code    28  stm32f0xx_rcc.o(.text)
    RCC_PCLKConfig                           0x08000dc7   Thumb Code    30  stm32f0xx_rcc.o(.text)
    RCC_ADCCLKConfig                         0x08000de5   Thumb Code    52  stm32f0xx_rcc.o(.text)
    RCC_CECCLKConfig                         0x08000e19   Thumb Code    22  stm32f0xx_rcc.o(.text)
    RCC_I2CCLKConfig                         0x08000e2f   Thumb Code    22  stm32f0xx_rcc.o(.text)
    RCC_USARTCLKConfig                       0x08000e45   Thumb Code    22  stm32f0xx_rcc.o(.text)
    RCC_GetClocksFreq                        0x08000e5b   Thumb Code   368  stm32f0xx_rcc.o(.text)
    RCC_RTCCLKConfig                         0x08000fcb   Thumb Code    12  stm32f0xx_rcc.o(.text)
    RCC_RTCCLKCmd                            0x08000fd7   Thumb Code    36  stm32f0xx_rcc.o(.text)
    RCC_BackupResetCmd                       0x08000ffb   Thumb Code    36  stm32f0xx_rcc.o(.text)
    RCC_AHBPeriphClockCmd                    0x0800101f   Thumb Code    28  stm32f0xx_rcc.o(.text)
    RCC_APB2PeriphClockCmd                   0x0800103b   Thumb Code    28  stm32f0xx_rcc.o(.text)
    RCC_APB1PeriphClockCmd                   0x08001057   Thumb Code    28  stm32f0xx_rcc.o(.text)
    RCC_AHBPeriphResetCmd                    0x08001073   Thumb Code    28  stm32f0xx_rcc.o(.text)
    RCC_APB2PeriphResetCmd                   0x0800108f   Thumb Code    28  stm32f0xx_rcc.o(.text)
    RCC_APB1PeriphResetCmd                   0x080010ab   Thumb Code    28  stm32f0xx_rcc.o(.text)
    RCC_ITConfig                             0x080010c7   Thumb Code    28  stm32f0xx_rcc.o(.text)
    RCC_ClearFlag                            0x080010e3   Thumb Code    16  stm32f0xx_rcc.o(.text)
    RCC_GetITStatus                          0x080010f3   Thumb Code    22  stm32f0xx_rcc.o(.text)
    RCC_ClearITPendingBit                    0x08001109   Thumb Code     6  stm32f0xx_rcc.o(.text)
    SPI_I2S_DeInit                           0x0800111d   Thumb Code    52  stm32f0xx_spi.o(.text)
    SPI_StructInit                           0x08001151   Thumb Code    30  stm32f0xx_spi.o(.text)
    SPI_Init                                 0x0800116f   Thumb Code    76  stm32f0xx_spi.o(.text)
    I2S_StructInit                           0x080011bb   Thumb Code    20  stm32f0xx_spi.o(.text)
    I2S_Init                                 0x080011cf   Thumb Code   228  stm32f0xx_spi.o(.text)
    SPI_Cmd                                  0x080012b3   Thumb Code    26  stm32f0xx_spi.o(.text)
    SPI_TIModeCmd                            0x080012cd   Thumb Code    26  stm32f0xx_spi.o(.text)
    I2S_Cmd                                  0x080012e7   Thumb Code    26  stm32f0xx_spi.o(.text)
    SPI_DataSizeConfig                       0x08001301   Thumb Code    20  stm32f0xx_spi.o(.text)
    SPI_RxFIFOThresholdConfig                0x08001315   Thumb Code    16  stm32f0xx_spi.o(.text)
    SPI_BiDirectionalLineConfig              0x08001325   Thumb Code    28  stm32f0xx_spi.o(.text)
    SPI_NSSInternalSoftwareConfig            0x08001341   Thumb Code    32  stm32f0xx_spi.o(.text)
    SPI_SSOutputCmd                          0x08001361   Thumb Code    24  stm32f0xx_spi.o(.text)
    SPI_NSSPulseModeCmd                      0x08001379   Thumb Code    26  stm32f0xx_spi.o(.text)
    SPI_SendData8                            0x08001393   Thumb Code    10  stm32f0xx_spi.o(.text)
    SPI_I2S_SendData16                       0x0800139d   Thumb Code     4  stm32f0xx_spi.o(.text)
    SPI_ReceiveData8                         0x080013a1   Thumb Code    12  stm32f0xx_spi.o(.text)
    SPI_I2S_ReceiveData16                    0x080013ad   Thumb Code     6  stm32f0xx_spi.o(.text)
    SPI_CRCLengthConfig                      0x080013b3   Thumb Code    16  stm32f0xx_spi.o(.text)
    SPI_CalculateCRC                         0x080013c3   Thumb Code    26  stm32f0xx_spi.o(.text)
    SPI_TransmitCRC                          0x080013dd   Thumb Code    12  stm32f0xx_spi.o(.text)
    SPI_GetCRC                               0x080013e9   Thumb Code    16  stm32f0xx_spi.o(.text)
    SPI_GetCRCPolynomial                     0x080013f9   Thumb Code     6  stm32f0xx_spi.o(.text)
    SPI_I2S_DMACmd                           0x080013ff   Thumb Code    20  stm32f0xx_spi.o(.text)
    SPI_LastDMATransferCmd                   0x08001413   Thumb Code    16  stm32f0xx_spi.o(.text)
    SPI_I2S_ITConfig                         0x08001423   Thumb Code    34  stm32f0xx_spi.o(.text)
    SPI_GetTransmissionFIFOStatus            0x08001445   Thumb Code    12  stm32f0xx_spi.o(.text)
    SPI_GetReceptionFIFOStatus               0x08001451   Thumb Code    12  stm32f0xx_spi.o(.text)
    SPI_I2S_GetFlagStatus                    0x0800145d   Thumb Code    20  stm32f0xx_spi.o(.text)
    SPI_I2S_ClearFlag                        0x08001471   Thumb Code     6  stm32f0xx_spi.o(.text)
    SPI_I2S_GetITStatus                      0x08001477   Thumb Code    56  stm32f0xx_spi.o(.text)
    SYSCFG_DeInit                            0x080014d9   Thumb Code    40  stm32f0xx_syscfg.o(.text)
    SYSCFG_MemoryRemapConfig                 0x08001501   Thumb Code    24  stm32f0xx_syscfg.o(.text)
    SYSCFG_DMAChannelRemapConfig             0x08001519   Thumb Code    28  stm32f0xx_syscfg.o(.text)
    SYSCFG_I2CFastModePlusConfig             0x08001535   Thumb Code    28  stm32f0xx_syscfg.o(.text)
    SYSCFG_EXTILineConfig                    0x08001551   Thumb Code    66  stm32f0xx_syscfg.o(.text)
    SYSCFG_BreakConfig                       0x08001593   Thumb Code    12  stm32f0xx_syscfg.o(.text)
    SYSCFG_GetFlagStatus                     0x0800159f   Thumb Code    26  stm32f0xx_syscfg.o(.text)
    SYSCFG_ClearFlag                         0x080015b9   Thumb Code    12  stm32f0xx_syscfg.o(.text)
    USART_DeInit                             0x080015c9   Thumb Code    56  stm32f0xx_usart.o(.text)
    USART_Init                               0x08001601   Thumb Code   202  stm32f0xx_usart.o(.text)
    USART_StructInit                         0x080016cb   Thumb Code    24  stm32f0xx_usart.o(.text)
    USART_ClockInit                          0x080016e3   Thumb Code    36  stm32f0xx_usart.o(.text)
    USART_ClockStructInit                    0x08001707   Thumb Code    12  stm32f0xx_usart.o(.text)
    USART_Cmd                                0x08001713   Thumb Code    24  stm32f0xx_usart.o(.text)
    USART_DirectionModeCmd                   0x0800172b   Thumb Code    20  stm32f0xx_usart.o(.text)
    USART_OverSampling8Cmd                   0x0800173f   Thumb Code    28  stm32f0xx_usart.o(.text)
    USART_OneBitMethodCmd                    0x0800175b   Thumb Code    28  stm32f0xx_usart.o(.text)
    USART_MSBFirstCmd                        0x08001777   Thumb Code    28  stm32f0xx_usart.o(.text)
    USART_DataInvCmd                         0x08001793   Thumb Code    28  stm32f0xx_usart.o(.text)
    USART_InvPinCmd                          0x080017af   Thumb Code    20  stm32f0xx_usart.o(.text)
    USART_SWAPPinCmd                         0x080017c3   Thumb Code    28  stm32f0xx_usart.o(.text)
    USART_ReceiverTimeOutCmd                 0x080017df   Thumb Code    28  stm32f0xx_usart.o(.text)
    USART_SetReceiverTimeOut                 0x080017fb   Thumb Code    16  stm32f0xx_usart.o(.text)
    USART_SetPrescaler                       0x0800180b   Thumb Code    18  stm32f0xx_usart.o(.text)
    USART_STOPModeCmd                        0x0800181d   Thumb Code    24  stm32f0xx_usart.o(.text)
    USART_StopModeWakeUpSourceConfig         0x08001835   Thumb Code    18  stm32f0xx_usart.o(.text)
    USART_AutoBaudRateCmd                    0x08001847   Thumb Code    28  stm32f0xx_usart.o(.text)
    USART_AutoBaudRateConfig                 0x08001863   Thumb Code    18  stm32f0xx_usart.o(.text)
    USART_SendData                           0x08001875   Thumb Code     8  stm32f0xx_usart.o(.text)
    USART_ReceiveData                        0x0800187d   Thumb Code    10  stm32f0xx_usart.o(.text)
    USART_SetAddress                         0x08001887   Thumb Code    18  stm32f0xx_usart.o(.text)
    USART_MuteModeCmd                        0x08001899   Thumb Code    28  stm32f0xx_usart.o(.text)
    USART_MuteModeWakeUpConfig               0x080018b5   Thumb Code    18  stm32f0xx_usart.o(.text)
    USART_AddressDetectionConfig             0x080018c7   Thumb Code    16  stm32f0xx_usart.o(.text)
    USART_LINBreakDetectLengthConfig         0x080018d7   Thumb Code    16  stm32f0xx_usart.o(.text)
    USART_LINCmd                             0x080018e7   Thumb Code    28  stm32f0xx_usart.o(.text)
    USART_HalfDuplexCmd                      0x08001903   Thumb Code    24  stm32f0xx_usart.o(.text)
    USART_SetGuardTime                       0x0800191b   Thumb Code    16  stm32f0xx_usart.o(.text)
    USART_SmartCardCmd                       0x0800192b   Thumb Code    24  stm32f0xx_usart.o(.text)
    USART_SmartCardNACKCmd                   0x08001943   Thumb Code    24  stm32f0xx_usart.o(.text)
    USART_SetAutoRetryCount                  0x0800195b   Thumb Code    20  stm32f0xx_usart.o(.text)
    USART_SetBlockLength                     0x0800196f   Thumb Code    18  stm32f0xx_usart.o(.text)
    USART_IrDAConfig                         0x08001981   Thumb Code    16  stm32f0xx_usart.o(.text)
    USART_IrDACmd                            0x08001991   Thumb Code    40  stm32f0xx_usart.o(.text)
    USART_DECmd                              0x080019b9   Thumb Code    28  stm32f0xx_usart.o(.text)
    USART_DEPolarityConfig                   0x080019d5   Thumb Code    18  stm32f0xx_usart.o(.text)
    USART_SetDEAssertionTime                 0x080019e7   Thumb Code    20  stm32f0xx_usart.o(.text)
    USART_SetDEDeassertionTime               0x080019fb   Thumb Code    20  stm32f0xx_usart.o(.text)
    USART_DMACmd                             0x08001a0f   Thumb Code    20  stm32f0xx_usart.o(.text)
    USART_DMAReceptionErrorConfig            0x08001a23   Thumb Code    18  stm32f0xx_usart.o(.text)
    USART_ITConfig                           0x08001a35   Thumb Code    66  stm32f0xx_usart.o(.text)
    USART_RequestCmd                         0x08001a77   Thumb Code    20  stm32f0xx_usart.o(.text)
    USART_OverrunDetectionConfig             0x08001a8b   Thumb Code    18  stm32f0xx_usart.o(.text)
    USART_GetFlagStatus                      0x08001a9d   Thumb Code    20  stm32f0xx_usart.o(.text)
    USART_ClearFlag                          0x08001ab1   Thumb Code     4  stm32f0xx_usart.o(.text)
    USART_GetITStatus                        0x08001ab5   Thumb Code    78  stm32f0xx_usart.o(.text)
    USART_ClearITPendingBit                  0x08001b03   Thumb Code    18  stm32f0xx_usart.o(.text)
    Reset_Handler                            0x08001b15   Thumb Code     8  startup_stm32f0xx.o(.text)
    ADC1_COMP_IRQHandler                     0x08001b27   Thumb Code     0  startup_stm32f0xx.o(.text)
    CEC_IRQHandler                           0x08001b27   Thumb Code     0  startup_stm32f0xx.o(.text)
    DMA1_Channel1_IRQHandler                 0x08001b27   Thumb Code     0  startup_stm32f0xx.o(.text)
    DMA1_Channel2_3_IRQHandler               0x08001b27   Thumb Code     0  startup_stm32f0xx.o(.text)
    DMA1_Channel4_5_IRQHandler               0x08001b27   Thumb Code     0  startup_stm32f0xx.o(.text)
    EXTI0_1_IRQHandler                       0x08001b27   Thumb Code     0  startup_stm32f0xx.o(.text)
    EXTI2_3_IRQHandler                       0x08001b27   Thumb Code     0  startup_stm32f0xx.o(.text)
    FLASH_IRQHandler                         0x08001b27   Thumb Code     0  startup_stm32f0xx.o(.text)
    I2C1_IRQHandler                          0x08001b27   Thumb Code     0  startup_stm32f0xx.o(.text)
    PVD_IRQHandler                           0x08001b27   Thumb Code     0  startup_stm32f0xx.o(.text)
    RCC_IRQHandler                           0x08001b27   Thumb Code     0  startup_stm32f0xx.o(.text)
    RTC_IRQHandler                           0x08001b27   Thumb Code     0  startup_stm32f0xx.o(.text)
    SPI1_IRQHandler                          0x08001b27   Thumb Code     0  startup_stm32f0xx.o(.text)
    SPI2_IRQHandler                          0x08001b27   Thumb Code     0  startup_stm32f0xx.o(.text)
    TIM14_IRQHandler                         0x08001b27   Thumb Code     0  startup_stm32f0xx.o(.text)
    TIM15_IRQHandler                         0x08001b27   Thumb Code     0  startup_stm32f0xx.o(.text)
    TIM16_IRQHandler                         0x08001b27   Thumb Code     0  startup_stm32f0xx.o(.text)
    TIM17_IRQHandler                         0x08001b27   Thumb Code     0  startup_stm32f0xx.o(.text)
    TIM1_BRK_UP_TRG_COM_IRQHandler           0x08001b27   Thumb Code     0  startup_stm32f0xx.o(.text)
    TIM1_CC_IRQHandler                       0x08001b27   Thumb Code     0  startup_stm32f0xx.o(.text)
    TIM2_IRQHandler                          0x08001b27   Thumb Code     0  startup_stm32f0xx.o(.text)
    TIM3_IRQHandler                          0x08001b27   Thumb Code     0  startup_stm32f0xx.o(.text)
    TIM6_DAC_IRQHandler                      0x08001b27   Thumb Code     0  startup_stm32f0xx.o(.text)
    TS_IRQHandler                            0x08001b27   Thumb Code     0  startup_stm32f0xx.o(.text)
    WWDG_IRQHandler                          0x08001b27   Thumb Code     0  startup_stm32f0xx.o(.text)
    __user_initial_stackheap                 0x08001b29   Thumb Code     0  startup_stm32f0xx.o(.text)
    SystemInit                               0x08001c1b   Thumb Code   110  system_stm32f0xx.o(.text)
    SystemCoreClockUpdate                    0x08001c89   Thumb Code   154  system_stm32f0xx.o(.text)
    main                                     0x08001d45   Thumb Code   264  main.o(.text)
    Control_Light                            0x08001e4d   Thumb Code    60  main.o(.text)
    ControlLight                             0x08001e89   Thumb Code   204  main.o(.text)
    Timer_Beacon                             0x08001f5d   Thumb Code    16  stm32f0xx_it.o(.text)
    setTimer                                 0x08001f6d   Thumb Code    24  stm32f0xx_it.o(.text)
    checkTimer                               0x08001f85   Thumb Code    24  stm32f0xx_it.o(.text)
    NMI_Handler                              0x08001f9d   Thumb Code     2  stm32f0xx_it.o(.text)
    HardFault_Handler                        0x08001f9f   Thumb Code     4  stm32f0xx_it.o(.text)
    SVC_Handler                              0x08001fa3   Thumb Code     2  stm32f0xx_it.o(.text)
    PendSV_Handler                           0x08001fa5   Thumb Code     2  stm32f0xx_it.o(.text)
    SysTick_Handler                          0x08001fa7   Thumb Code   164  stm32f0xx_it.o(.text)
    USART1_IRQHandler                        0x0800204b   Thumb Code   214  stm32f0xx_it.o(.text)
    USART2_IRQHandler                        0x08002121   Thumb Code   214  stm32f0xx_it.o(.text)
    EXTI4_15_IRQHandler                      0x080021f7   Thumb Code    84  stm32f0xx_it.o(.text)
    I2C2_IRQHandler                          0x0800224b   Thumb Code   168  stm32f0xx_it.o(.text)
    SPI_Configuration                        0x08002361   Thumb Code   224  spi.o(.text)
    SPI_Proc                                 0x08002441   Thumb Code   208  spi.o(.text)
    ST_Configuration                         0x0800251d   Thumb Code    64  st.o(.text)
    ST_Proc                                  0x0800255d   Thumb Code     2  st.o(.text)
    Delay                                    0x0800255f   Thumb Code    20  st.o(.text)
    I2C_Configuration                        0x080025f5   Thumb Code   136  i2c.o(.text)
    I2C_Read                                 0x0800267d   Thumb Code   234  i2c.o(.text)
    I2C_Write                                0x08002767   Thumb Code   240  i2c.o(.text)
    Ak8975Init                               0x08002865   Thumb Code    66  ak8975apis.o(.text)
    Ak8975ReadMag                            0x080028a7   Thumb Code   170  ak8975apis.o(.text)
    Bh1750fviInit                            0x08002951   Thumb Code     2  bh1750fviapis.o(.text)
    Bh1750fviReadLx                          0x08002953   Thumb Code    80  bh1750fviapis.o(.text)
    Lea6SInit                                0x080029ad   Thumb Code     2  lea6sapis.o(.text)
    Lea6SRead                                0x080029af   Thumb Code   414  lea6sapis.o(.text)
    Mag3110Init                              0x08002b69   Thumb Code    42  mag3110apis.o(.text)
    Mag3110ReadMag                           0x08002b93   Thumb Code   106  mag3110apis.o(.text)
    Mag3110ReadTemp                          0x08002bfd   Thumb Code    26  mag3110apis.o(.text)
    Mcp2120Init                              0x08002c19   Thumb Code    84  mcp2120apis.o(.text)
    Mcp2120Tx                                0x08002c8f   Thumb Code    94  mcp2120apis.o(.text)
    Mcp2120Proc                              0x08002ced   Thumb Code   170  mcp2120apis.o(.text)
    Mpu6050ReadAccel                         0x08002db9   Thumb Code   136  mpu6050apis.o(.text)
    meansensors                              0x08002e41   Thumb Code   140  mpu6050apis.o(.text)
    calibration                              0x08002ecd   Thumb Code   190  mpu6050apis.o(.text)
    loop                                     0x08002f8b   Thumb Code    70  mpu6050apis.o(.text)
    Mpu6050Init                              0x08002fd1   Thumb Code   106  mpu6050apis.o(.text)
    Calculate_Speed                          0x0800303b   Thumb Code   558  mpu6050apis.o(.text)
    kalmanFilter                             0x08003269   Thumb Code    86  mpu6050apis.o(.text)
    Mpu6050ReadGyro                          0x080032bf   Thumb Code   112  mpu6050apis.o(.text)
    Estimate_State                           0x0800332f   Thumb Code    90  mpu6050apis.o(.text)
    Mpu6050ReadTemp                          0x08003389   Thumb Code    82  mpu6050apis.o(.text)
    Tmp75Init                                0x080033f5   Thumb Code    22  tmp75apis.o(.text)
    Tmp75ReadTemperature                     0x0800340b   Thumb Code    86  tmp75apis.o(.text)
    Us2400WriteShortReg                      0x08003465   Thumb Code    46  us2400apis.o(.text)
    Us2400WriteLongReg                       0x08003493   Thumb Code    66  us2400apis.o(.text)
    Us2400ReadLongReg                        0x080034d5   Thumb Code    66  us2400apis.o(.text)
    Us2400ReadShortReg                       0x08003517   Thumb Code    44  us2400apis.o(.text)
    Us2400Init                               0x08003543   Thumb Code   474  us2400apis.o(.text)
    Us2400Tx                                 0x080037bb   Thumb Code   238  us2400apis.o(.text)
    Us2400Rx                                 0x080038a9   Thumb Code    88  us2400apis.o(.text)
    Us2400RxFIFODump                         0x08003901   Thumb Code    46  us2400apis.o(.text)
    Us2400IntoDeepSleep                      0x08003963   Thumb Code   104  us2400apis.o(.text)
    Us2400Resume                             0x080039cb   Thumb Code    64  us2400apis.o(.text)
    Us2400SetTxPower                         0x08003a0b   Thumb Code    80  us2400apis.o(.text)
    Us2400SingleTone                         0x08003a5b   Thumb Code    76  us2400apis.o(.text)
    Us2400ContinueWave                       0x08003aa7   Thumb Code   134  us2400apis.o(.text)
    RF_Tx                                    0x08003b3d   Thumb Code   130  txrx.o(.text)
    broadcastSend                            0x08003bbf   Thumb Code   170  txrx.o(.text)
    autonet_header_check                     0x08003c69   Thumb Code    24  txrx.o(.text)
    RF_Rx                                    0x08003c81   Thumb Code   218  txrx.o(.text)
    RF_RX_AUTONET                            0x08003d5b   Thumb Code   180  txrx.o(.text)
    packet_receive                           0x08003e0f   Thumb Code   258  txrx.o(.text)
    getSrcAddr                               0x08003f11   Thumb Code   136  txrx.o(.text)
    getDestAddr                              0x08003f99   Thumb Code    24  txrx.o(.text)
    getSrcPanID                              0x08003fb1   Thumb Code    24  txrx.o(.text)
    getDestPanID                             0x08003fc9   Thumb Code    24  txrx.o(.text)
    getSeqNum                                0x08003fe1   Thumb Code    20  txrx.o(.text)
    getFrameControl                          0x08003ff5   Thumb Code    24  txrx.o(.text)
    getPayload                               0x0800400d   Thumb Code    36  txrx.o(.text)
    getPayloadLength                         0x08004031   Thumb Code    20  txrx.o(.text)
    headerCheck_AutoNet                      0x08004045   Thumb Code    22  txrx.o(.text)
    Group_Configuration                      0x0800405b   Thumb Code    38  txrx.o(.text)
    Group_Diff                               0x08004081   Thumb Code   270  txrx.o(.text)
    My_Table_Configuration                   0x0800418f   Thumb Code    40  txrx.o(.text)
    lighting                                 0x080041b7   Thumb Code    46  txrx.o(.text)
    COM1_Configuration                       0x08004201   Thumb Code   150  com.o(.text)
    COM1_Tx                                  0x08004297   Thumb Code    68  com.o(.text)
    COM2_Configuration                       0x080042db   Thumb Code   150  com.o(.text)
    COM2_Tx                                  0x08004371   Thumb Code    68  com.o(.text)
    COM_Configuration                        0x080043b5   Thumb Code   150  com.o(.text)
    COM_Tx                                   0x0800444b   Thumb Code    68  com.o(.text)
    InitialCheck                             0x080044b1   Thumb Code    46  autonetapis.o(.text)
    PIN_ON                                   0x080044df   Thumb Code    16  autonetapis.o(.text)
    PIN_OFF                                  0x080044ef   Thumb Code    18  autonetapis.o(.text)
    Initialization                           0x0800459d   Thumb Code   126  autonetapis.o(.text)
    Autonet_Config                           0x0800461b   Thumb Code    40  autonetapis.o(.text)
    Autonet_search_type                      0x08004643   Thumb Code     2  autonetapis.o(.text)
    data_fetch                               0x08004645   Thumb Code    52  autonetapis.o(.text)
    Mag_flatsurface                          0x08004679   Thumb Code   128  autonetapis.o(.text)
    Mag_Error_Handle                         0x080046f9   Thumb Code   962  autonetapis.o(.text)
    get_direction                            0x08004abb   Thumb Code   262  autonetapis.o(.text)
    get_gps                                  0x08004bc1   Thumb Code    40  autonetapis.o(.text)
    update_sensor_table                      0x08004be9   Thumb Code    76  autonetapis.o(.text)
    getcompasscourse                         0x08004c35   Thumb Code   628  autonetapis.o(.text)
    RF_beacon                                0x08004ea9   Thumb Code   196  autonetapis.o(.text)
    RF_WakeUp                                0x08004f6d   Thumb Code    28  autonetapis.o(.text)
    strstr                                   0x08004fd1   Thumb Code    40  strstr.o(.text)
    memcmp                                   0x08004ff9   Thumb Code    90  memcmp.o(.text)
    strlen                                   0x08005055   Thumb Code    62  strlen.o(.text)
    __aeabi_memcpy                           0x08005099   Thumb Code   130  rt_memcpy.o(.text)
    __rt_memcpy                              0x08005099   Thumb Code     0  rt_memcpy.o(.text)
    _memset_w                                0x0800511b   Thumb Code    26  rt_memclr.o(.text)
    _memset                                  0x08005135   Thumb Code    30  rt_memclr.o(.text)
    __aeabi_memclr                           0x08005153   Thumb Code     4  rt_memclr.o(.text)
    __rt_memclr                              0x08005153   Thumb Code     0  rt_memclr.o(.text)
    __aeabi_memclr4                          0x08005157   Thumb Code     0  rt_memclr.o(.text)
    __aeabi_memclr8                          0x08005157   Thumb Code     0  rt_memclr.o(.text)
    __rt_memclr_w                            0x08005157   Thumb Code     4  rt_memclr.o(.text)
    __aeabi_uidiv                            0x0800515b   Thumb Code     0  aeabi_sdiv.o(.text)
    __aeabi_uidivmod                         0x0800515b   Thumb Code    20  aeabi_sdiv.o(.text)
    __aeabi_idiv                             0x0800516f   Thumb Code     0  aeabi_sdiv.o(.text)
    __aeabi_idivmod                          0x0800516f   Thumb Code   326  aeabi_sdiv.o(.text)
    __use_two_region_memory                  0x080052b5   Thumb Code     2  heapauxi.o(.text)
    __rt_heap_escrow$2region                 0x080052b7   Thumb Code     2  heapauxi.o(.text)
    __rt_heap_expand$2region                 0x080052b9   Thumb Code     2  heapauxi.o(.text)
    __aeabi_d2f                              0x080052bd   Thumb Code     0  d2f.o(.text)
    _d2f                                     0x080052bd   Thumb Code   120  d2f.o(.text)
    __aeabi_dadd                             0x08005631   Thumb Code     0  daddsub.o(.text)
    _dadd                                    0x08005631   Thumb Code    26  daddsub.o(.text)
    __aeabi_dsub                             0x0800564b   Thumb Code     0  daddsub.o(.text)
    _dsub                                    0x0800564b   Thumb Code    22  daddsub.o(.text)
    __aeabi_drsub                            0x08005661   Thumb Code     0  daddsub.o(.text)
    _drsb                                    0x08005661   Thumb Code    28  daddsub.o(.text)
    __aeabi_ddiv                             0x08005691   Thumb Code     0  ddiv.o(.text)
    _ddiv                                    0x08005691   Thumb Code  1072  ddiv.o(.text)
    _drdiv                                   0x08005ac1   Thumb Code    20  ddiv.o(.text)
    __aeabi_d2iz                             0x08005ad9   Thumb Code     0  dfixi.o(.text)
    _dfix                                    0x08005ad9   Thumb Code    98  dfixi.o(.text)
    __aeabi_d2uiz                            0x08005b45   Thumb Code     0  dfixui.o(.text)
    _dfixu                                   0x08005b45   Thumb Code    68  dfixui.o(.text)
    __aeabi_i2d_normalise                    0x08005b8d   Thumb Code    66  dflti.o(.text)
    __aeabi_i2d                              0x08005bcf   Thumb Code    16  dflti.o(.text)
    _dflt                                    0x08005bcf   Thumb Code     0  dflti.o(.text)
    __aeabi_ui2d                             0x08005bdf   Thumb Code     6  dflti.o(.text)
    _dfltu                                   0x08005bdf   Thumb Code     0  dflti.o(.text)
    __aeabi_dmul                             0x08005be5   Thumb Code     0  dmul.o(.text)
    _dmul                                    0x08005be5   Thumb Code   558  dmul.o(.text)
    __aeabi_f2d                              0x08005e2d   Thumb Code     0  f2d.o(.text)
    _f2d                                     0x08005e2d   Thumb Code    80  f2d.o(.text)
    __aeabi_fdiv                             0x08005e81   Thumb Code     0  fdiv.o(.text)
    _fdiv                                    0x08005e81   Thumb Code   334  fdiv.o(.text)
    _frdiv                                   0x08005fcf   Thumb Code     8  fdiv.o(.text)
    __aeabi_f2iz                             0x08005fe1   Thumb Code     0  ffixi.o(.text)
    _ffix                                    0x08005fe1   Thumb Code    76  ffixi.o(.text)
    __aeabi_i2f_normalise                    0x0800602d   Thumb Code    72  fflti.o(.text)
    __aeabi_i2f                              0x08006075   Thumb Code    16  fflti.o(.text)
    _fflt                                    0x08006075   Thumb Code     0  fflti.o(.text)
    __aeabi_ui2f                             0x08006085   Thumb Code     6  fflti.o(.text)
    _ffltu                                   0x08006085   Thumb Code     0  fflti.o(.text)
    __read_errno                             0x0800608b   Thumb Code    10  _rserrno.o(.text)
    __set_errno                              0x08006095   Thumb Code    12  _rserrno.o(.text)
    __ARM_scalbn                             0x080060a1   Thumb Code    84  dscalbn.o(.text)
    _dsqrt                                   0x08006101   Thumb Code   248  dsqrt.o(.text)
    __aeabi_errno_addr                       0x08006201   Thumb Code     8  rt_errno_addr_intlibspace.o(.text)
    __errno$intlibspace                      0x08006201   Thumb Code     0  rt_errno_addr_intlibspace.o(.text)
    __rt_errno_addr$intlibspace              0x08006201   Thumb Code     0  rt_errno_addr_intlibspace.o(.text)
    __fpl_dcmp_InfNaN                        0x08006209   Thumb Code   140  dcmpin.o(.text)
    __user_libspace                          0x08006299   Thumb Code     8  libspace.o(.text)
    __user_perproc_libspace                  0x08006299   Thumb Code     0  libspace.o(.text)
    __user_perthread_libspace                0x08006299   Thumb Code     0  libspace.o(.text)
    __user_setup_stackheap                   0x080062a1   Thumb Code    62  sys_stackheap_outer.o(.text)
    exit                                     0x080062df   Thumb Code    12  exit.o(.text)
    __fpl_cmpreturn                          0x080062ed   Thumb Code    44  cmpret.o(.text)
    __fpl_dcheck_NaN2                        0x0800631d   Thumb Code    14  dnan2.o(.text)
    __fpl_return_NaN                         0x08006331   Thumb Code    94  retnan.o(.text)
    _sys_exit                                0x08006391   Thumb Code     8  sys_exit.o(.text)
    __I$use$semihosting                      0x0800639d   Thumb Code     0  use_no_semi.o(.text)
    __use_no_semihosting_swi                 0x0800639d   Thumb Code     2  use_no_semi.o(.text)
    __decompress                             0x0800639f   Thumb Code     0  __dczerorl2.o(.text)
    __decompress1                            0x0800639f   Thumb Code    86  __dczerorl2.o(.text)
    __semihosting_library_function           0x0800639f   Thumb Code     0  indicate_semi.o(.text)
    __ARM_common_ll_muluu                    0x080063f5   Thumb Code    50  rred.o(i.__ARM_common_ll_muluu)
    __ARM_fpclassify                         0x08006429   Thumb Code    40  fpclassify.o(i.__ARM_fpclassify)
    __ieee754_rem_pio2                       0x08006455   Thumb Code   838  rred.o(i.__ieee754_rem_pio2)
    __kernel_cos                             0x080067f1   Thumb Code   224  cos_i.o(i.__kernel_cos)
    __kernel_poly                            0x080068e5   Thumb Code   172  poly.o(i.__kernel_poly)
    __kernel_sin                             0x08006991   Thumb Code   222  sin_i.o(i.__kernel_sin)
    __mathlib_dbl_divzero                    0x08006a7d   Thumb Code    16  dunder.o(i.__mathlib_dbl_divzero)
    __mathlib_dbl_infnan                     0x08006a91   Thumb Code    10  dunder.o(i.__mathlib_dbl_infnan)
    __mathlib_dbl_infnan2                    0x08006a9b   Thumb Code     8  dunder.o(i.__mathlib_dbl_infnan2)
    __mathlib_dbl_invalid                    0x08006aa3   Thumb Code    16  dunder.o(i.__mathlib_dbl_invalid)
    __mathlib_dbl_overflow                   0x08006ab5   Thumb Code    16  dunder.o(i.__mathlib_dbl_overflow)
    __mathlib_dbl_underflow                  0x08006ac9   Thumb Code    14  dunder.o(i.__mathlib_dbl_underflow)
    atan                                     0x08006add   Thumb Code   472  atan.o(i.atan)
    atan2                                    0x08006cf9   Thumb Code   334  atan2.o(i.atan2)
    cos                                      0x08006e71   Thumb Code   142  cos.o(i.cos)
    pow                                      0x08006f09   Thumb Code  2428  pow.o(i.pow)
    sin                                      0x08007889   Thumb Code   146  sin.o(i.sin)
    sqrt                                     0x08007925   Thumb Code    66  sqrt.o(i.sqrt)
    __aeabi_cdrcmple                         0x0800796d   Thumb Code     0  drlef.o(x$fpl$drleqf)
    _drcmple                                 0x0800796d   Thumb Code   100  drlef.o(x$fpl$drleqf)
    __aeabi_fadd                             0x080079d5   Thumb Code     0  faddsub.o(x$fpl$fadd)
    _fadd                                    0x080079d5   Thumb Code   134  faddsub.o(x$fpl$fadd)
    __aeabi_fmul                             0x08007a61   Thumb Code     0  fmul.o(x$fpl$fmul)
    _fmul                                    0x08007a61   Thumb Code   172  fmul.o(x$fpl$fmul)
    __aeabi_fsub                             0x08007b11   Thumb Code     0  faddsub.o(x$fpl$fsub)
    _fsub                                    0x08007b11   Thumb Code   204  faddsub.o(x$fpl$fsub)
    __I$use$fp                               0x08007be0   Number         0  usenofp.o(x$fpl$usenofp)
    __mathlib_zero                           0x08007df0   Data           8  qnan.o(.constdata)
    Region$$Table$$Base                      0x08007ee8   Number         0  anon$$obj.o(Region$$Table)
    Region$$Table$$Limit                     0x08007f08   Number         0  anon$$obj.o(Region$$Table)
    SystemCoreClock                          0x20000010   Data           4  system_stm32f0xx.o(.data)
    AHBPrescTable                            0x20000014   Data          16  system_stm32f0xx.o(.data)
    function                                 0x20000024   Data           4  stm32f0xx_it.o(.data)
    Timer_Connect_Flag_Beacon                0x20000028   Data           4  stm32f0xx_it.o(.data)
    timer_ticks_Beacon                       0x2000002c   Data           4  stm32f0xx_it.o(.data)
    timer_period_Beacon                      0x20000030   Data           4  stm32f0xx_it.o(.data)
    timer_flag_Beacon                        0x20000034   Data           4  stm32f0xx_it.o(.data)
    timer_flag                               0x20000038   Data           8  stm32f0xx_it.o(.data)
    TimObj                                   0x20000040   Data          68  st.o(.data)
    Temp                                     0x20000084   Data           1  lea6sapis.o(.data)
    TempBufferCount                          0x20000085   Data           1  lea6sapis.o(.data)
    GPSDataReady                             0x20000086   Data           1  lea6sapis.o(.data)
    p                                        0x20000088   Data           4  lea6sapis.o(.data)
    CommandTxBuffer                          0x2000008c   Data          64  mcp2120apis.o(.data)
    CommandRxBufferLen                       0x200000cc   Data           1  mcp2120apis.o(.data)
    CommandRxBufferLen2                      0x200000cd   Data           1  mcp2120apis.o(.data)
    ax_offset                                0x200000d0   Data           2  mpu6050apis.o(.data)
    ay_offset                                0x200000d2   Data           2  mpu6050apis.o(.data)
    az_offset                                0x200000d4   Data           2  mpu6050apis.o(.data)
    initial                                  0x200000d8   Data           4  mpu6050apis.o(.data)
    true_x                                   0x200000dc   Data           4  mpu6050apis.o(.data)
    true_y                                   0x200000e0   Data           4  mpu6050apis.o(.data)
    true_z                                   0x200000e4   Data           4  mpu6050apis.o(.data)
    state                                    0x200000e8   Data           4  mpu6050apis.o(.data)
    buffersize                               0x200000ec   Data           4  mpu6050apis.o(.data)
    acel_deadzone                            0x200000f0   Data           4  mpu6050apis.o(.data)
    mean_ax                                  0x200000f4   Data           2  mpu6050apis.o(.data)
    mean_ay                                  0x200000f6   Data           2  mpu6050apis.o(.data)
    mean_az                                  0x200000f8   Data           2  mpu6050apis.o(.data)
    BufferLen                                0x200000fa   Data           2  us2400apis.o(.data)
    SerialNumber                             0x200000fc   Data           1  us2400apis.o(.data)
    DataLen_temp                             0x20000100   Data           1  txrx.o(.data)
    Group_count                              0x20000104   Data           4  txrx.o(.data)
    Group_flag                               0x20000108   Data           4  txrx.o(.data)
    num                                      0x2000010c   Data           4  txrx.o(.data)
    i                                        0x20000110   Data           4  txrx.o(.data)
    j                                        0x20000114   Data           4  txrx.o(.data)
    k                                        0x20000118   Data           4  txrx.o(.data)
    gps_m                                    0x2000011c   Data           4  txrx.o(.data)
    CheckTime                                0x20000120   Data           4  txrx.o(.data)
    ConfirmGroupTime                         0x20000124   Data           4  txrx.o(.data)
    Group                                    0x20000128   Data           6  txrx.o(.data)
    Condition                                0x2000012e   Data          24  txrx.o(.data)
    NbrOfDataToTransfer                      0x20000146   Data           1  com.o(.data)
    NbrOfDataToRead                          0x20000147   Data           1  com.o(.data)
    UartTxCount                              0x20000148   Data           1  com.o(.data)
    UartRxCount                              0x2000014a   Data           2  com.o(.data)
    UartTxState                              0x2000014c   Data           1  com.o(.data)
    UartRxState                              0x2000014d   Data           1  com.o(.data)
    ID                                       0x20000150   Data           2  autonetapis.o(.data)
    TYPE                                     0x20000152   Data           2  autonetapis.o(.data)
    CommanderID                              0x20000154   Data           1  autonetapis.o(.data)
    DataLen                                  0x20000155   Data           1  autonetapis.o(.data)
    RFLqi                                    0x20000156   Data           1  autonetapis.o(.data)
    RFRssi                                   0x20000157   Data           1  autonetapis.o(.data)
    rssi                                     0x20000158   Data           1  autonetapis.o(.data)
    framelength                              0x20000159   Data           1  autonetapis.o(.data)
    RFTxState                                0x2000015a   Data           1  autonetapis.o(.data)
    RFRxState                                0x2000015b   Data           1  autonetapis.o(.data)
    RFSleepState                             0x2000015c   Data           1  autonetapis.o(.data)
    TimeoutFlag                              0x2000015d   Data           1  autonetapis.o(.data)
    lightState                               0x2000015e   Data           1  autonetapis.o(.data)
    AK8975MagX                               0x20000160   Data           2  autonetapis.o(.data)
    AK8975MagY                               0x20000162   Data           2  autonetapis.o(.data)
    AK8975MagZ                               0x20000164   Data           2  autonetapis.o(.data)
    MPU6050AccX                              0x20000166   Data           2  autonetapis.o(.data)
    MPU6050AccY                              0x20000168   Data           2  autonetapis.o(.data)
    MPU6050AccZ                              0x2000016a   Data           2  autonetapis.o(.data)
    MPU6050GyroX                             0x2000016c   Data           2  autonetapis.o(.data)
    MPU6050GyroY                             0x2000016e   Data           2  autonetapis.o(.data)
    MPU6050GyroZ                             0x20000170   Data           2  autonetapis.o(.data)
    RealspeedH                               0x20000172   Data           1  autonetapis.o(.data)
    RealspeedL                               0x20000173   Data           1  autonetapis.o(.data)
    Temperature                              0x20000174   Data           4  autonetapis.o(.data)
    Lux                                      0x20000178   Data           2  autonetapis.o(.data)
    Mag3110MagX                              0x2000017a   Data           2  autonetapis.o(.data)
    Mag3110MagY                              0x2000017c   Data           2  autonetapis.o(.data)
    Mag3110MagZ                              0x2000017e   Data           2  autonetapis.o(.data)
    time                                     0x20000180   Data           4  autonetapis.o(.data)
    flat_heading                             0x20000184   Data           4  autonetapis.o(.data)
    tilt_heading                             0x20000188   Data           4  autonetapis.o(.data)
    flat_headingH                            0x2000018c   Data           1  autonetapis.o(.data)
    flat_headingL                            0x2000018d   Data           1  autonetapis.o(.data)
    max_x                                    0x2000018e   Data           2  autonetapis.o(.data)
    min_x                                    0x20000190   Data           2  autonetapis.o(.data)
    max_y                                    0x20000192   Data           2  autonetapis.o(.data)
    min_y                                    0x20000194   Data           2  autonetapis.o(.data)
    max_z                                    0x20000196   Data           2  autonetapis.o(.data)
    min_z                                    0x20000198   Data           2  autonetapis.o(.data)
    Speed_x                                  0x2000019c   Data           4  autonetapis.o(.data)
    Speed_y                                  0x200001a0   Data           4  autonetapis.o(.data)
    Speed_z                                  0x200001a4   Data           4  autonetapis.o(.data)
    Speed                                    0x200001a8   Data           2  autonetapis.o(.data)
    drive                                    0x200001ac   Data           4  autonetapis.o(.data)
    PI                                       0x200001b0   Data           8  autonetapis.o(.data)
    s1                                       0x200001b8   Data           2  autonetapis.o(.data)
    s2                                       0x200001ba   Data           2  autonetapis.o(.data)
    FrontID                                  0x200001bc   Data           1  autonetapis.o(.data)
    RearID                                   0x200001bd   Data           1  autonetapis.o(.data)
    Lat                                      0x200001be   Data           1  autonetapis.o(.data)
    Long                                     0x200001bf   Data           1  autonetapis.o(.data)
    Lat_deg                                  0x200001c0   Data           1  autonetapis.o(.data)
    Lat_min                                  0x200001c1   Data           1  autonetapis.o(.data)
    Lat_sec                                  0x200001c2   Data           1  autonetapis.o(.data)
    Lat_dir                                  0x200001c3   Data           1  autonetapis.o(.data)
    Long_deg                                 0x200001c4   Data           1  autonetapis.o(.data)
    Long_min                                 0x200001c5   Data           1  autonetapis.o(.data)
    Long_sec                                 0x200001c6   Data           1  autonetapis.o(.data)
    Long_dir                                 0x200001c7   Data           1  autonetapis.o(.data)
    pos1                                     0x200001c8   Data           1  autonetapis.o(.data)
    pos2                                     0x200001c9   Data           1  autonetapis.o(.data)
    Timer_Connect_Flag                       0x200001cc   Data          32  stm32f0xx_it.o(.bss)
    timer_ticks                              0x200001ec   Data          32  stm32f0xx_it.o(.bss)
    timer_period                             0x2000020c   Data          32  stm32f0xx_it.o(.bss)
    TempBuffer                               0x2000022c   Data          64  lea6sapis.o(.bss)
    CommandRxBuffer                          0x2000026c   Data          64  mcp2120apis.o(.bss)
    CommandRxBuffer2                         0x200002ac   Data          64  mcp2120apis.o(.bss)
    Buffer                                   0x200002ec   Data         256  us2400apis.o(.bss)
    Value                                    0x200003ec   Data         256  us2400apis.o(.bss)
    TxBuff                                   0x200004ec   Data         256  us2400apis.o(.bss)
    RxBuff                                   0x200005ec   Data         256  us2400apis.o(.bss)
    TxTempBuff                               0x200006ec   Data         256  us2400apis.o(.bss)
    Data_table                               0x200007ec   Data         144  txrx.o(.bss)
    My_Data_table                            0x2000087c   Data          24  txrx.o(.bss)
    UartTxBuffer                             0x20000894   Data         255  com.o(.bss)
    UartRxBuffer                             0x20000993   Data         255  com.o(.bss)
    RFTxBuffer                               0x20000a92   Data         255  autonetapis.o(.bss)
    Data                                     0x20000b91   Data         128  autonetapis.o(.bss)
    pTxData                                  0x20000c11   Data         128  autonetapis.o(.bss)
    pRxData                                  0x20000c91   Data         128  autonetapis.o(.bss)
    __libspace_start                         0x20000d14   Data          96  libspace.o(.bss)
    __temporary_stack_top$libspace           0x20000d74   Data           0  libspace.o(.bss)



==============================================================================

Memory Map of the image

  Image Entry point : 0x08001b15

  Load Region LR_1 (Base: 0x08000000, Size: 0x000080d4, Max: 0xffffffff, ABSOLUTE, COMPRESSED[0x00007f6c])

    Execution Region ER_RO (Base: 0x08000000, Size: 0x00007f08, Max: 0xffffffff, ABSOLUTE)

    Base Addr    Size         Type   Attr      Idx    E Section Name        Object

    0x08000000   0x000000c0   Data   RO          513    RESET               startup_stm32f0xx.o
    0x080000c0   0x00000008   Code   RO         1100  * !!!main             c_p.l(__main.o)
    0x080000c8   0x0000003c   Code   RO         1413    !!!scatter          c_p.l(__scatter.o)
    0x08000104   0x0000001c   Code   RO         1415    !!handler_zi        c_p.l(__scatter_zi.o)
    0x08000120   0x00000002   Code   RO         1278    .ARM.Collect$$libinit$$00000000  c_p.l(libinit.o)
    0x08000122   0x00000000   Code   RO         1293    .ARM.Collect$$libinit$$00000002  c_p.l(libinit2.o)
    0x08000122   0x00000000   Code   RO         1295    .ARM.Collect$$libinit$$00000004  c_p.l(libinit2.o)
    0x08000122   0x00000000   Code   RO         1298    .ARM.Collect$$libinit$$0000000A  c_p.l(libinit2.o)
    0x08000122   0x00000000   Code   RO         1300    .ARM.Collect$$libinit$$0000000C  c_p.l(libinit2.o)
    0x08000122   0x00000000   Code   RO         1302    .ARM.Collect$$libinit$$0000000E  c_p.l(libinit2.o)
    0x08000122   0x00000000   Code   RO         1305    .ARM.Collect$$libinit$$00000011  c_p.l(libinit2.o)
    0x08000122   0x00000000   Code   RO         1307    .ARM.Collect$$libinit$$00000013  c_p.l(libinit2.o)
    0x08000122   0x00000000   Code   RO         1309    .ARM.Collect$$libinit$$00000015  c_p.l(libinit2.o)
    0x08000122   0x00000000   Code   RO         1311    .ARM.Collect$$libinit$$00000017  c_p.l(libinit2.o)
    0x08000122   0x00000000   Code   RO         1313    .ARM.Collect$$libinit$$00000019  c_p.l(libinit2.o)
    0x08000122   0x00000000   Code   RO         1315    .ARM.Collect$$libinit$$0000001B  c_p.l(libinit2.o)
    0x08000122   0x00000000   Code   RO         1317    .ARM.Collect$$libinit$$0000001D  c_p.l(libinit2.o)
    0x08000122   0x00000000   Code   RO         1319    .ARM.Collect$$libinit$$0000001F  c_p.l(libinit2.o)
    0x08000122   0x00000000   Code   RO         1321    .ARM.Collect$$libinit$$00000021  c_p.l(libinit2.o)
    0x08000122   0x00000000   Code   RO         1323    .ARM.Collect$$libinit$$00000023  c_p.l(libinit2.o)
    0x08000122   0x00000000   Code   RO         1325    .ARM.Collect$$libinit$$00000025  c_p.l(libinit2.o)
    0x08000122   0x00000000   Code   RO         1329    .ARM.Collect$$libinit$$0000002C  c_p.l(libinit2.o)
    0x08000122   0x00000000   Code   RO         1331    .ARM.Collect$$libinit$$0000002E  c_p.l(libinit2.o)
    0x08000122   0x00000000   Code   RO         1333    .ARM.Collect$$libinit$$00000030  c_p.l(libinit2.o)
    0x08000122   0x00000000   Code   RO         1335    .ARM.Collect$$libinit$$00000032  c_p.l(libinit2.o)
    0x08000122   0x00000002   Code   RO         1336    .ARM.Collect$$libinit$$00000033  c_p.l(libinit2.o)
    0x08000124   0x00000002   Code   RO         1369    .ARM.Collect$$libshutdown$$00000000  c_p.l(libshutdown.o)
    0x08000126   0x00000000   Code   RO         1396    .ARM.Collect$$libshutdown$$00000003  c_p.l(libshutdown2.o)
    0x08000126   0x00000000   Code   RO         1399    .ARM.Collect$$libshutdown$$00000006  c_p.l(libshutdown2.o)
    0x08000126   0x00000000   Code   RO         1402    .ARM.Collect$$libshutdown$$00000009  c_p.l(libshutdown2.o)
    0x08000126   0x00000000   Code   RO         1404    .ARM.Collect$$libshutdown$$0000000B  c_p.l(libshutdown2.o)
    0x08000126   0x00000000   Code   RO         1407    .ARM.Collect$$libshutdown$$0000000E  c_p.l(libshutdown2.o)
    0x08000126   0x00000002   Code   RO         1408    .ARM.Collect$$libshutdown$$0000000F  c_p.l(libshutdown2.o)
    0x08000128   0x00000000   Code   RO         1176    .ARM.Collect$$rtentry$$00000000  c_p.l(__rtentry.o)
    0x08000128   0x00000000   Code   RO         1238    .ARM.Collect$$rtentry$$00000002  c_p.l(__rtentry2.o)
    0x08000128   0x00000006   Code   RO         1250    .ARM.Collect$$rtentry$$00000004  c_p.l(__rtentry4.o)
    0x0800012e   0x00000000   Code   RO         1240    .ARM.Collect$$rtentry$$00000009  c_p.l(__rtentry2.o)
    0x0800012e   0x00000004   Code   RO         1241    .ARM.Collect$$rtentry$$0000000A  c_p.l(__rtentry2.o)
    0x08000132   0x00000000   Code   RO         1243    .ARM.Collect$$rtentry$$0000000C  c_p.l(__rtentry2.o)
    0x08000132   0x00000008   Code   RO         1244    .ARM.Collect$$rtentry$$0000000D  c_p.l(__rtentry2.o)
    0x0800013a   0x00000002   Code   RO         1284    .ARM.Collect$$rtexit$$00000000  c_p.l(rtexit.o)
    0x0800013c   0x00000000   Code   RO         1342    .ARM.Collect$$rtexit$$00000002  c_p.l(rtexit2.o)
    0x0800013c   0x00000004   Code   RO         1343    .ARM.Collect$$rtexit$$00000003  c_p.l(rtexit2.o)
    0x08000140   0x00000006   Code   RO         1344    .ARM.Collect$$rtexit$$00000004  c_p.l(rtexit2.o)
    0x08000146   0x00000002   PAD
    0x08000148   0x00000038   Code   RO         1088    .emb_text           c_p.l(rt_memcpy.o)
    0x08000180   0x00000170   Code   RO          211    .text               stm32f0xx_dma.o
    0x080002f0   0x000000f8   Code   RO          231    .text               stm32f0xx_exti.o
    0x080003e8   0x000001f0   Code   RO          271    .text               stm32f0xx_gpio.o
    0x080005d8   0x00000496   Code   RO          291    .text               stm32f0xx_i2c.o
    0x08000a6e   0x00000002   PAD
    0x08000a70   0x000000b4   Code   RO          331    .text               stm32f0xx_misc.o
    0x08000b24   0x000005f8   Code   RO          371    .text               stm32f0xx_rcc.o
    0x0800111c   0x000003bc   Code   RO          413    .text               stm32f0xx_spi.o
    0x080014d8   0x000000f0   Code   RO          433    .text               stm32f0xx_syscfg.o
    0x080015c8   0x0000054c   Code   RO          473    .text               stm32f0xx_usart.o
    0x08001b14   0x00000038   Code   RO          514  * .text               startup_stm32f0xx.o
    0x08001b4c   0x000001f8   Code   RO          520    .text               system_stm32f0xx.o
    0x08001d44   0x00000218   Code   RO          564    .text               main.o
    0x08001f5c   0x00000404   Code   RO          630    .text               stm32f0xx_it.o
    0x08002360   0x000001bc   Code   RO          671    .text               spi.o
    0x0800251c   0x000000d8   Code   RO          694    .text               st.o
    0x080025f4   0x00000270   Code   RO          720    .text               i2c.o
    0x08002864   0x000000ec   Code   RO          743    .text               ak8975apis.o
    0x08002950   0x0000005c   Code   RO          772    .text               bh1750fviapis.o
    0x080029ac   0x000001bc   Code   RO          798    .text               lea6sapis.o
    0x08002b68   0x000000ae   Code   RO          833    .text               mag3110apis.o
    0x08002c16   0x00000002   PAD
    0x08002c18   0x000001a0   Code   RO          859    .text               mcp2120apis.o
    0x08002db8   0x0000063c   Code   RO          896    .text               mpu6050apis.o
    0x080033f4   0x00000070   Code   RO          930    .text               tmp75apis.o
    0x08003464   0x000006d8   Code   RO          956    .text               us2400apis.o
    0x08003b3c   0x000006c4   Code   RO          999    .text               txrx.o
    0x08004200   0x000002b0   Code   RO         1027    .text               com.o
    0x080044b0   0x00000b20   Code   RO         1051    .text               autonetapis.o
    0x08004fd0   0x00000028   Code   RO         1082    .text               c_p.l(strstr.o)
    0x08004ff8   0x0000005a   Code   RO         1084    .text               c_p.l(memcmp.o)
    0x08005052   0x00000002   PAD
    0x08005054   0x00000044   Code   RO         1086    .text               c_p.l(strlen.o)
    0x08005098   0x00000082   Code   RO         1089    .text               c_p.l(rt_memcpy.o)
    0x0800511a   0x00000040   Code   RO         1092    .text               c_p.l(rt_memclr.o)
    0x0800515a   0x0000015a   Code   RO         1094    .text               c_p.l(aeabi_sdiv.o)
    0x080052b4   0x00000006   Code   RO         1098    .text               c_p.l(heapauxi.o)
    0x080052ba   0x00000002   PAD
    0x080052bc   0x0000007c   Code   RO         1102    .text               fz_ps.l(d2f.o)
    0x08005338   0x00000358   Code   RO         1104    .text               fz_ps.l(daddsub.o)
    0x08005690   0x00000448   Code   RO         1106    .text               fz_ps.l(ddiv.o)
    0x08005ad8   0x0000006c   Code   RO         1109    .text               fz_ps.l(dfixi.o)
    0x08005b44   0x00000048   Code   RO         1111    .text               fz_ps.l(dfixui.o)
    0x08005b8c   0x00000058   Code   RO         1113    .text               fz_ps.l(dflti.o)
    0x08005be4   0x00000248   Code   RO         1115    .text               fz_ps.l(dmul.o)
    0x08005e2c   0x00000054   Code   RO         1117    .text               fz_ps.l(f2d.o)
    0x08005e80   0x00000160   Code   RO         1125    .text               fz_ps.l(fdiv.o)
    0x08005fe0   0x0000004c   Code   RO         1128    .text               fz_ps.l(ffixi.o)
    0x0800602c   0x0000005e   Code   RO         1130    .text               fz_ps.l(fflti.o)
    0x0800608a   0x00000016   Code   RO         1181    .text               c_p.l(_rserrno.o)
    0x080060a0   0x00000060   Code   RO         1187    .text               fz_ps.l(dscalbn.o)
    0x08006100   0x00000100   Code   RO         1189    .text               fz_ps.l(dsqrt.o)
    0x08006200   0x00000008   Code   RO         1257    .text               c_p.l(rt_errno_addr_intlibspace.o)
    0x08006208   0x00000090   Code   RO         1259    .text               fz_ps.l(dcmpin.o)
    0x08006298   0x00000008   Code   RO         1261    .text               c_p.l(libspace.o)
    0x080062a0   0x0000003e   Code   RO         1264    .text               c_p.l(sys_stackheap_outer.o)
    0x080062de   0x0000000c   Code   RO         1267    .text               c_p.l(exit.o)
    0x080062ea   0x00000002   PAD
    0x080062ec   0x00000030   Code   RO         1279    .text               fz_ps.l(cmpret.o)
    0x0800631c   0x00000014   Code   RO         1281    .text               fz_ps.l(dnan2.o)
    0x08006330   0x0000005e   Code   RO         1337    .text               fz_ps.l(retnan.o)
    0x0800638e   0x00000002   PAD
    0x08006390   0x0000000c   Code   RO         1339    .text               c_p.l(sys_exit.o)
    0x0800639c   0x00000002   Code   RO         1358    .text               c_p.l(use_no_semi.o)
    0x0800639e   0x00000000   Code   RO         1360    .text               c_p.l(indicate_semi.o)
    0x0800639e   0x00000056   Code   RO         1411    .text               c_p.l(__dczerorl2.o)
    0x080063f4   0x00000032   Code   RO         1229    i.__ARM_common_ll_muluu  m_ps.l(rred.o)
    0x08006426   0x00000002   PAD
    0x08006428   0x0000002c   Code   RO         1219    i.__ARM_fpclassify  m_ps.l(fpclassify.o)
    0x08006454   0x0000039c   Code   RO         1224    i.__ieee754_rem_pio2  m_ps.l(rred.o)
    0x080067f0   0x000000f4   Code   RO         1202    i.__kernel_cos      m_ps.l(cos_i.o)
    0x080068e4   0x000000ac   Code   RO         1221    i.__kernel_poly     m_ps.l(poly.o)
    0x08006990   0x000000ec   Code   RO         1231    i.__kernel_sin      m_ps.l(sin_i.o)
    0x08006a7c   0x00000014   Code   RO         1205    i.__mathlib_dbl_divzero  m_ps.l(dunder.o)
    0x08006a90   0x0000000a   Code   RO         1206    i.__mathlib_dbl_infnan  m_ps.l(dunder.o)
    0x08006a9a   0x00000008   Code   RO         1207    i.__mathlib_dbl_infnan2  m_ps.l(dunder.o)
    0x08006aa2   0x00000010   Code   RO         1208    i.__mathlib_dbl_invalid  m_ps.l(dunder.o)
    0x08006ab2   0x00000002   PAD
    0x08006ab4   0x00000014   Code   RO         1209    i.__mathlib_dbl_overflow  m_ps.l(dunder.o)
    0x08006ac8   0x00000014   Code   RO         1211    i.__mathlib_dbl_underflow  m_ps.l(dunder.o)
    0x08006adc   0x0000021c   Code   RO         1193    i.atan              m_ps.l(atan.o)
    0x08006cf8   0x00000178   Code   RO         1135    i.atan2             m_ps.l(atan2.o)
    0x08006e70   0x00000098   Code   RO         1143    i.cos               m_ps.l(cos.o)
    0x08006f08   0x00000980   Code   RO         1151    i.pow               m_ps.l(pow.o)
    0x08007888   0x0000009c   Code   RO         1161    i.sin               m_ps.l(sin.o)
    0x08007924   0x00000048   Code   RO         1169    i.sqrt              m_ps.l(sqrt.o)
    0x0800796c   0x00000068   Code   RO         1185    x$fpl$drleqf        fz_ps.l(drlef.o)
    0x080079d4   0x0000008c   Code   RO         1119    x$fpl$fadd          fz_ps.l(faddsub.o)
    0x08007a60   0x000000b0   Code   RO         1132    x$fpl$fmul          fz_ps.l(fmul.o)
    0x08007b10   0x000000d0   Code   RO         1121    x$fpl$fsub          fz_ps.l(faddsub.o)
    0x08007be0   0x00000000   Code   RO         1191    x$fpl$usenofp       fz_ps.l(usenofp.o)
    0x08007be0   0x00000080   Data   RO         1107    .constdata          fz_ps.l(ddiv.o)
    0x08007c60   0x00000040   Data   RO         1126    .constdata          fz_ps.l(fdiv.o)
    0x08007ca0   0x00000088   Data   RO         1152    .constdata          m_ps.l(pow.o)
    0x08007d28   0x00000098   Data   RO         1194    .constdata          m_ps.l(atan.o)
    0x08007dc0   0x00000030   Data   RO         1203    .constdata          m_ps.l(cos_i.o)
    0x08007df0   0x00000008   Data   RO         1223    .constdata          m_ps.l(qnan.o)
    0x08007df8   0x000000c8   Data   RO         1226    .constdata          m_ps.l(rred.o)
    0x08007ec0   0x00000028   Data   RO         1232    .constdata          m_ps.l(sin_i.o)
    0x08007ee8   0x00000020   Data   RO         1409    Region$$Table       anon$$obj.o


    Execution Region ER_RW (Base: 0x20000000, Size: 0x000001cc, Max: 0xffffffff, ABSOLUTE, COMPRESSED[0x00000064])

    Base Addr    Size         Type   Attr      Idx    E Section Name        Object

    0x20000000   0x00000010   Data   RW          372    .data               stm32f0xx_rcc.o
    0x20000010   0x00000014   Data   RW          521    .data               system_stm32f0xx.o
    0x20000024   0x0000001c   Data   RW          632    .data               stm32f0xx_it.o
    0x20000040   0x00000044   Data   RW          695    .data               st.o
    0x20000084   0x00000008   Data   RW          800    .data               lea6sapis.o
    0x2000008c   0x00000042   Data   RW          861    .data               mcp2120apis.o
    0x200000ce   0x00000002   PAD
    0x200000d0   0x0000002a   Data   RW          897    .data               mpu6050apis.o
    0x200000fa   0x00000003   Data   RW          958    .data               us2400apis.o
    0x200000fd   0x00000003   PAD
    0x20000100   0x00000046   Data   RW         1001    .data               txrx.o
    0x20000146   0x00000008   Data   RW         1029    .data               com.o
    0x2000014e   0x00000002   PAD
    0x20000150   0x0000007a   Data   RW         1053    .data               autonetapis.o


    Execution Region ER_ZI (Base: 0x200001cc, Size: 0x000011ac, Max: 0xffffffff, ABSOLUTE)

    Base Addr    Size         Type   Attr      Idx    E Section Name        Object

    0x200001cc   0x00000060   Zero   RW          631    .bss                stm32f0xx_it.o
    0x2000022c   0x00000040   Zero   RW          799    .bss                lea6sapis.o
    0x2000026c   0x00000080   Zero   RW          860    .bss                mcp2120apis.o
    0x200002ec   0x00000500   Zero   RW          957    .bss                us2400apis.o
    0x200007ec   0x000000a8   Zero   RW         1000    .bss                txrx.o
    0x20000894   0x000001fe   Zero   RW         1028    .bss                com.o
    0x20000a92   0x0000027f   Zero   RW         1052    .bss                autonetapis.o
    0x20000d11   0x00000003   PAD
    0x20000d14   0x00000060   Zero   RW         1262    .bss                c_p.l(libspace.o)
    0x20000d74   0x00000004   PAD
    0x20000d78   0x00000200   Zero   RW          512    HEAP                startup_stm32f0xx.o
    0x20000f78   0x00000400   Zero   RW          511    STACK               startup_stm32f0xx.o


==============================================================================

Image component sizes


      Code (inc. data)   RO Data    RW Data    ZI Data      Debug   Object Name

       236          0          0          0          0        887   ak8975apis.o
      2848        222          0        122        639       8360   autonetapis.o
        92         10          0          0          0        840   bh1750fviapis.o
       688         34          0          8        510       3037   com.o
       624         14          0          0          0       2083   i2c.o
       444         28          0          8         64       2288   lea6sapis.o
       174          0          0          0          0       1181   mag3110apis.o
       536          8          0          0          0       3366   main.o
       416         34          0         66        128       3442   mcp2120apis.o
      1596        102          0         42          0       4419   mpu6050apis.o
       444         12          0          0          0       1305   spi.o
       216         20          0         68          0       7222   st.o
        56         26        192          0       1536        736   startup_stm32f0xx.o
         0          0          0          0          0     136624   stm32f0xx_adc.o
       368         12          0          0          0       3510   stm32f0xx_dma.o
       248         12          0          0          0       2295   stm32f0xx_exti.o
       496         22          0          0          0       3765   stm32f0xx_gpio.o
      1174         24          0          0          0       9894   stm32f0xx_i2c.o
      1028        110          0         28         96       4373   stm32f0xx_it.o
       180         14          0          0          0       1448   stm32f0xx_misc.o
      1528         42          0         16          0       8606   stm32f0xx_rcc.o
       956         42          0          0          0       7691   stm32f0xx_spi.o
       240          4          0          0          0       2038   stm32f0xx_syscfg.o
      1356         16          0          0          0      11894   stm32f0xx_usart.o
       504         34          0         20          0      86491   system_stm32f0xx.o
       112          4          0          0          0        873   tmp75apis.o
      1732        140          0         70        168       7194   txrx.o
      1752         48          0          3       1280       5185   us2400apis.o

    ----------------------------------------------------------------------
     20048       1034        224        460       4424     331047   Object Totals
         0          0         32          0          0          0   (incl. Generated)
         4          0          0          9          3          0   (incl. Padding)

    ----------------------------------------------------------------------

      Code (inc. data)   RO Data    RW Data    ZI Data      Debug   Library Member Name

        86          0          0          0          0          0   __dczerorl2.o
         8          0          0          0          0         68   __main.o
         0          0          0          0          0          0   __rtentry.o
        12          0          0          0          0          0   __rtentry2.o
         6          0          0          0          0          0   __rtentry4.o
        60          8          0          0          0          0   __scatter.o
        28          0          0          0          0          0   __scatter_zi.o
        22          0          0          0          0         92   _rserrno.o
       346          0          0          0          0         92   aeabi_sdiv.o
        12          0          0          0          0         64   exit.o
         6          0          0          0          0        136   heapauxi.o
         0          0          0          0          0          0   indicate_semi.o
         2          0          0          0          0          0   libinit.o
         2          0          0          0          0          0   libinit2.o
         2          0          0          0          0          0   libshutdown.o
         2          0          0          0          0          0   libshutdown2.o
         8          4          0          0         96         68   libspace.o
        90          0          0          0          0         68   memcmp.o
         8          4          0          0          0         68   rt_errno_addr_intlibspace.o
        64          0          0          0          0        108   rt_memclr.o
       186          0          0          0          0        144   rt_memcpy.o
         2          0          0          0          0          0   rtexit.o
        10          0          0          0          0          0   rtexit2.o
        68          6          0          0          0         72   strlen.o
        40          0          0          0          0         72   strstr.o
        12          4          0          0          0         60   sys_exit.o
        62          0          0          0          0         80   sys_stackheap_outer.o
         2          0          0          0          0         68   use_no_semi.o
        48          4          0          0          0         60   cmpret.o
       124          4          0          0          0         72   d2f.o
       856         20          0          0          0        208   daddsub.o
       144          4          0          0          0         76   dcmpin.o
      1096         26        128          0          0        112   ddiv.o
       108         10          0          0          0         72   dfixi.o
        72          4          0          0          0         68   dfixui.o
        88          0          0          0          0         92   dflti.o
       584         26          0          0          0         84   dmul.o
        20          6          0          0          0         68   dnan2.o
       104          4          0          0          0        104   drlef.o
        96         12          0          0          0         72   dscalbn.o
       256          8          0          0          0         76   dsqrt.o
        84          4          0          0          0         60   f2d.o
       348          8          0          0          0        160   faddsub.o
       352         10         64          0          0         92   fdiv.o
        76          0          0          0          0         68   ffixi.o
        94          0          0          0          0         92   fflti.o
       176          4          0          0          0         80   fmul.o
        94          0          0          0          0         68   retnan.o
         0          0          0          0          0          0   usenofp.o
       540         68        152          0          0        112   atan.o
       376         42          0          0          0        144   atan2.o
       152         10          0          0          0        104   cos.o
       244         20         48          0          0         92   cos_i.o
        94         14          0          0          0        408   dunder.o
        44          4          0          0          0         60   fpclassify.o
       172          0          0          0          0         76   poly.o
      2432        202        136          0          0        208   pow.o
         0          0          8          0          0          0   qnan.o
       974         86        200          0          0        200   rred.o
       156         10          0          0          0        104   sin.o
       236         14         40          0          0        100   sin_i.o
        72          6          0          0          0         76   sqrt.o

    ----------------------------------------------------------------------
     11472        656        776          0        100       4728   Library Totals
        14          0          0          0          4          0   (incl. Padding)

    ----------------------------------------------------------------------

      Code (inc. data)   RO Data    RW Data    ZI Data      Debug   Library Name

      1146         26          0          0         96       1260   c_p.l
      4820        154        192          0          0       1784   fz_ps.l
      5492        476        584          0          0       1684   m_ps.l

    ----------------------------------------------------------------------
     11472        656        776          0        100       4728   Library Totals

    ----------------------------------------------------------------------

==============================================================================


      Code (inc. data)   RO Data    RW Data    ZI Data      Debug   

     31520       1690       1000        460       4524     331319   Grand Totals
     31520       1690       1000        100       4524     331319   ELF Image Totals (compressed)
     31520       1690       1000        100          0          0   ROM Totals

==============================================================================

    Total RO  Size (Code + RO Data)                32520 (  31.76kB)
    Total RW  Size (RW Data + ZI Data)              4984 (   4.87kB)
    Total ROM Size (Code + RO Data + RW Data)      32620 (  31.86kB)

==============================================================================

